Archive member included because of file (symbol)

/usr/bin/../lib/gcc/arm-none-eabi/4.9.3/armv7-m/libgcc.a(_aeabi_uldivmod.o)
                              obj_cc2538dk/strformat.o (__aeabi_uldivmod)
/usr/bin/../lib/gcc/arm-none-eabi/4.9.3/armv7-m/libgcc.a(bpabi.o)
                              /usr/bin/../lib/gcc/arm-none-eabi/4.9.3/armv7-m/libgcc.a(_aeabi_uldivmod.o) (__gnu_uldivmod_helper)
/usr/bin/../lib/gcc/arm-none-eabi/4.9.3/armv7-m/libgcc.a(_dvmd_tls.o)
                              /usr/bin/../lib/gcc/arm-none-eabi/4.9.3/armv7-m/libgcc.a(_aeabi_uldivmod.o) (__aeabi_ldiv0)
/usr/bin/../lib/gcc/arm-none-eabi/4.9.3/armv7-m/libgcc.a(_divdi3.o)
                              /usr/bin/../lib/gcc/arm-none-eabi/4.9.3/armv7-m/libgcc.a(bpabi.o) (__divdi3)
/usr/bin/../lib/gcc/arm-none-eabi/4.9.3/armv7-m/libgcc.a(_udivdi3.o)
                              /usr/bin/../lib/gcc/arm-none-eabi/4.9.3/armv7-m/libgcc.a(bpabi.o) (__udivdi3)
/usr/bin/../lib/gcc/arm-none-eabi/4.9.3/../../../../arm-none-eabi/lib/armv7-m/libc.a(lib_a-memcmp.o)
                              obj_cc2538dk/slip.o (memcmp)
/usr/bin/../lib/gcc/arm-none-eabi/4.9.3/../../../../arm-none-eabi/lib/armv7-m/libc.a(lib_a-memcpy.o)
                              obj_cc2538dk/slip.o (memcpy)
/usr/bin/../lib/gcc/arm-none-eabi/4.9.3/../../../../arm-none-eabi/lib/armv7-m/libc.a(lib_a-memmove.o)
                              obj_cc2538dk/mmem.o (memmove)
/usr/bin/../lib/gcc/arm-none-eabi/4.9.3/../../../../arm-none-eabi/lib/armv7-m/libc.a(lib_a-memset.o)
                              obj_cc2538dk/gpio.o (memset)
/usr/bin/../lib/gcc/arm-none-eabi/4.9.3/../../../../arm-none-eabi/lib/armv7-m/libc.a(lib_a-reent.o)
                              obj_cc2538dk/syscalls.o (errno)
/usr/bin/../lib/gcc/arm-none-eabi/4.9.3/../../../../arm-none-eabi/lib/armv7-m/libc.a(lib_a-strcmp.o)
                              obj_cc2538dk/cfs-coffee.o (strcmp)
/usr/bin/../lib/gcc/arm-none-eabi/4.9.3/../../../../arm-none-eabi/lib/armv7-m/libc.a(lib_a-strlen.o)
                              obj_cc2538dk/sensors.o (strlen)
/usr/bin/../lib/gcc/arm-none-eabi/4.9.3/../../../../arm-none-eabi/lib/armv7-m/libc.a(lib_a-strncmp.o)
                              obj_cc2538dk/sensors.o (strncmp)
/usr/bin/../lib/gcc/arm-none-eabi/4.9.3/../../../../arm-none-eabi/lib/armv7-m/libc.a(lib_a-strncpy.o)
                              obj_cc2538dk/cfs-coffee.o (strncpy)
/usr/bin/../lib/gcc/arm-none-eabi/4.9.3/../../../../arm-none-eabi/lib/armv7-m/libc.a(lib_a-freer.o)
                              /usr/bin/../lib/gcc/arm-none-eabi/4.9.3/../../../../arm-none-eabi/lib/armv7-m/libc.a(lib_a-reent.o) (_free_r)
/usr/bin/../lib/gcc/arm-none-eabi/4.9.3/../../../../arm-none-eabi/lib/armv7-m/libc.a(lib_a-impure.o)
                              /usr/bin/../lib/gcc/arm-none-eabi/4.9.3/../../../../arm-none-eabi/lib/armv7-m/libc.a(lib_a-reent.o) (_impure_ptr)
/usr/bin/../lib/gcc/arm-none-eabi/4.9.3/../../../../arm-none-eabi/lib/armv7-m/libc.a(lib_a-mallocr.o)
                              /usr/bin/../lib/gcc/arm-none-eabi/4.9.3/../../../../arm-none-eabi/lib/armv7-m/libc.a(lib_a-freer.o) (__malloc_current_mallinfo)
/usr/bin/../lib/gcc/arm-none-eabi/4.9.3/../../../../arm-none-eabi/lib/armv7-m/libc.a(lib_a-mlock.o)
                              /usr/bin/../lib/gcc/arm-none-eabi/4.9.3/../../../../arm-none-eabi/lib/armv7-m/libc.a(lib_a-freer.o) (__malloc_lock)
/usr/bin/../lib/gcc/arm-none-eabi/4.9.3/../../../../arm-none-eabi/lib/armv7-m/libc.a(lib_a-sbrkr.o)
                              /usr/bin/../lib/gcc/arm-none-eabi/4.9.3/../../../../arm-none-eabi/lib/armv7-m/libc.a(lib_a-freer.o) (_sbrk_r)

Allocating common symbols
Common symbol       size              file

compower_idle_activity
                    0x8               obj_cc2538dk/compower.o
usb_setup_buffer    0x8               obj_cc2538dk/usb-core.o
errno               0x4               /usr/bin/../lib/gcc/arm-none-eabi/4.9.3/../../../../arm-none-eabi/lib/armv7-m/libc.a(lib_a-reent.o)
slip_active         0x1               obj_cc2538dk/slip.o
rimestats           0x48              obj_cc2538dk/rimestats.o
packetbuf_addrs     0x8               obj_cc2538dk/packetbuf.o
linkaddr_node_addr  0x2               obj_cc2538dk/linkaddr.o
packetbuf_attrs     0x34              obj_cc2538dk/packetbuf.o
stats               0x38              obj_cc2538dk/collect.o
avail_memory        0x4               obj_cc2538dk/mmem.o
sensors_flags       0x9               obj_cc2538dk/smartrf-sensors.o
serial_line_event_message
                    0x1               obj_cc2538dk/serial-line.o
sensors_event       0x1               obj_cc2538dk/sensors.o

Discarded input sections

 .text          0x00000000        0x0 obj_cc2538dk/startup-gcc.o
 .data          0x00000000        0x0 obj_cc2538dk/startup-gcc.o
 .bss           0x00000000        0x0 obj_cc2538dk/startup-gcc.o
 .text          0x00000000        0x0 obj_cc2538dk/leds.o
 .data          0x00000000        0x0 obj_cc2538dk/leds.o
[...]
Memory Configuration

Name             Origin             Length             Attributes
FLASH_FW         0x00200000         0x0007ffd4         xr
FLASH_CCA        0x0027ffd4         0x0000002c         xr
NRSRAM           0x20000000         0x00000000         xrw
FRSRAM           0x20000000         0x00008000         xrw
*default*        0x00000000         0xffffffff

Linker script and memory map

LOAD obj_cc2538dk/startup-gcc.o
LOAD obj_cc2538dk/leds.o
LOAD obj_cc2538dk/leds-arch.o
LOAD obj_cc2538dk/contiki-main.o
LOAD obj_cc2538dk/sensors.o
LOAD obj_cc2538dk/smartrf-sensors.o
LOAD obj_cc2538dk/button-sensor.o
LOAD obj_cc2538dk/als-sensor.o
LOAD obj_cc2538dk/clock.o
LOAD obj_cc2538dk/rtimer-arch.o
LOAD obj_cc2538dk/uart.o
LOAD obj_cc2538dk/watchdog.o
LOAD obj_cc2538dk/nvic.o
LOAD obj_cc2538dk/cpu.o
LOAD obj_cc2538dk/sys-ctrl.o
LOAD obj_cc2538dk/gpio.o
LOAD obj_cc2538dk/ioc.o
LOAD obj_cc2538dk/spi.o
LOAD obj_cc2538dk/adc.o
LOAD obj_cc2538dk/crypto.o
LOAD obj_cc2538dk/aes.o
LOAD obj_cc2538dk/ecb.o
LOAD obj_cc2538dk/cbc.o
LOAD obj_cc2538dk/ctr.o
LOAD obj_cc2538dk/cbc-mac.o
LOAD obj_cc2538dk/gcm.o
LOAD obj_cc2538dk/ccm.o
LOAD obj_cc2538dk/sha256.o
LOAD obj_cc2538dk/cc2538-aes-128.o
LOAD obj_cc2538dk/cc2538-ccm-star.o
LOAD obj_cc2538dk/cc2538-rf.o
LOAD obj_cc2538dk/udma.o
LOAD obj_cc2538dk/lpm.o
LOAD obj_cc2538dk/pka.o
LOAD obj_cc2538dk/bignum-driver.o
LOAD obj_cc2538dk/ecc-driver.o
LOAD obj_cc2538dk/ecc-algorithm.o
LOAD obj_cc2538dk/ecc-curve.o
LOAD obj_cc2538dk/dbg.o
LOAD obj_cc2538dk/ieee-addr.o
LOAD obj_cc2538dk/slip-arch.o
LOAD obj_cc2538dk/slip.o
LOAD obj_cc2538dk/i2c.o
LOAD obj_cc2538dk/cc2538-temp-sensor.o
LOAD obj_cc2538dk/vdd3-sensor.o
LOAD obj_cc2538dk/cfs-coffee.o
LOAD obj_cc2538dk/cfs-coffee-arch.o
LOAD obj_cc2538dk/pwm.o
LOAD obj_cc2538dk/dbg-printf.o
LOAD obj_cc2538dk/dbg-snprintf.o
LOAD obj_cc2538dk/dbg-sprintf.o
LOAD obj_cc2538dk/strformat.o
LOAD obj_cc2538dk/usb-core.o
LOAD obj_cc2538dk/cdc-acm.o
LOAD obj_cc2538dk/usb-arch.o
LOAD obj_cc2538dk/usb-serial.o
LOAD obj_cc2538dk/cdc-acm-descriptors.o
LOAD obj_cc2538dk/arg.o
LOAD obj_cc2538dk/autostart.o
LOAD obj_cc2538dk/compower.o
LOAD obj_cc2538dk/ctimer.o
LOAD obj_cc2538dk/energest.o
LOAD obj_cc2538dk/etimer.o
LOAD obj_cc2538dk/mt.o
LOAD obj_cc2538dk/process.o
LOAD obj_cc2538dk/procinit.o
LOAD obj_cc2538dk/rtimer.o
LOAD obj_cc2538dk/stimer.o
LOAD obj_cc2538dk/timer.o
LOAD obj_cc2538dk/nullradio.o
LOAD obj_cc2538dk/serial-line.o
LOAD obj_cc2538dk/aes-128.o
LOAD obj_cc2538dk/assert.o
LOAD obj_cc2538dk/ccm-star.o
LOAD obj_cc2538dk/crc16.o
LOAD obj_cc2538dk/gcr.o
LOAD obj_cc2538dk/ifft.o
LOAD obj_cc2538dk/list.o
LOAD obj_cc2538dk/me.o
LOAD obj_cc2538dk/memb.o
LOAD obj_cc2538dk/me_tabs.o
LOAD obj_cc2538dk/mmem.o
LOAD obj_cc2538dk/petsciiconv.o
LOAD obj_cc2538dk/print-stats.o
LOAD obj_cc2538dk/random.o
LOAD obj_cc2538dk/ringbuf.o
LOAD obj_cc2538dk/ringbufindex.o
LOAD obj_cc2538dk/settings.o
LOAD obj_cc2538dk/trickle-timer.o
LOAD obj_cc2538dk/abc.o
LOAD obj_cc2538dk/announcement.o
LOAD obj_cc2538dk/broadcast-announcement.o
LOAD obj_cc2538dk/broadcast.o
LOAD obj_cc2538dk/chameleon-bitopt.o
LOAD obj_cc2538dk/chameleon.o
LOAD obj_cc2538dk/chameleon-raw.o
LOAD obj_cc2538dk/channel.o
LOAD obj_cc2538dk/collect.o
LOAD obj_cc2538dk/collect-link-estimate.o
LOAD obj_cc2538dk/collect-neighbor.o
LOAD obj_cc2538dk/ipolite.o
LOAD obj_cc2538dk/mesh.o
LOAD obj_cc2538dk/multihop.o
LOAD obj_cc2538dk/neighbor-discovery.o
LOAD obj_cc2538dk/netflood.o
LOAD obj_cc2538dk/packetqueue.o
LOAD obj_cc2538dk/polite-announcement.o
LOAD obj_cc2538dk/polite.o
LOAD obj_cc2538dk/rime.o
LOAD obj_cc2538dk/rimestats.o
LOAD obj_cc2538dk/rmh.o
LOAD obj_cc2538dk/route.o
LOAD obj_cc2538dk/route-discovery.o
LOAD obj_cc2538dk/rucb.o
LOAD obj_cc2538dk/rudolph1.o
LOAD obj_cc2538dk/rudolph2.o
LOAD obj_cc2538dk/runicast.o
LOAD obj_cc2538dk/stbroadcast.o
LOAD obj_cc2538dk/stunicast.o
LOAD obj_cc2538dk/timesynch.o
LOAD obj_cc2538dk/trickle.o
LOAD obj_cc2538dk/unicast.o
LOAD obj_cc2538dk/syscalls.o
LOAD obj_cc2538dk/linkaddr.o
LOAD obj_cc2538dk/nbr-table.o
LOAD obj_cc2538dk/netstack.o
LOAD obj_cc2538dk/packetbuf.o
LOAD obj_cc2538dk/queuebuf.o
LOAD obj_cc2538dk/csma.o
LOAD obj_cc2538dk/frame802154.o
LOAD obj_cc2538dk/frame802154e-ie.o
LOAD obj_cc2538dk/framer-802154.o
LOAD obj_cc2538dk/framer-nullmac.o
LOAD obj_cc2538dk/mac.o
LOAD obj_cc2538dk/mac-sequence.o
LOAD obj_cc2538dk/nordc.o
LOAD obj_cc2538dk/nullmac.o
LOAD obj_cc2538dk/nullrdc.o
LOAD obj_cc2538dk/nullrdc-noframer.o
LOAD obj_cc2538dk/phase.o
LOAD obj_cc2538dk/contikimac.o
LOAD obj_cc2538dk/contikimac-framer.o
LOAD obj_cc2538dk/anti-replay.o
LOAD obj_cc2538dk/ccm-star-packetbuf.o
LOAD obj_cc2538dk/nullsec.o
LOAD obj_cc2538dk/noncoresec.o
LOAD sniffer.co
LOAD obj_cc2538dk/stub-rdc.o
START GROUP
LOAD /usr/bin/../lib/gcc/arm-none-eabi/4.9.3/armv7-m/libgcc.a
LOAD /usr/bin/../lib/gcc/arm-none-eabi/4.9.3/../../../../arm-none-eabi/lib/armv7-m/libc.a
END GROUP

.text           0x00200000     0x41dc
                0x00200000                _text = .
 *(SORT(.vectors))
 .vectors       0x00200000      0x28c obj_cc2538dk/startup-gcc.o
                0x00200000                vectors
 *(SORT(.text*))
 .text.reset_handler
                0x0020028c       0x40 obj_cc2538dk/startup-gcc.o
                0x0020028c                reset_handler
 .text.leds_init
                0x002002cc       0x14 obj_cc2538dk/leds.o
                0x002002cc                leds_init
 .text.leds_on  0x002002e0       0x10 obj_cc2538dk/leds.o
                0x002002e0                leds_on
 .text.leds_off
                0x002002f0       0x14 obj_cc2538dk/leds.o
                0x002002f0                leds_off
 .text.leds_arch_init
                0x00200304       0x10 obj_cc2538dk/leds-arch.o
                0x00200304                leds_arch_init
 .text.leds_arch_set
                0x00200314        0xc obj_cc2538dk/leds-arch.o
                0x00200314                leds_arch_set
 .text.startup.main
                0x00200320      0x17c obj_cc2538dk/contiki-main.o
                0x00200320                main
 .text.process_thread_sensors_process
                0x0020049c       0xd4 obj_cc2538dk/sensors.o
 .text.sensors_changed
                0x00200570       0x38 obj_cc2538dk/sensors.o
                0x00200570                sensors_changed
 .text.config_select
                0x002005a8       0x30 obj_cc2538dk/button-sensor.o
 .text.config_left
                0x002005d8       0x30 obj_cc2538dk/button-sensor.o
 .text.config_right
                0x00200608       0x30 obj_cc2538dk/button-sensor.o
 .text.config_up
                0x00200638       0x30 obj_cc2538dk/button-sensor.o
 .text.config_down
                0x00200668       0x30 obj_cc2538dk/button-sensor.o
 .text.btn_callback
                0x00200698       0x64 obj_cc2538dk/button-sensor.o
 .text.button_sensor_init
                0x002006fc        0xc obj_cc2538dk/button-sensor.o
                0x002006fc                button_sensor_init
 .text.value    0x00200708       0x24 obj_cc2538dk/als-sensor.o
 .text.configure
                0x0020072c       0x54 obj_cc2538dk/als-sensor.o
 .text.update_ticks
                0x00200780       0x4c obj_cc2538dk/clock.o
 .text.clock_init
                0x002007cc       0x50 obj_cc2538dk/clock.o
                0x002007cc                clock_init
 .text.clock_time
                0x0020081c       0x14 obj_cc2538dk/clock.o
                0x0020081c                clock_time
 .text.clock_delay_usec
                0x00200830       0x1c obj_cc2538dk/clock.o
                0x00200830                clock_delay_usec
 .text.clock_adjust
                0x0020084c       0x20 obj_cc2538dk/clock.o
                0x0020084c                clock_adjust
 .text.rtimer_arch_next_trigger
                0x0020086c        0xc obj_cc2538dk/rtimer-arch.o
                0x0020086c                rtimer_arch_next_trigger
 .text.rtimer_arch_now
                0x00200878       0x2c obj_cc2538dk/rtimer-arch.o
                0x00200878                rtimer_arch_now
 .text.rtimer_arch_schedule
                0x002008a4       0x58 obj_cc2538dk/rtimer-arch.o
                0x002008a4                rtimer_arch_schedule
 .text.rtimer_isr
                0x002008fc       0x24 obj_cc2538dk/rtimer-arch.o
                0x002008fc                rtimer_isr
 .text.permit_pm1
                0x00200920       0x2c obj_cc2538dk/uart.o
 .text.uart_isr
                0x0020094c       0x64 obj_cc2538dk/uart.o
 .text.uart_init
                0x002009b0      0x1ac obj_cc2538dk/uart.o
                0x002009b0                uart_init
 .text.uart_set_input
                0x00200b5c       0x10 obj_cc2538dk/uart.o
                0x00200b5c                uart_set_input
 .text.uart_write_byte
                0x00200b6c       0x1c obj_cc2538dk/uart.o
                0x00200b6c                uart_write_byte
 .text.watchdog_init
                0x00200b88        0xc obj_cc2538dk/watchdog.o
                0x00200b88                watchdog_init
 .text.watchdog_start
                0x00200b94        0xc obj_cc2538dk/watchdog.o
                0x00200b94                watchdog_start
 .text.watchdog_periodic
                0x00200ba0       0x10 obj_cc2538dk/watchdog.o
                0x00200ba0                watchdog_periodic
 .text.nvic_init
                0x00200bb0       0x3c obj_cc2538dk/nvic.o
                0x00200bb0                nvic_init
 .text.nvic_interrupt_enable
                0x00200bec       0x18 obj_cc2538dk/nvic.o
                0x00200bec                nvic_interrupt_enable
 .text.nvic_interrupt_disable
                0x00200c04       0x18 obj_cc2538dk/nvic.o
                0x00200c04                nvic_interrupt_disable
 .text.nvic_interrupt_unpend
                0x00200c1c       0x18 obj_cc2538dk/nvic.o
                0x00200c1c                nvic_interrupt_unpend
 .text.sys_ctrl_init
                0x00200c34       0x28 obj_cc2538dk/sys-ctrl.o
                0x00200c34                sys_ctrl_init
 .text.gpio_register_callback
                0x00200c5c       0x10 obj_cc2538dk/gpio.o
                0x00200c5c                gpio_register_callback
 .text.notify   0x00200c6c       0x30 obj_cc2538dk/gpio.o
                0x00200c6c                notify
 .text.gpio_port_isr
                0x00200c9c       0x50 obj_cc2538dk/gpio.o
 .text.gpio_init
                0x00200cec       0x10 obj_cc2538dk/gpio.o
                0x00200cec                gpio_init
 .text.ioc_init
                0x00200cfc       0x1c obj_cc2538dk/ioc.o
                0x00200cfc                ioc_init
 .text.ioc_set_over
                0x00200d18       0x14 obj_cc2538dk/ioc.o
                0x00200d18                ioc_set_over
 .text.ioc_set_sel
                0x00200d2c       0x14 obj_cc2538dk/ioc.o
                0x00200d2c                ioc_set_sel
 .text.adc_init
                0x00200d40       0x10 obj_cc2538dk/adc.o
                0x00200d40                adc_init
 .text.adc_get  0x00200d50       0x78 obj_cc2538dk/adc.o
                0x00200d50                adc_get
 .text.permit_pm1
                0x00200dc8       0x10 obj_cc2538dk/crypto.o
 .text.crypto_isr
                0x00200dd8       0x24 obj_cc2538dk/crypto.o
                0x00200dd8                crypto_isr
 .text.crypto_enable
                0x00200dfc       0x20 obj_cc2538dk/crypto.o
                0x00200dfc                crypto_enable
 .text.crypto_init
                0x00200e1c       0x3c obj_cc2538dk/crypto.o
                0x00200e1c                crypto_init
 .text.crypto_disable
                0x00200e58       0x20 obj_cc2538dk/crypto.o
                0x00200e58                crypto_disable
 .text.on       0x00200e78       0x2c obj_cc2538dk/cc2538-rf.o
 .text.off      0x00200ea4       0x38 obj_cc2538dk/cc2538-rf.o
 .text.set_channel
                0x00200edc       0x48 obj_cc2538dk/cc2538-rf.o
 .text.channel_clear
                0x00200f24       0x3c obj_cc2538dk/cc2538-rf.o
 .text.receiving_packet
                0x00200f60       0x18 obj_cc2538dk/cc2538-rf.o
 .text.pending_packet
                0x00200f78       0x10 obj_cc2538dk/cc2538-rf.o
 .text.get_value
                0x00200f88      0x11c obj_cc2538dk/cc2538-rf.o
 .text.prepare  0x002010a4       0x64 obj_cc2538dk/cc2538-rf.o
 .text.transmit
                0x00201108       0x8c obj_cc2538dk/cc2538-rf.o
 .text.set_frame_filtering
                0x00201194       0x18 obj_cc2538dk/cc2538-rf.o
 .text.set_value
                0x002011ac       0xd4 obj_cc2538dk/cc2538-rf.o
 .text.get_object
                0x00201280       0x30 obj_cc2538dk/cc2538-rf.o
 .text.set_object
                0x002012b0       0x30 obj_cc2538dk/cc2538-rf.o
 .text.read     0x002012e0      0x12c obj_cc2538dk/cc2538-rf.o
 .text.init     0x0020140c       0xd4 obj_cc2538dk/cc2538-rf.o
 .text.process_thread_cc2538_rf_process
                0x002014e0       0x74 obj_cc2538dk/cc2538-rf.o
 .text.cc2538_rf_rx_tx_isr
                0x00201554       0x18 obj_cc2538dk/cc2538-rf.o
                0x00201554                cc2538_rf_rx_tx_isr
 .text.cc2538_rf_err_isr
                0x0020156c       0x28 obj_cc2538dk/cc2538-rf.o
                0x0020156c                cc2538_rf_err_isr
 .text.udma_init
                0x00201594       0x30 obj_cc2538dk/udma.o
                0x00201594                udma_init
 .text.udma_set_channel_src
                0x002015c4       0x10 obj_cc2538dk/udma.o
                0x002015c4                udma_set_channel_src
 .text.udma_set_channel_dst
                0x002015d4       0x14 obj_cc2538dk/udma.o
                0x002015d4                udma_set_channel_dst
 .text.udma_set_channel_control_word
                0x002015e8       0x14 obj_cc2538dk/udma.o
                0x002015e8                udma_set_channel_control_word
 .text.udma_channel_enable
                0x002015fc       0x18 obj_cc2538dk/udma.o
                0x002015fc                udma_channel_enable
 .text.udma_channel_mask_set
                0x00201614       0x18 obj_cc2538dk/udma.o
                0x00201614                udma_channel_mask_set
 .text.udma_channel_sw_request
                0x0020162c       0x18 obj_cc2538dk/udma.o
                0x0020162c                udma_channel_sw_request
 .text.udma_channel_get_mode
                0x00201644       0x1c obj_cc2538dk/udma.o
                0x00201644                udma_channel_get_mode
 .text.udma_isr
                0x00201660       0x10 obj_cc2538dk/udma.o
                0x00201660                udma_isr
 .text.udma_err_isr
                0x00201670        0xc obj_cc2538dk/udma.o
                0x00201670                udma_err_isr
 .text.select_32_mhz_xosc
                0x0020167c       0x2c obj_cc2538dk/lpm.o
 .text.lpm_exit
                0x002016a8       0x34 obj_cc2538dk/lpm.o
                0x002016a8                lpm_exit
 .text.lpm_enter
                0x002016dc       0xb0 obj_cc2538dk/lpm.o
                0x002016dc                lpm_enter
 .text.lpm_register_peripheral
                0x0020178c       0x20 obj_cc2538dk/lpm.o
                0x0020178c                lpm_register_peripheral
 .text.lpm_init
                0x002017ac       0x24 obj_cc2538dk/lpm.o
                0x002017ac                lpm_init
 .text.pka_isr  0x002017d0       0x24 obj_cc2538dk/pka.o
                0x002017d0                pka_isr
 .text.ieee_addr_cpy_to
                0x002017f4       0x74 obj_cc2538dk/ieee-addr.o
                0x002017f4                ieee_addr_cpy_to
 .text.printf   0x00201868       0x20 obj_cc2538dk/dbg-printf.o
                0x00201868                printf
 .text.fill_space
                0x00201888       0x34 obj_cc2538dk/strformat.o
 .text.format_str_v
                0x002018bc      0x6e8 obj_cc2538dk/strformat.o
                0x002018bc                format_str_v
 .text.process_thread_ctimer_process
                0x00201fa4       0x80 obj_cc2538dk/ctimer.o
 .text.ctimer_init
                0x00202024       0x28 obj_cc2538dk/ctimer.o
                0x00202024                ctimer_init
 .text.ctimer_set_with_process
                0x0020204c       0x44 obj_cc2538dk/ctimer.o
                0x0020204c                ctimer_set_with_process
 .text.ctimer_set
                0x00202090       0x14 obj_cc2538dk/ctimer.o
                0x00202090                ctimer_set
 .text.ctimer_stop
                0x002020a4       0x2c obj_cc2538dk/ctimer.o
                0x002020a4                ctimer_stop
 .text.update_time
                0x002020d0       0x44 obj_cc2538dk/etimer.o
 .text.etimer_request_poll
                0x00202114        0xc obj_cc2538dk/etimer.o
                0x00202114                etimer_request_poll
 .text.process_thread_etimer_process
                0x00202120       0x94 obj_cc2538dk/etimer.o
 .text.add_timer
                0x002021b4       0x40 obj_cc2538dk/etimer.o
 .text.etimer_pending
                0x002021f4       0x10 obj_cc2538dk/etimer.o
                0x002021f4                etimer_pending
 .text.etimer_stop
                0x00202204       0x34 obj_cc2538dk/etimer.o
                0x00202204                etimer_stop
 .text.call_process.part.0
                0x00202238       0x38 obj_cc2538dk/process.o
 .text.exit_process
                0x00202270       0x80 obj_cc2538dk/process.o
 .text.do_poll  0x002022f0       0x30 obj_cc2538dk/process.o
 .text.process_alloc_event
                0x00202320       0x10 obj_cc2538dk/process.o
                0x00202320                process_alloc_event
 .text.process_init
                0x00202330       0x30 obj_cc2538dk/process.o
                0x00202330                process_init
 .text.process_run
                0x00202360       0xb0 obj_cc2538dk/process.o
                0x00202360                process_run
 .text.process_nevents
                0x00202410       0x14 obj_cc2538dk/process.o
                0x00202410                process_nevents
 .text.process_post
                0x00202424       0x44 obj_cc2538dk/process.o
                0x00202424                process_post
 .text.process_post_synch
                0x00202468       0x14 obj_cc2538dk/process.o
                0x00202468                process_post_synch
 .text.process_start
                0x0020247c       0x30 obj_cc2538dk/process.o
                0x0020247c                process_start
 .text.process_poll
                0x002024ac       0x18 obj_cc2538dk/process.o
                0x002024ac                process_poll
 .text.rtimer_run_next
                0x002024c4       0x28 obj_cc2538dk/rtimer.o
                0x002024c4                rtimer_run_next
 .text.process_thread_serial_line_process
                0x002024ec       0x98 obj_cc2538dk/serial-line.o
 .text.serial_line_input_byte
                0x00202584       0x44 obj_cc2538dk/serial-line.o
                0x00202584                serial_line_input_byte
 .text.serial_line_init
                0x002025c8       0x24 obj_cc2538dk/serial-line.o
                0x002025c8                serial_line_init
 .text.random_rand
                0x002025ec       0x20 obj_cc2538dk/random.o
                0x002025ec                random_rand
 .text.random_init
                0x0020260c       0x78 obj_cc2538dk/random.o
                0x0020260c                random_init
 .text.abc_open
                0x00202684       0x20 obj_cc2538dk/abc.o
                0x00202684                abc_open
 .text.announcement_init
                0x002026a4        0xc obj_cc2538dk/announcement.o
                0x002026a4                announcement_init
 .text.announcement_register_observer_callback
                0x002026b0        0xc obj_cc2538dk/announcement.o
                0x002026b0                announcement_register_observer_callback
 .text.announcement_list
                0x002026bc        0xc obj_cc2538dk/announcement.o
                0x002026bc                announcement_list
 .text.announcement_heard
                0x002026c8       0x38 obj_cc2538dk/announcement.o
                0x002026c8                announcement_heard
 .text.set_timers
                0x00202700       0x3c obj_cc2538dk/broadcast-announcement.o
 .text.send_timer
                0x0020273c       0x18 obj_cc2538dk/broadcast-announcement.o
 .text.send_adv
                0x00202754       0x54 obj_cc2538dk/broadcast-announcement.o
 .text.new_announcement
                0x002027a8       0x18 obj_cc2538dk/broadcast-announcement.o
 .text.broadcast_announcement_init
                0x002027c0       0x34 obj_cc2538dk/broadcast-announcement.o
                0x002027c0                broadcast_announcement_init
 .text.broadcast_open
                0x002027f4       0x24 obj_cc2538dk/broadcast.o
                0x002027f4                broadcast_open
 .text.broadcast_send
                0x00202818       0x1c obj_cc2538dk/broadcast.o
                0x00202818                broadcast_send
 .text.get_bits_in_byte
                0x00202834       0x24 obj_cc2538dk/chameleon-bitopt.o
 .text.chameleon_parse
                0x00202858       0x1c obj_cc2538dk/chameleon.o
                0x00202858                chameleon_parse
 .text.chameleon_create
                0x00202874       0x20 obj_cc2538dk/chameleon.o
                0x00202874                chameleon_create
 .text.chameleon_hdrsize
                0x00202894        0xc obj_cc2538dk/chameleon.o
                0x00202894                chameleon_hdrsize
 .text.channel_init
                0x002028a0        0xc obj_cc2538dk/channel.o
                0x002028a0                channel_init
 .text.channel_open
                0x002028ac       0x10 obj_cc2538dk/channel.o
                0x002028ac                channel_open
 .text.channel_lookup
                0x002028bc       0x20 obj_cc2538dk/channel.o
                0x002028bc                channel_lookup
 .text.packet_sent
                0x002028dc       0x34 obj_cc2538dk/rime.o
 .text.input    0x00202910       0x34 obj_cc2538dk/rime.o
 .text.rime_output
                0x00202944       0x24 obj_cc2538dk/rime.o
                0x00202944                rime_output
 .text.netstack_init
                0x00202968       0x14 obj_cc2538dk/netstack.o
                0x00202968                netstack_init
 .text.packetbuf_compact
                0x0020297c       0x34 obj_cc2538dk/packetbuf.o
                0x0020297c                packetbuf_compact
 .text.packetbuf_copyto
                0x002029b0       0x50 obj_cc2538dk/packetbuf.o
                0x002029b0                packetbuf_copyto
 .text.packetbuf_hdrreduce
                0x00202a00       0x2c obj_cc2538dk/packetbuf.o
                0x00202a00                packetbuf_hdrreduce
 .text.packetbuf_set_datalen
                0x00202a2c        0xc obj_cc2538dk/packetbuf.o
                0x00202a2c                packetbuf_set_datalen
 .text.packetbuf_dataptr
                0x00202a38       0x14 obj_cc2538dk/packetbuf.o
                0x00202a38                packetbuf_dataptr
 .text.packetbuf_hdrptr
                0x00202a4c       0x14 obj_cc2538dk/packetbuf.o
                0x00202a4c                packetbuf_hdrptr
 .text.packetbuf_datalen
                0x00202a60        0xc obj_cc2538dk/packetbuf.o
                0x00202a60                packetbuf_datalen
 .text.packetbuf_hdrlen
                0x00202a6c       0x1c obj_cc2538dk/packetbuf.o
                0x00202a6c                packetbuf_hdrlen
 .text.packetbuf_totlen
                0x00202a88       0x14 obj_cc2538dk/packetbuf.o
                0x00202a88                packetbuf_totlen
 .text.packetbuf_hdralloc
                0x00202a9c       0x28 obj_cc2538dk/packetbuf.o
                0x00202a9c                packetbuf_hdralloc
 .text.packetbuf_attr_clear
                0x00202ac4       0x30 obj_cc2538dk/packetbuf.o
                0x00202ac4                packetbuf_attr_clear
 .text.packetbuf_clear
                0x00202af4       0x30 obj_cc2538dk/packetbuf.o
                0x00202af4                packetbuf_clear
 .text.packetbuf_attr_copyto
                0x00202b24       0x28 obj_cc2538dk/packetbuf.o
                0x00202b24                packetbuf_attr_copyto
 .text.packetbuf_set_attr
                0x00202b4c       0x10 obj_cc2538dk/packetbuf.o
                0x00202b4c                packetbuf_set_attr
 .text.packetbuf_attr
                0x00202b5c        0xc obj_cc2538dk/packetbuf.o
                0x00202b5c                packetbuf_attr
 .text.packetbuf_set_addr
                0x00202b68       0x18 obj_cc2538dk/packetbuf.o
                0x00202b68                packetbuf_set_addr
 .text.packetbuf_addr
                0x00202b80       0x10 obj_cc2538dk/packetbuf.o
                0x00202b80                packetbuf_addr
 .text.queuebuf_init
                0x00202b90       0x1c obj_cc2538dk/queuebuf.o
                0x00202b90                queuebuf_init
 .text.queuebuf_new_from_packetbuf
                0x00202bac       0x44 obj_cc2538dk/queuebuf.o
                0x00202bac                queuebuf_new_from_packetbuf
 .text.queuebuf_free
                0x00202bf0       0x2c obj_cc2538dk/queuebuf.o
                0x00202bf0                queuebuf_free
 .text.input_packet
                0x00202c1c        0xc obj_cc2538dk/csma.o
 .text.on       0x00202c28        0xc obj_cc2538dk/csma.o
 .text.off      0x00202c34        0xc obj_cc2538dk/csma.o
 .text.channel_check_interval
                0x00202c40       0x10 obj_cc2538dk/csma.o
 .text.transmit_packet_list
                0x00202c50       0x30 obj_cc2538dk/csma.o
 .text.send_packet
                0x00202c80      0x158 obj_cc2538dk/csma.o
 .text.init     0x00202dd8       0x24 obj_cc2538dk/csma.o
 .text.free_packet
                0x00202dfc       0x98 obj_cc2538dk/csma.o
 .text.packet_sent
                0x00202e94       0xf8 obj_cc2538dk/csma.o
 .text.input    0x00202f8c        0xc obj_cc2538dk/nullsec.o
 .text.send     0x00202f98       0x20 obj_cc2538dk/nullsec.o
 .text          0x00202fb8       0x30 /usr/bin/../lib/gcc/arm-none-eabi/4.9.3/armv7-m/libgcc.a(_aeabi_uldivmod.o)
                0x00202fb8                __aeabi_uldivmod
 .text          0x00202fe8       0x60 /usr/bin/../lib/gcc/arm-none-eabi/4.9.3/armv7-m/libgcc.a(bpabi.o)
                0x00202fe8                __gnu_ldivmod_helper
                0x00203018                __gnu_uldivmod_helper
 .text          0x00203048        0x4 /usr/bin/../lib/gcc/arm-none-eabi/4.9.3/armv7-m/libgcc.a(_dvmd_tls.o)
                0x00203048                __aeabi_ldiv0
                0x00203048                __aeabi_idiv0
 .text          0x0020304c      0x2ac /usr/bin/../lib/gcc/arm-none-eabi/4.9.3/armv7-m/libgcc.a(_divdi3.o)
                0x0020304c                __divdi3
 .text          0x002032f8      0x270 /usr/bin/../lib/gcc/arm-none-eabi/4.9.3/armv7-m/libgcc.a(_udivdi3.o)
                0x002032f8                __udivdi3
 .text.memcmp   0x00203568       0x64 /usr/bin/../lib/gcc/arm-none-eabi/4.9.3/../../../../arm-none-eabi/lib/armv7-m/libc.a(lib_a-memcmp.o)
                0x00203568                memcmp
 .text          0x002035cc       0xec /usr/bin/../lib/gcc/arm-none-eabi/4.9.3/../../../../arm-none-eabi/lib/armv7-m/libc.a(lib_a-memcpy.o)
                0x002035cc                memcpy
 .text.memset   0x002036b8       0x9c /usr/bin/../lib/gcc/arm-none-eabi/4.9.3/../../../../arm-none-eabi/lib/armv7-m/libc.a(lib_a-memset.o)
                0x002036b8                memset
 .text.default_handler
                0x00203754        0x2 obj_cc2538dk/startup-gcc.o
                0x00203754                default_handler
 .text.nmi_handler
                0x00203756        0x6 obj_cc2538dk/startup-gcc.o
                0x00203756                nmi_handler
 .text.fade     0x0020375c       0x54 obj_cc2538dk/contiki-main.o
 .text.config   0x002037b0       0x40 obj_cc2538dk/button-sensor.o
 .text.status   0x002037f0        0x4 obj_cc2538dk/als-sensor.o
 .text.clock_isr
                0x002037f4        0x4 obj_cc2538dk/clock.o
                0x002037f4                clock_isr
 .text.rtimer_arch_init
                0x002037f8        0x2 obj_cc2538dk/rtimer-arch.o
                0x002037f8                rtimer_arch_init
 .text.uart0_isr
                0x002037fa        0x6 obj_cc2538dk/uart.o
                0x002037fa                uart0_isr
 .text.uart1_isr
                0x00203800        0x6 obj_cc2538dk/uart.o
                0x00203800                uart1_isr
 .text.cpu_cpsie
                0x00203806        0x8 obj_cc2538dk/cpu.o
                0x00203806                cpu_cpsie
 .text.cpu_cpsid
                0x0020380e        0x8 obj_cc2538dk/cpu.o
                0x0020380e                cpu_cpsid
 .text.gpio_port_a_isr
                0x00203816        0x6 obj_cc2538dk/gpio.o
                0x00203816                gpio_port_a_isr
 .text.gpio_port_b_isr
                0x0020381c        0x6 obj_cc2538dk/gpio.o
                0x0020381c                gpio_port_b_isr
 .text.gpio_port_c_isr
                0x00203822        0x6 obj_cc2538dk/gpio.o
                0x00203822                gpio_port_c_isr
 .text.gpio_port_d_isr
                0x00203828        0x6 obj_cc2538dk/gpio.o
                0x00203828                gpio_port_d_isr
 .text.send     0x0020382e       0x12 obj_cc2538dk/cc2538-rf.o
 .text.putchar  0x00203840       0x10 obj_cc2538dk/dbg.o
                0x00203840                putchar
 .text.dbg_send_bytes
                0x00203850       0x20 obj_cc2538dk/dbg.o
                0x00203850                dbg_send_bytes
 .text.puts     0x00203870       0x20 obj_cc2538dk/dbg.o
                0x00203870                puts
 .text.configure
                0x00203890        0x4 obj_cc2538dk/cc2538-temp-sensor.o
 .text.status   0x00203894        0x4 obj_cc2538dk/cc2538-temp-sensor.o
 .text.value    0x00203898       0x34 obj_cc2538dk/cc2538-temp-sensor.o
 .text.configure
                0x002038cc        0x4 obj_cc2538dk/vdd3-sensor.o
 .text.status   0x002038d0        0x4 obj_cc2538dk/vdd3-sensor.o
 .text.value    0x002038d4       0x2a obj_cc2538dk/vdd3-sensor.o
 .text.write_str
                0x002038fe       0x10 obj_cc2538dk/dbg-printf.o
 .text.autostart_start
                0x0020390e       0x14 obj_cc2538dk/autostart.o
                0x0020390e                autostart_start
 .text.energest_init
                0x00203922        0x2 obj_cc2538dk/energest.o
                0x00203922                energest_init
 .text.etimer_set
                0x00203924       0x12 obj_cc2538dk/etimer.o
                0x00203924                etimer_set
 .text.call_process
                0x00203936        0xc obj_cc2538dk/process.o
 .text.rtimer_init
                0x00203942        0x4 obj_cc2538dk/rtimer.o
                0x00203942                rtimer_init
 .text.timer_set
                0x00203946        0xe obj_cc2538dk/timer.o
                0x00203946                timer_set
 .text.timer_expired
                0x00203954       0x1c obj_cc2538dk/timer.o
                0x00203954                timer_expired
 .text.list_init
                0x00203970        0x6 obj_cc2538dk/list.o
                0x00203970                list_init
 .text.list_head
                0x00203976        0x4 obj_cc2538dk/list.o
                0x00203976                list_head
 .text.list_tail
                0x0020397a       0x10 obj_cc2538dk/list.o
                0x0020397a                list_tail
 .text.list_remove
                0x0020398a       0x28 obj_cc2538dk/list.o
                0x0020398a                list_remove
 .text.list_add
                0x002039b2       0x1e obj_cc2538dk/list.o
                0x002039b2                list_add
 .text.list_push
                0x002039d0       0x12 obj_cc2538dk/list.o
                0x002039d0                list_push
 .text.list_length
                0x002039e2        0xe obj_cc2538dk/list.o
                0x002039e2                list_length
 .text.list_item_next
                0x002039f0        0x6 obj_cc2538dk/list.o
                0x002039f0                list_item_next
 .text.memb_init
                0x002039f6       0x20 obj_cc2538dk/memb.o
                0x002039f6                memb_init
 .text.memb_alloc
                0x00203a16       0x28 obj_cc2538dk/memb.o
                0x00203a16                memb_alloc
 .text.memb_free
                0x00203a3e       0x2c obj_cc2538dk/memb.o
                0x00203a3e                memb_free
 .text.memb_inmemb
                0x00203a6a       0x1c obj_cc2538dk/memb.o
                0x00203a6a                memb_inmemb
 .text.ringbuf_init
                0x00203a86        0xe obj_cc2538dk/ringbuf.o
                0x00203a86                ringbuf_init
 .text.ringbuf_put
                0x00203a94       0x28 obj_cc2538dk/ringbuf.o
                0x00203a94                ringbuf_put
 .text.ringbuf_get
                0x00203abc       0x20 obj_cc2538dk/ringbuf.o
                0x00203abc                ringbuf_get
 .text.abc_send
                0x00203adc        0x4 obj_cc2538dk/abc.o
                0x00203adc                abc_send
 .text.abc_input
                0x00203ae0        0xa obj_cc2538dk/abc.o
                0x00203ae0                abc_input
 .text.abc_sent
                0x00203aea        0xa obj_cc2538dk/abc.o
                0x00203aea                abc_sent
 .text.adv_packet_sent
                0x00203af4        0x2 obj_cc2538dk/broadcast-announcement.o
 .text.adv_packet_received
                0x00203af6       0x44 obj_cc2538dk/broadcast-announcement.o
 .text.sent_by_abc
                0x00203b3a        0xa obj_cc2538dk/broadcast.o
 .text.recv_from_abc
                0x00203b44       0x22 obj_cc2538dk/broadcast.o
 .text.header_size
                0x00203b66       0x16 obj_cc2538dk/chameleon-bitopt.o
 .text.get_bits
                0x00203b7c       0x74 obj_cc2538dk/chameleon-bitopt.o
                0x00203b7c                get_bits
 .text.unpack_header
                0x00203bf0       0xa6 obj_cc2538dk/chameleon-bitopt.o
 .text.set_bits_in_byte
                0x00203c96       0x1a obj_cc2538dk/chameleon-bitopt.o
                0x00203c96                set_bits_in_byte
 .text.set_bits
                0x00203cb0       0x78 obj_cc2538dk/chameleon-bitopt.o
                0x00203cb0                set_bits
 .text.pack_header
                0x00203d28       0x8a obj_cc2538dk/chameleon-bitopt.o
 .text.chameleon_init
                0x00203db2        0x4 obj_cc2538dk/chameleon.o
                0x00203db2                chameleon_init
 .text.channel_set_attributes
                0x00203db6       0x18 obj_cc2538dk/channel.o
                0x00203db6                channel_set_attributes
 .text.init     0x00203dce       0x28 obj_cc2538dk/rime.o
 .text.linkaddr_copy
                0x00203df6        0x6 obj_cc2538dk/linkaddr.o
                0x00203df6                linkaddr_copy
 .text.linkaddr_cmp
                0x00203dfc       0x10 obj_cc2538dk/linkaddr.o
                0x00203dfc                linkaddr_cmp
 .text.queuebuf_update_attr_from_packetbuf
                0x00203e0c        0xc obj_cc2538dk/queuebuf.o
                0x00203e0c                queuebuf_update_attr_from_packetbuf
 .text.queuebuf_attr
                0x00203e18        0xc obj_cc2538dk/queuebuf.o
                0x00203e18                queuebuf_attr
 .text.mac_call_sent_callback
                0x00203e24       0x16 obj_cc2538dk/mac.o
                0x00203e24                mac_call_sent_callback
 .text.init     0x00203e3a        0x2 obj_cc2538dk/nullsec.o
 .text.process_thread_sniffer_process
                0x00203e3c       0x12 sniffer.co
 .text.send     0x00203e4e        0xe obj_cc2538dk/stub-rdc.o
 .text.send_list
                0x00203e5c        0xe obj_cc2538dk/stub-rdc.o
 .text.input    0x00203e6a        0x2 obj_cc2538dk/stub-rdc.o
 .text.on       0x00203e6c        0x4 obj_cc2538dk/stub-rdc.o
 .text.off      0x00203e70        0x2 obj_cc2538dk/stub-rdc.o
 .text.cca      0x00203e72        0x4 obj_cc2538dk/stub-rdc.o
 .text.init     0x00203e76        0x2 obj_cc2538dk/stub-rdc.o
 *(SORT(.rodata*))
 .rodata.button_select_sensor
                0x00203e78       0x10 obj_cc2538dk/button-sensor.o
                0x00203e78                button_select_sensor
 .rodata.button_up_sensor
                0x00203e88       0x10 obj_cc2538dk/button-sensor.o
                0x00203e88                button_up_sensor
 .rodata.button_left_sensor
                0x00203e98       0x10 obj_cc2538dk/button-sensor.o
                0x00203e98                button_left_sensor
 .rodata.button_right_sensor
                0x00203ea8       0x10 obj_cc2538dk/button-sensor.o
                0x00203ea8                button_right_sensor
 .rodata.button_down_sensor
                0x00203eb8       0x10 obj_cc2538dk/button-sensor.o
                0x00203eb8                button_down_sensor
 .rodata.als_sensor
                0x00203ec8       0x10 obj_cc2538dk/als-sensor.o
                0x00203ec8                als_sensor
 .rodata.uart_regs
                0x00203ed8       0x58 obj_cc2538dk/uart.o
 .rodata.cc2538_rf_driver
                0x00203f30       0x38 obj_cc2538dk/cc2538-rf.o
                0x00203f30                cc2538_rf_driver
 .rodata.output_power
                0x00203f68       0x70 obj_cc2538dk/cc2538-rf.o
 .rodata.cc2538_temp_sensor
                0x00203fd8       0x10 obj_cc2538dk/cc2538-temp-sensor.o
                0x00203fd8                cc2538_temp_sensor
 .rodata.vdd3_sensor
                0x00203fe8       0x10 obj_cc2538dk/vdd3-sensor.o
                0x00203fe8                vdd3_sensor
 .rodata.broadcast_callbacks
                0x00203ff8        0x8 obj_cc2538dk/broadcast-announcement.o
 .rodata.broadcast
                0x00204000        0x8 obj_cc2538dk/broadcast.o
 .rodata.chameleon_bitopt
                0x00204008        0xc obj_cc2538dk/chameleon-bitopt.o
                0x00204008                chameleon_bitopt
 .rodata.rime_driver
                0x00204014        0xc obj_cc2538dk/rime.o
                0x00204014                rime_driver
 .rodata.csma_driver
                0x00204020       0x1c obj_cc2538dk/csma.o
                0x00204020                csma_driver
 .rodata.nullsec_driver
                0x0020403c       0x10 obj_cc2538dk/nullsec.o
                0x0020403c                nullsec_driver
 .rodata.autostart_processes
                0x0020404c        0x8 sniffer.co
                0x0020404c                autostart_processes
 .rodata.stub_rdc_driver
                0x00204054       0x20 obj_cc2538dk/stub-rdc.o
                0x00204054                stub_rdc_driver
 .rodata.linkaddr_null
                0x00204074        0x2 obj_cc2538dk/linkaddr.o
                0x00204074                linkaddr_null
 .rodata.str1.1
                0x00204076       0x71 obj_cc2538dk/contiki-main.o
 .rodata.str1.1
                0x002040e7        0x8 obj_cc2538dk/sensors.o
 .rodata.str1.1
                0x002040ef        0x7 obj_cc2538dk/button-sensor.o
 .rodata.str1.1
                0x002040f6        0x4 obj_cc2538dk/als-sensor.o
 .rodata.str1.1
                0x002040fa       0x11 obj_cc2538dk/cc2538-rf.o
 .rodata.str1.1
                0x0020410b       0x14 obj_cc2538dk/cc2538-temp-sensor.o
 .rodata.str1.1
                0x0020411f        0x5 obj_cc2538dk/vdd3-sensor.o
 .rodata.buffer.4159
                0x00204124       0x10 obj_cc2538dk/strformat.o
 .rodata.str1.1
                0x00204134       0x35 obj_cc2538dk/strformat.o
                                 0x37 (size before relaxing)
 .rodata.buffer.4150
                0x00204169       0x10 obj_cc2538dk/strformat.o
 .rodata.str1.1
                0x00204179        0xf obj_cc2538dk/ctimer.o
 .rodata.str1.1
                0x00204188        0xc obj_cc2538dk/etimer.o
 .rodata.str1.1
                0x00204194        0xe obj_cc2538dk/serial-line.o
 .rodata.attributes
                0x002041a2        0x2 obj_cc2538dk/abc.o
 .rodata.attributes
                0x002041a4        0x4 obj_cc2538dk/broadcast.o
 .rodata.bitmask
                0x002041a8        0x9 obj_cc2538dk/chameleon-bitopt.o
 .rodata.str1.1
                0x002041b1        0x5 obj_cc2538dk/rime.o
 .rodata.str1.1
                0x002041b6        0x5 obj_cc2538dk/csma.o
 .rodata.str1.1
                0x002041bb        0x8 obj_cc2538dk/nullsec.o
 .rodata.str1.1
                0x002041c3       0x10 sniffer.co
 .rodata.str1.1
                0x002041d3        0x9 obj_cc2538dk/stub-rdc.o
                0x002041dc                _etext = .

.glue_7         0x002041dc        0x0
 .glue_7        0x00000000        0x0 linker stubs

.glue_7t        0x002041dc        0x0
 .glue_7t       0x00000000        0x0 linker stubs

.vfp11_veneer   0x002041dc        0x0
 .vfp11_veneer  0x00000000        0x0 linker stubs

.v4_bx          0x002041dc        0x0
 .v4_bx         0x00000000        0x0 linker stubs

.iplt           0x002041dc        0x0
 .iplt          0x00000000        0x0 obj_cc2538dk/startup-gcc.o

.socdata        0x20000000       0x40
 *(SORT(.udma_channel_control_table))
 .udma_channel_control_table
                0x20000000       0x40 obj_cc2538dk/udma.o

.data           0x20000040       0xc9 load address 0x002041dc
                0x20000040                _data = .
 *(SORT(.data*))
 .data.sensors_process
                0x20000040       0x10 obj_cc2538dk/sensors.o
                0x20000040                sensors_process
 .data.sensors  0x20000050       0x24 obj_cc2538dk/smartrf-sensors.o
                0x20000050                sensors
 .data.cc2538_rf_process
                0x20000074       0x10 obj_cc2538dk/cc2538-rf.o
                0x20000074                cc2538_rf_process
 .data.ctxt     0x20000084        0x8 obj_cc2538dk/dbg-printf.o
 .data.ctimer_process
                0x2000008c       0x10 obj_cc2538dk/ctimer.o
                0x2000008c                ctimer_process
 .data.etimer_process
                0x2000009c       0x10 obj_cc2538dk/etimer.o
                0x2000009c                etimer_process
 .data.serial_line_process
                0x200000ac       0x10 obj_cc2538dk/serial-line.o
                0x200000ac                serial_line_process
 .data.bufmem   0x200000bc        0xc obj_cc2538dk/queuebuf.o
 .data.buframmem
                0x200000c8        0xc obj_cc2538dk/queuebuf.o
 .data.metadata_memb
                0x200000d4        0xc obj_cc2538dk/csma.o
 .data.neighbor_memb
                0x200000e0        0xc obj_cc2538dk/csma.o
 .data.packet_memb
                0x200000ec        0xc obj_cc2538dk/csma.o
 .data.sniffer_process
                0x200000f8       0x10 sniffer.co
                0x200000f8                sniffer_process
 .data.rf_channel
                0x20000108        0x1 obj_cc2538dk/cc2538-rf.o
                0x20000109                _edata = .
                0x002041dc                _ldata = LOADADDR (.data)

.igot.plt       0x2000010c        0x0 load address 0x002042a5
 .igot.plt      0x00000000        0x0 obj_cc2538dk/startup-gcc.o

.ARM.exidx      0x002042a8        0x8
 *(SORT(.ARM.exidx*))
 .ARM.exidx     0x002042a8        0x8 /usr/bin/../lib/gcc/arm-none-eabi/4.9.3/armv7-m/libgcc.a(_divdi3.o)
 .ARM.exidx     0x002042b0        0x0 /usr/bin/../lib/gcc/arm-none-eabi/4.9.3/armv7-m/libgcc.a(_udivdi3.o)
                                  0x8 (size before relaxing)

.bss            0x20000110      0xc7b
                0x20000110                _bss = .
 *(SORT(.bss*))
 .bss.rt_ticks_startup
                0x20000110        0x8 obj_cc2538dk/clock.o
 .bss.rt_ticks_epoch
                0x20000118        0x8 obj_cc2538dk/clock.o
 .bss.i.4722    0x20000120        0x4 obj_cc2538dk/sensors.o
 .bss.events.4723
                0x20000124        0x4 obj_cc2538dk/sensors.o
 .bss.debouncetimer
                0x20000128        0x8 obj_cc2538dk/button-sensor.o
 .bss.next_trigger
                0x20000130        0x4 obj_cc2538dk/rtimer-arch.o
 .bss.input_handler
                0x20000134        0x8 obj_cc2538dk/uart.o
 .bss.interrupt_disable
                0x2000013c        0x4 obj_cc2538dk/nvic.o
 .bss.interrupt_pend
                0x20000140        0x4 obj_cc2538dk/nvic.o
 .bss.interrupt_unpend
                0x20000144        0x4 obj_cc2538dk/nvic.o
 .bss.interrupt_enable
                0x20000148        0x4 obj_cc2538dk/nvic.o
 .bss.gpio_callbacks
                0x2000014c       0x80 obj_cc2538dk/gpio.o
 .bss.ioc_sel   0x200001cc        0x4 obj_cc2538dk/ioc.o
 .bss.ioc_over  0x200001d0        0x4 obj_cc2538dk/ioc.o
 .bss.notification_process
                0x200001d4        0x4 obj_cc2538dk/crypto.o
 .bss.periph_permit_pm1_funcs
                0x200001d8       0x14 obj_cc2538dk/lpm.o
 .bss.notification_process
                0x200001ec        0x4 obj_cc2538dk/pka.o
 .bss.ctimer_list_list
                0x200001f0        0x4 obj_cc2538dk/ctimer.o
 .bss.timerlist
                0x200001f4        0x4 obj_cc2538dk/etimer.o
 .bss.next_expiration
                0x200001f8        0x4 obj_cc2538dk/etimer.o
 .bss.receiver.5355
                0x200001fc        0x4 obj_cc2538dk/process.o
 .bss.p.5356    0x20000200        0x4 obj_cc2538dk/process.o
 .bss.process_current
                0x20000204        0x4 obj_cc2538dk/process.o
                0x20000204                process_current
 .bss.data.5354
                0x20000208        0x4 obj_cc2538dk/process.o
 .bss.process_list
                0x2000020c        0x4 obj_cc2538dk/process.o
                0x2000020c                process_list
 .bss.events    0x20000210      0x180 obj_cc2538dk/process.o
 .bss.next_rtimer
                0x20000390        0x4 obj_cc2538dk/rtimer.o
 .bss.rxbuf     0x20000394        0x8 obj_cc2538dk/serial-line.o
 .bss.ptr.4707  0x2000039c        0x4 obj_cc2538dk/serial-line.o
 .bss.announcements_list
                0x200003a0        0x4 obj_cc2538dk/announcement.o
 .bss.observer_callback
                0x200003a4        0x4 obj_cc2538dk/announcement.o
 .bss.c         0x200003a8       0x6c obj_cc2538dk/broadcast-announcement.o
 .bss.channel_list_list
                0x20000414        0x4 obj_cc2538dk/channel.o
 .bss.sniffers_list
                0x20000418        0x4 obj_cc2538dk/rime.o
 .bss.packetbufptr
                0x2000041c        0x4 obj_cc2538dk/packetbuf.o
 .bss.packetbuf_aligned
                0x20000420       0xb0 obj_cc2538dk/packetbuf.o
 .bss.bufmem_memb_mem
                0x200004d0       0x20 obj_cc2538dk/queuebuf.o
 .bss.metadata_memb_memb_mem
                0x200004f0       0x60 obj_cc2538dk/csma.o
 .bss.neighbor_list_list
                0x20000550        0x4 obj_cc2538dk/csma.o
 .bss.packet_memb_memb_mem
                0x20000554       0x60 obj_cc2538dk/csma.o
 .bss.neighbor_memb_memb_mem
                0x200005b4       0x68 obj_cc2538dk/csma.o
 .bss.buflen    0x2000061c        0x2 obj_cc2538dk/packetbuf.o
 .bss.bufptr    0x2000061e        0x2 obj_cc2538dk/packetbuf.o
 .bss.buframmem_memb_mem
                0x20000620      0x5f0 obj_cc2538dk/queuebuf.o
 .bss.seqno.6266
                0x20000c10        0x2 obj_cc2538dk/csma.o
 .bss.leds      0x20000c12        0x1 obj_cc2538dk/leds.o
 .bss.num_sensors
                0x20000c13        0x1 obj_cc2538dk/sensors.o
 .bss.rf_flags  0x20000c14        0x1 obj_cc2538dk/cc2538-rf.o
 .bss.max_pm    0x20000c15        0x1 obj_cc2538dk/lpm.o
 .bss.initialized
                0x20000c16        0x1 obj_cc2538dk/ctimer.o
 .bss.fevent    0x20000c17        0x1 obj_cc2538dk/process.o
 .bss.nevents   0x20000c18        0x1 obj_cc2538dk/process.o
 .bss.poll_requested
                0x20000c19        0x1 obj_cc2538dk/process.o
 .bss.snum.5371
                0x20000c1a        0x1 obj_cc2538dk/process.o
 .bss.ev.5353   0x20000c1b        0x1 obj_cc2538dk/process.o
 .bss.lastevent
                0x20000c1c        0x1 obj_cc2538dk/process.o
 .bss.overflow.4700
                0x20000c1d        0x1 obj_cc2538dk/serial-line.o
 .bss.rxbuf_data
                0x20000c1e       0x80 obj_cc2538dk/serial-line.o
 .bss.buf.4706  0x20000c9e       0x80 obj_cc2538dk/serial-line.o
 .bss.hdrptr    0x20000d1e        0x1 obj_cc2538dk/packetbuf.o
 .bss.buframmem_memb_count
                0x20000d1f        0x8 obj_cc2538dk/queuebuf.o
 .bss.bufmem_memb_count
                0x20000d27        0x8 obj_cc2538dk/queuebuf.o
 .bss.packet_memb_memb_count
                0x20000d2f        0x8 obj_cc2538dk/csma.o
 .bss.initialized.6265
                0x20000d37        0x1 obj_cc2538dk/csma.o
 .bss.metadata_memb_memb_count
                0x20000d38        0x8 obj_cc2538dk/csma.o
 .bss.neighbor_memb_memb_count
                0x20000d40        0x2 obj_cc2538dk/csma.o
 *(SORT(COMMON))
 COMMON         0x20000d42        0x2 obj_cc2538dk/linkaddr.o
                0x20000d42                linkaddr_node_addr
 COMMON         0x20000d44       0x3c obj_cc2538dk/packetbuf.o
                0x20000d44                packetbuf_addrs
                0x20000d4c                packetbuf_attrs
 COMMON         0x20000d80        0x1 obj_cc2538dk/sensors.o
                0x20000d80                sensors_event
 COMMON         0x20000d81        0x9 obj_cc2538dk/smartrf-sensors.o
                0x20000d81                sensors_flags
 COMMON         0x20000d8a        0x1 obj_cc2538dk/serial-line.o
                0x20000d8a                serial_line_event_message
                0x20000d8b                _ebss = .

.stack          0x20000d90      0x800
 *(SORT(.stack))
 .stack         0x20000d90      0x800 obj_cc2538dk/startup-gcc.o
                0x20001590                _heap = .
                0x20008000                _eheap = (ORIGIN (FRSRAM) + 0x8000)

.nrdata         0x20000000        0x0
                0x20000000                _nrdata = .
 *(SORT(.nrdata*))
                0x20000000                _enrdata = .

.flashcca       0x0027ffd4       0x2c
 *(SORT(.flashcca))
 .flashcca      0x0027ffd4       0x2c obj_cc2538dk/startup-gcc.o
                0x0027ffd4                flash_cca_lock_page
OUTPUT(sniffer.elf elf32-littlearm)

.rel.dyn        0x00280000        0x0
 .rel.iplt      0x00000000        0x0 obj_cc2538dk/startup-gcc.o

.comment        0x00000000       0x70
 .comment       0x00000000       0x70 obj_cc2538dk/startup-gcc.o
                                 0x71 (size before relaxing)
 .comment       0x00000000       0x71 obj_cc2538dk/leds.o
 .comment       0x00000000       0x71 obj_cc2538dk/leds-arch.o
 .comment       0x00000000       0x71 obj_cc2538dk/contiki-main.o
 .comment       0x00000000       0x71 obj_cc2538dk/sensors.o
 .comment       0x00000000       0x71 obj_cc2538dk/smartrf-sensors.o
 .comment       0x00000000       0x71 obj_cc2538dk/button-sensor.o
 .comment       0x00000000       0x71 obj_cc2538dk/als-sensor.o
 .comment       0x00000000       0x71 obj_cc2538dk/clock.o
 .comment       0x00000000       0x71 obj_cc2538dk/rtimer-arch.o
 .comment       0x00000000       0x71 obj_cc2538dk/uart.o
 .comment       0x00000000       0x71 obj_cc2538dk/watchdog.o
 .comment       0x00000000       0x71 obj_cc2538dk/nvic.o
 .comment       0x00000000       0x71 obj_cc2538dk/cpu.o
 .comment       0x00000000       0x71 obj_cc2538dk/sys-ctrl.o
 .comment       0x00000000       0x71 obj_cc2538dk/gpio.o
 .comment       0x00000000       0x71 obj_cc2538dk/ioc.o
 .comment       0x00000000       0x71 obj_cc2538dk/adc.o
 .comment       0x00000000       0x71 obj_cc2538dk/crypto.o
 .comment       0x00000000       0x71 obj_cc2538dk/cc2538-rf.o
 .comment       0x00000000       0x71 obj_cc2538dk/udma.o
 .comment       0x00000000       0x71 obj_cc2538dk/lpm.o
 .comment       0x00000000       0x71 obj_cc2538dk/pka.o
 .comment       0x00000000       0x71 obj_cc2538dk/dbg.o
 .comment       0x00000000       0x71 obj_cc2538dk/ieee-addr.o
 .comment       0x00000000       0x71 obj_cc2538dk/cc2538-temp-sensor.o
 .comment       0x00000000       0x71 obj_cc2538dk/vdd3-sensor.o
 .comment       0x00000000       0x71 obj_cc2538dk/dbg-printf.o
 .comment       0x00000000       0x71 obj_cc2538dk/strformat.o
 .comment       0x00000000       0x71 obj_cc2538dk/autostart.o
 .comment       0x00000000       0x71 obj_cc2538dk/ctimer.o
 .comment       0x00000000       0x71 obj_cc2538dk/energest.o
 .comment       0x00000000       0x71 obj_cc2538dk/etimer.o
 .comment       0x00000000       0x71 obj_cc2538dk/process.o
 .comment       0x00000000       0x71 obj_cc2538dk/rtimer.o
 .comment       0x00000000       0x71 obj_cc2538dk/timer.o
 .comment       0x00000000       0x71 obj_cc2538dk/serial-line.o
 .comment       0x00000000       0x71 obj_cc2538dk/list.o
 .comment       0x00000000       0x71 obj_cc2538dk/memb.o
 .comment       0x00000000       0x71 obj_cc2538dk/random.o
 .comment       0x00000000       0x71 obj_cc2538dk/ringbuf.o
 .comment       0x00000000       0x71 obj_cc2538dk/abc.o
 .comment       0x00000000       0x71 obj_cc2538dk/announcement.o
 .comment       0x00000000       0x71 obj_cc2538dk/broadcast-announcement.o
 .comment       0x00000000       0x71 obj_cc2538dk/broadcast.o
 .comment       0x00000000       0x71 obj_cc2538dk/chameleon-bitopt.o
 .comment       0x00000000       0x71 obj_cc2538dk/chameleon.o
 .comment       0x00000000       0x71 obj_cc2538dk/channel.o
 .comment       0x00000000       0x71 obj_cc2538dk/rime.o
 .comment       0x00000000       0x71 obj_cc2538dk/linkaddr.o
 .comment       0x00000000       0x71 obj_cc2538dk/netstack.o
 .comment       0x00000000       0x71 obj_cc2538dk/packetbuf.o
 .comment       0x00000000       0x71 obj_cc2538dk/queuebuf.o
 .comment       0x00000000       0x71 obj_cc2538dk/csma.o
 .comment       0x00000000       0x71 obj_cc2538dk/mac.o
 .comment       0x00000000       0x71 obj_cc2538dk/nullsec.o
 .comment       0x00000000       0x71 sniffer.co
 .comment       0x00000000       0x71 obj_cc2538dk/stub-rdc.o

.ARM.attributes
                0x00000000       0x31
 .ARM.attributes
                0x00000000       0x33 obj_cc2538dk/startup-gcc.o
 .ARM.attributes
                0x00000033       0x33 obj_cc2538dk/leds.o
 .ARM.attributes
                0x00000066       0x33 obj_cc2538dk/leds-arch.o
 .ARM.attributes
                0x00000099       0x33 obj_cc2538dk/contiki-main.o
 .ARM.attributes
                0x000000cc       0x33 obj_cc2538dk/sensors.o
 .ARM.attributes
                0x000000ff       0x33 obj_cc2538dk/smartrf-sensors.o
 .ARM.attributes
                0x00000132       0x33 obj_cc2538dk/button-sensor.o
 .ARM.attributes
                0x00000165       0x33 obj_cc2538dk/als-sensor.o
 .ARM.attributes
                0x00000198       0x33 obj_cc2538dk/clock.o
 .ARM.attributes
                0x000001cb       0x33 obj_cc2538dk/rtimer-arch.o
 .ARM.attributes
                0x000001fe       0x33 obj_cc2538dk/uart.o
 .ARM.attributes
                0x00000231       0x33 obj_cc2538dk/watchdog.o
 .ARM.attributes
                0x00000264       0x33 obj_cc2538dk/nvic.o
 .ARM.attributes
                0x00000297       0x33 obj_cc2538dk/cpu.o
 .ARM.attributes
                0x000002ca       0x33 obj_cc2538dk/sys-ctrl.o
 .ARM.attributes
                0x000002fd       0x33 obj_cc2538dk/gpio.o
 .ARM.attributes
                0x00000330       0x33 obj_cc2538dk/ioc.o
 .ARM.attributes
                0x00000363       0x33 obj_cc2538dk/adc.o
 .ARM.attributes
                0x00000396       0x33 obj_cc2538dk/crypto.o
 .ARM.attributes
                0x000003c9       0x33 obj_cc2538dk/cc2538-rf.o
 .ARM.attributes
                0x000003fc       0x33 obj_cc2538dk/udma.o
 .ARM.attributes
                0x0000042f       0x33 obj_cc2538dk/lpm.o
 .ARM.attributes
                0x00000462       0x33 obj_cc2538dk/pka.o
 .ARM.attributes
                0x00000495       0x33 obj_cc2538dk/dbg.o
 .ARM.attributes
                0x000004c8       0x33 obj_cc2538dk/ieee-addr.o
 .ARM.attributes
                0x000004fb       0x33 obj_cc2538dk/cc2538-temp-sensor.o
 .ARM.attributes
                0x0000052e       0x33 obj_cc2538dk/vdd3-sensor.o
 .ARM.attributes
                0x00000561       0x33 obj_cc2538dk/dbg-printf.o
 .ARM.attributes
                0x00000594       0x33 obj_cc2538dk/strformat.o
 .ARM.attributes
                0x000005c7       0x33 obj_cc2538dk/autostart.o
 .ARM.attributes
                0x000005fa       0x33 obj_cc2538dk/ctimer.o
 .ARM.attributes
                0x0000062d       0x33 obj_cc2538dk/energest.o
 .ARM.attributes
                0x00000660       0x33 obj_cc2538dk/etimer.o
 .ARM.attributes
                0x00000693       0x33 obj_cc2538dk/process.o
 .ARM.attributes
                0x000006c6       0x33 obj_cc2538dk/rtimer.o
 .ARM.attributes
                0x000006f9       0x33 obj_cc2538dk/timer.o
 .ARM.attributes
                0x0000072c       0x33 obj_cc2538dk/serial-line.o
 .ARM.attributes
                0x0000075f       0x33 obj_cc2538dk/list.o
 .ARM.attributes
                0x00000792       0x33 obj_cc2538dk/memb.o
 .ARM.attributes
                0x000007c5       0x33 obj_cc2538dk/random.o
 .ARM.attributes
                0x000007f8       0x33 obj_cc2538dk/ringbuf.o
 .ARM.attributes
                0x0000082b       0x33 obj_cc2538dk/abc.o
 .ARM.attributes
                0x0000085e       0x33 obj_cc2538dk/announcement.o
 .ARM.attributes
                0x00000891       0x33 obj_cc2538dk/broadcast-announcement.o
 .ARM.attributes
                0x000008c4       0x33 obj_cc2538dk/broadcast.o
 .ARM.attributes
                0x000008f7       0x33 obj_cc2538dk/chameleon-bitopt.o
 .ARM.attributes
                0x0000092a       0x33 obj_cc2538dk/chameleon.o
 .ARM.attributes
                0x0000095d       0x33 obj_cc2538dk/channel.o
 .ARM.attributes
                0x00000990       0x33 obj_cc2538dk/rime.o
 .ARM.attributes
                0x000009c3       0x33 obj_cc2538dk/linkaddr.o
 .ARM.attributes
                0x000009f6       0x33 obj_cc2538dk/netstack.o
 .ARM.attributes
                0x00000a29       0x33 obj_cc2538dk/packetbuf.o
 .ARM.attributes
                0x00000a5c       0x33 obj_cc2538dk/queuebuf.o
 .ARM.attributes
                0x00000a8f       0x33 obj_cc2538dk/csma.o
 .ARM.attributes
                0x00000ac2       0x33 obj_cc2538dk/mac.o
 .ARM.attributes
                0x00000af5       0x33 obj_cc2538dk/nullsec.o
 .ARM.attributes
                0x00000b28       0x33 sniffer.co
 .ARM.attributes
                0x00000b5b       0x33 obj_cc2538dk/stub-rdc.o
 .ARM.attributes
                0x00000b8e       0x1d /usr/bin/../lib/gcc/arm-none-eabi/4.9.3/armv7-m/libgcc.a(_aeabi_uldivmod.o)
 .ARM.attributes
                0x00000bab       0x2d /usr/bin/../lib/gcc/arm-none-eabi/4.9.3/armv7-m/libgcc.a(bpabi.o)
 .ARM.attributes
                0x00000bd8       0x1d /usr/bin/../lib/gcc/arm-none-eabi/4.9.3/armv7-m/libgcc.a(_dvmd_tls.o)
 .ARM.attributes
                0x00000bf5       0x2d /usr/bin/../lib/gcc/arm-none-eabi/4.9.3/armv7-m/libgcc.a(_divdi3.o)
 .ARM.attributes
                0x00000c22       0x2d /usr/bin/../lib/gcc/arm-none-eabi/4.9.3/armv7-m/libgcc.a(_udivdi3.o)
 .ARM.attributes
                0x00000c4f       0x2d /usr/bin/../lib/gcc/arm-none-eabi/4.9.3/../../../../arm-none-eabi/lib/armv7-m/libc.a(lib_a-memcmp.o)
 .ARM.attributes
                0x00000c7c       0x1b /usr/bin/../lib/gcc/arm-none-eabi/4.9.3/../../../../arm-none-eabi/lib/armv7-m/libc.a(lib_a-memcpy.o)
 .ARM.attributes
                0x00000c97       0x2d /usr/bin/../lib/gcc/arm-none-eabi/4.9.3/../../../../arm-none-eabi/lib/armv7-m/libc.a(lib_a-memset.o)

.debug_frame    0x00000000      0x150
 .debug_frame   0x00000000       0x28 /usr/bin/../lib/gcc/arm-none-eabi/4.9.3/armv7-m/libgcc.a(_aeabi_uldivmod.o)
 .debug_frame   0x00000028       0x54 /usr/bin/../lib/gcc/arm-none-eabi/4.9.3/armv7-m/libgcc.a(bpabi.o)
 .debug_frame   0x0000007c       0x34 /usr/bin/../lib/gcc/arm-none-eabi/4.9.3/armv7-m/libgcc.a(_divdi3.o)
 .debug_frame   0x000000b0       0x34 /usr/bin/../lib/gcc/arm-none-eabi/4.9.3/armv7-m/libgcc.a(_udivdi3.o)
 .debug_frame   0x000000e4       0x38 /usr/bin/../lib/gcc/arm-none-eabi/4.9.3/../../../../arm-none-eabi/lib/armv7-m/libc.a(lib_a-memcmp.o)
 .debug_frame   0x0000011c       0x34 /usr/bin/../lib/gcc/arm-none-eabi/4.9.3/../../../../arm-none-eabi/lib/armv7-m/libc.a(lib_a-memset.o)

Cross Reference Table

Symbol                                            File
__aeabi_idiv0                                     /usr/bin/../lib/gcc/arm-none-eabi/4.9.3/armv7-m/libgcc.a(_dvmd_tls.o)
__aeabi_ldiv0                                     /usr/bin/../lib/gcc/arm-none-eabi/4.9.3/armv7-m/libgcc.a(_dvmd_tls.o)
                                                  /usr/bin/../lib/gcc/arm-none-eabi/4.9.3/armv7-m/libgcc.a(_aeabi_uldivmod.o)
__aeabi_uldivmod                                  /usr/bin/../lib/gcc/arm-none-eabi/4.9.3/armv7-m/libgcc.a(_aeabi_uldivmod.o)
                                                  obj_cc2538dk/strformat.o
__divdi3                                          /usr/bin/../lib/gcc/arm-none-eabi/4.9.3/armv7-m/libgcc.a(_divdi3.o)
                                                  /usr/bin/../lib/gcc/arm-none-eabi/4.9.3/armv7-m/libgcc.a(bpabi.o)
__gnu_ldivmod_helper                              /usr/bin/../lib/gcc/arm-none-eabi/4.9.3/armv7-m/libgcc.a(bpabi.o)
__gnu_uldivmod_helper                             /usr/bin/../lib/gcc/arm-none-eabi/4.9.3/armv7-m/libgcc.a(bpabi.o)
                                                  /usr/bin/../lib/gcc/arm-none-eabi/4.9.3/armv7-m/libgcc.a(_aeabi_uldivmod.o)
__malloc_av_                                      /usr/bin/../lib/gcc/arm-none-eabi/4.9.3/../../../../arm-none-eabi/lib/armv7-m/libc.a(lib_a-mallocr.o)
                                                  /usr/bin/../lib/gcc/arm-none-eabi/4.9.3/../../../../arm-none-eabi/lib/armv7-m/libc.a(lib_a-freer.o)
__malloc_current_mallinfo                         /usr/bin/../lib/gcc/arm-none-eabi/4.9.3/../../../../arm-none-eabi/lib/armv7-m/libc.a(lib_a-mallocr.o)
                                                  /usr/bin/../lib/gcc/arm-none-eabi/4.9.3/../../../../arm-none-eabi/lib/armv7-m/libc.a(lib_a-freer.o)
__malloc_lock                                     /usr/bin/../lib/gcc/arm-none-eabi/4.9.3/../../../../arm-none-eabi/lib/armv7-m/libc.a(lib_a-mlock.o)
                                                  /usr/bin/../lib/gcc/arm-none-eabi/4.9.3/../../../../arm-none-eabi/lib/armv7-m/libc.a(lib_a-mallocr.o)
                                                  /usr/bin/../lib/gcc/arm-none-eabi/4.9.3/../../../../arm-none-eabi/lib/armv7-m/libc.a(lib_a-freer.o)
__malloc_max_sbrked_mem                           /usr/bin/../lib/gcc/arm-none-eabi/4.9.3/../../../../arm-none-eabi/lib/armv7-m/libc.a(lib_a-mallocr.o)
__malloc_max_total_mem                            /usr/bin/../lib/gcc/arm-none-eabi/4.9.3/../../../../arm-none-eabi/lib/armv7-m/libc.a(lib_a-mallocr.o)
__malloc_sbrk_base                                /usr/bin/../lib/gcc/arm-none-eabi/4.9.3/../../../../arm-none-eabi/lib/armv7-m/libc.a(lib_a-mallocr.o)
                                                  /usr/bin/../lib/gcc/arm-none-eabi/4.9.3/../../../../arm-none-eabi/lib/armv7-m/libc.a(lib_a-freer.o)
__malloc_top_pad                                  /usr/bin/../lib/gcc/arm-none-eabi/4.9.3/../../../../arm-none-eabi/lib/armv7-m/libc.a(lib_a-mallocr.o)
                                                  /usr/bin/../lib/gcc/arm-none-eabi/4.9.3/../../../../arm-none-eabi/lib/armv7-m/libc.a(lib_a-freer.o)
__malloc_trim_threshold                           /usr/bin/../lib/gcc/arm-none-eabi/4.9.3/../../../../arm-none-eabi/lib/armv7-m/libc.a(lib_a-mallocr.o)
                                                  /usr/bin/../lib/gcc/arm-none-eabi/4.9.3/../../../../arm-none-eabi/lib/armv7-m/libc.a(lib_a-freer.o)
__malloc_unlock                                   /usr/bin/../lib/gcc/arm-none-eabi/4.9.3/../../../../arm-none-eabi/lib/armv7-m/libc.a(lib_a-mlock.o)
                                                  /usr/bin/../lib/gcc/arm-none-eabi/4.9.3/../../../../arm-none-eabi/lib/armv7-m/libc.a(lib_a-mallocr.o)
                                                  /usr/bin/../lib/gcc/arm-none-eabi/4.9.3/../../../../arm-none-eabi/lib/armv7-m/libc.a(lib_a-freer.o)
__udivdi3                                         /usr/bin/../lib/gcc/arm-none-eabi/4.9.3/armv7-m/libgcc.a(_udivdi3.o)
                                                  /usr/bin/../lib/gcc/arm-none-eabi/4.9.3/armv7-m/libgcc.a(bpabi.o)
_bss                                              obj_cc2538dk/startup-gcc.o
_data                                             obj_cc2538dk/startup-gcc.o
_ebss                                             obj_cc2538dk/startup-gcc.o
_edata                                            obj_cc2538dk/startup-gcc.o
_eheap                                            obj_cc2538dk/syscalls.o
_free_r                                           /usr/bin/../lib/gcc/arm-none-eabi/4.9.3/../../../../arm-none-eabi/lib/armv7-m/libc.a(lib_a-freer.o)
                                                  /usr/bin/../lib/gcc/arm-none-eabi/4.9.3/../../../../arm-none-eabi/lib/armv7-m/libc.a(lib_a-mallocr.o)
                                                  /usr/bin/../lib/gcc/arm-none-eabi/4.9.3/../../../../arm-none-eabi/lib/armv7-m/libc.a(lib_a-reent.o)
_global_impure_ptr                                /usr/bin/../lib/gcc/arm-none-eabi/4.9.3/../../../../arm-none-eabi/lib/armv7-m/libc.a(lib_a-impure.o)
_heap                                             obj_cc2538dk/syscalls.o
_impure_ptr                                       /usr/bin/../lib/gcc/arm-none-eabi/4.9.3/../../../../arm-none-eabi/lib/armv7-m/libc.a(lib_a-impure.o)
                                                  /usr/bin/../lib/gcc/arm-none-eabi/4.9.3/../../../../arm-none-eabi/lib/armv7-m/libc.a(lib_a-reent.o)
_ldata                                            obj_cc2538dk/startup-gcc.o
_malloc_r                                         /usr/bin/../lib/gcc/arm-none-eabi/4.9.3/../../../../arm-none-eabi/lib/armv7-m/libc.a(lib_a-mallocr.o)
_malloc_trim_r                                    /usr/bin/../lib/gcc/arm-none-eabi/4.9.3/../../../../arm-none-eabi/lib/armv7-m/libc.a(lib_a-freer.o)
_reclaim_reent                                    /usr/bin/../lib/gcc/arm-none-eabi/4.9.3/../../../../arm-none-eabi/lib/armv7-m/libc.a(lib_a-reent.o)
_sbrk                                             obj_cc2538dk/syscalls.o
                                                  /usr/bin/../lib/gcc/arm-none-eabi/4.9.3/../../../../arm-none-eabi/lib/armv7-m/libc.a(lib_a-sbrkr.o)
_sbrk_r                                           /usr/bin/../lib/gcc/arm-none-eabi/4.9.3/../../../../arm-none-eabi/lib/armv7-m/libc.a(lib_a-sbrkr.o)
                                                  /usr/bin/../lib/gcc/arm-none-eabi/4.9.3/../../../../arm-none-eabi/lib/armv7-m/libc.a(lib_a-mallocr.o)
                                                  /usr/bin/../lib/gcc/arm-none-eabi/4.9.3/../../../../arm-none-eabi/lib/armv7-m/libc.a(lib_a-freer.o)
_xassert                                          obj_cc2538dk/assert.o
abc_close                                         obj_cc2538dk/abc.o
                                                  obj_cc2538dk/polite.o
                                                  obj_cc2538dk/broadcast.o
abc_input                                         obj_cc2538dk/abc.o
                                                  obj_cc2538dk/rime.o
abc_open                                          obj_cc2538dk/abc.o
                                                  obj_cc2538dk/polite.o
                                                  obj_cc2538dk/broadcast.o
abc_send                                          obj_cc2538dk/abc.o
                                                  obj_cc2538dk/polite.o
                                                  obj_cc2538dk/broadcast.o
abc_sent                                          obj_cc2538dk/abc.o
                                                  obj_cc2538dk/rime.o
adc_get                                           obj_cc2538dk/adc.o
                                                  obj_cc2538dk/vdd3-sensor.o
                                                  obj_cc2538dk/cc2538-temp-sensor.o
                                                  obj_cc2538dk/als-sensor.o
adc_init                                          obj_cc2538dk/adc.o
                                                  obj_cc2538dk/contiki-main.o
aes_128_driver                                    obj_cc2538dk/aes-128.o
aes_128_set_padded_key                            obj_cc2538dk/aes-128.o
aes_auth_crypt_check_status                       obj_cc2538dk/aes.o
                                                  obj_cc2538dk/cc2538-ccm-star.o
                                                  obj_cc2538dk/ctr.o
                                                  obj_cc2538dk/cbc.o
                                                  obj_cc2538dk/ecb.o
aes_auth_crypt_get_result                         obj_cc2538dk/aes.o
                                                  obj_cc2538dk/ccm.o
                                                  obj_cc2538dk/gcm.o
                                                  obj_cc2538dk/cbc-mac.o
                                                  obj_cc2538dk/ctr.o
                                                  obj_cc2538dk/cbc.o
                                                  obj_cc2538dk/ecb.o
aes_auth_crypt_start                              obj_cc2538dk/aes.o
                                                  obj_cc2538dk/ccm.o
                                                  obj_cc2538dk/gcm.o
                                                  obj_cc2538dk/cbc-mac.o
                                                  obj_cc2538dk/ctr.o
                                                  obj_cc2538dk/cbc.o
                                                  obj_cc2538dk/ecb.o
aes_load_keys                                     obj_cc2538dk/aes.o
                                                  obj_cc2538dk/cc2538-aes-128.o
als_sensor                                        obj_cc2538dk/als-sensor.o
                                                  obj_cc2538dk/smartrf-sensors.o
announcement_bump                                 obj_cc2538dk/announcement.o
                                                  obj_cc2538dk/collect.o
announcement_heard                                obj_cc2538dk/announcement.o
                                                  obj_cc2538dk/polite-announcement.o
                                                  obj_cc2538dk/broadcast-announcement.o
announcement_init                                 obj_cc2538dk/announcement.o
                                                  obj_cc2538dk/rime.o
announcement_list                                 obj_cc2538dk/announcement.o
                                                  obj_cc2538dk/polite-announcement.o
                                                  obj_cc2538dk/broadcast-announcement.o
announcement_listen                               obj_cc2538dk/announcement.o
announcement_register                             obj_cc2538dk/announcement.o
                                                  obj_cc2538dk/collect.o
announcement_register_listen_callback             obj_cc2538dk/announcement.o
announcement_register_observer_callback           obj_cc2538dk/announcement.o
                                                  obj_cc2538dk/polite-announcement.o
                                                  obj_cc2538dk/broadcast-announcement.o
announcement_remove                               obj_cc2538dk/announcement.o
                                                  obj_cc2538dk/collect.o
announcement_remove_value                         obj_cc2538dk/announcement.o
announcement_set_value                            obj_cc2538dk/announcement.o
                                                  obj_cc2538dk/collect.o
anti_replay_get_counter                           obj_cc2538dk/anti-replay.o
anti_replay_init_info                             obj_cc2538dk/anti-replay.o
                                                  obj_cc2538dk/noncoresec.o
anti_replay_set_counter                           obj_cc2538dk/anti-replay.o
                                                  obj_cc2538dk/noncoresec.o
anti_replay_was_replayed                          obj_cc2538dk/anti-replay.o
                                                  obj_cc2538dk/noncoresec.o
arg_alloc                                         obj_cc2538dk/arg.o
arg_free                                          obj_cc2538dk/arg.o
arg_init                                          obj_cc2538dk/arg.o
autostart_exit                                    obj_cc2538dk/autostart.o
autostart_processes                               sniffer.co
                                                  obj_cc2538dk/contiki-main.o
autostart_start                                   obj_cc2538dk/autostart.o
                                                  obj_cc2538dk/contiki-main.o
avail_memory                                      obj_cc2538dk/mmem.o
bignum_add_get_result                             obj_cc2538dk/bignum-driver.o
                                                  obj_cc2538dk/ecc-algorithm.o
bignum_add_start                                  obj_cc2538dk/bignum-driver.o
                                                  obj_cc2538dk/ecc-algorithm.o
bignum_cmp_get_result                             obj_cc2538dk/bignum-driver.o
                                                  obj_cc2538dk/ecc-algorithm.o
bignum_cmp_start                                  obj_cc2538dk/bignum-driver.o
                                                  obj_cc2538dk/ecc-algorithm.o
bignum_divide_get_result                          obj_cc2538dk/bignum-driver.o
bignum_divide_start                               obj_cc2538dk/bignum-driver.o
bignum_exp_mod_get_result                         obj_cc2538dk/bignum-driver.o
bignum_exp_mod_start                              obj_cc2538dk/bignum-driver.o
bignum_inv_mod_get_result                         obj_cc2538dk/bignum-driver.o
                                                  obj_cc2538dk/ecc-algorithm.o
bignum_inv_mod_start                              obj_cc2538dk/bignum-driver.o
                                                  obj_cc2538dk/ecc-algorithm.o
bignum_mod_get_result                             obj_cc2538dk/bignum-driver.o
                                                  obj_cc2538dk/ecc-algorithm.o
bignum_mod_start                                  obj_cc2538dk/bignum-driver.o
                                                  obj_cc2538dk/ecc-algorithm.o
bignum_mul_get_result                             obj_cc2538dk/bignum-driver.o
                                                  obj_cc2538dk/ecc-algorithm.o
bignum_mul_start                                  obj_cc2538dk/bignum-driver.o
                                                  obj_cc2538dk/ecc-algorithm.o
bignum_subtract_get_result                        obj_cc2538dk/bignum-driver.o
bignum_subtract_start                             obj_cc2538dk/bignum-driver.o
broadcast_announcement_beacon_interval            obj_cc2538dk/broadcast-announcement.o
broadcast_announcement_init                       obj_cc2538dk/broadcast-announcement.o
                                                  obj_cc2538dk/rime.o
broadcast_announcement_stop                       obj_cc2538dk/broadcast-announcement.o
broadcast_close                                   obj_cc2538dk/broadcast.o
                                                  obj_cc2538dk/unicast.o
                                                  obj_cc2538dk/trickle.o
                                                  obj_cc2538dk/stbroadcast.o
                                                  obj_cc2538dk/neighbor-discovery.o
                                                  obj_cc2538dk/ipolite.o
                                                  obj_cc2538dk/broadcast-announcement.o
broadcast_open                                    obj_cc2538dk/broadcast.o
                                                  obj_cc2538dk/unicast.o
                                                  obj_cc2538dk/trickle.o
                                                  obj_cc2538dk/stbroadcast.o
                                                  obj_cc2538dk/neighbor-discovery.o
                                                  obj_cc2538dk/ipolite.o
                                                  obj_cc2538dk/broadcast-announcement.o
broadcast_send                                    obj_cc2538dk/broadcast.o
                                                  obj_cc2538dk/unicast.o
                                                  obj_cc2538dk/trickle.o
                                                  obj_cc2538dk/stbroadcast.o
                                                  obj_cc2538dk/neighbor-discovery.o
                                                  obj_cc2538dk/ipolite.o
                                                  obj_cc2538dk/broadcast-announcement.o
button_down_sensor                                obj_cc2538dk/button-sensor.o
                                                  obj_cc2538dk/smartrf-sensors.o
button_left_sensor                                obj_cc2538dk/button-sensor.o
                                                  obj_cc2538dk/smartrf-sensors.o
button_right_sensor                               obj_cc2538dk/button-sensor.o
                                                  obj_cc2538dk/smartrf-sensors.o
button_select_sensor                              obj_cc2538dk/button-sensor.o
                                                  obj_cc2538dk/smartrf-sensors.o
button_sensor_init                                obj_cc2538dk/button-sensor.o
                                                  obj_cc2538dk/contiki-main.o
button_up_sensor                                  obj_cc2538dk/button-sensor.o
                                                  obj_cc2538dk/smartrf-sensors.o
cbc_crypt_check_status                            obj_cc2538dk/cbc.o
cbc_crypt_start                                   obj_cc2538dk/cbc.o
cbc_mac_auth_get_result                           obj_cc2538dk/cbc-mac.o
cbc_mac_auth_start                                obj_cc2538dk/cbc-mac.o
cc2538_aes_128_driver                             obj_cc2538dk/cc2538-aes-128.o
                                                  obj_cc2538dk/ccm-star.o
                                                  obj_cc2538dk/aes-128.o
                                                  obj_cc2538dk/cc2538-ccm-star.o
cc2538_ccm_star_driver                            obj_cc2538dk/cc2538-ccm-star.o
                                                  obj_cc2538dk/noncoresec.o
cc2538_rf_driver                                  obj_cc2538dk/cc2538-rf.o
                                                  obj_cc2538dk/contikimac.o
                                                  obj_cc2538dk/nullrdc-noframer.o
                                                  obj_cc2538dk/nullrdc.o
                                                  obj_cc2538dk/netstack.o
                                                  obj_cc2538dk/contiki-main.o
cc2538_rf_err_isr                                 obj_cc2538dk/cc2538-rf.o
                                                  obj_cc2538dk/startup-gcc.o
cc2538_rf_process                                 obj_cc2538dk/cc2538-rf.o
cc2538_rf_rx_tx_isr                               obj_cc2538dk/cc2538-rf.o
                                                  obj_cc2538dk/startup-gcc.o
cc2538_rf_set_promiscous_mode                     obj_cc2538dk/cc2538-rf.o
cc2538_temp_sensor                                obj_cc2538dk/cc2538-temp-sensor.o
                                                  obj_cc2538dk/smartrf-sensors.o
ccm_auth_decrypt_get_result                       obj_cc2538dk/ccm.o
                                                  obj_cc2538dk/cc2538-ccm-star.o
ccm_auth_decrypt_start                            obj_cc2538dk/ccm.o
                                                  obj_cc2538dk/cc2538-ccm-star.o
ccm_auth_encrypt_get_result                       obj_cc2538dk/ccm.o
                                                  obj_cc2538dk/cc2538-ccm-star.o
ccm_auth_encrypt_start                            obj_cc2538dk/ccm.o
                                                  obj_cc2538dk/cc2538-ccm-star.o
ccm_star_driver                                   obj_cc2538dk/ccm-star.o
ccm_star_packetbuf_set_nonce                      obj_cc2538dk/ccm-star-packetbuf.o
                                                  obj_cc2538dk/noncoresec.o
cfs_close                                         obj_cc2538dk/cfs-coffee.o
cfs_closedir                                      obj_cc2538dk/cfs-coffee.o
cfs_coffee_arch_erase                             obj_cc2538dk/cfs-coffee-arch.o
cfs_coffee_arch_read                              obj_cc2538dk/cfs-coffee-arch.o
                                                  obj_cc2538dk/cfs-coffee.o
cfs_coffee_arch_write                             obj_cc2538dk/cfs-coffee-arch.o
                                                  obj_cc2538dk/cfs-coffee.o
cfs_coffee_configure_log                          obj_cc2538dk/cfs-coffee.o
cfs_coffee_format                                 obj_cc2538dk/cfs-coffee.o
cfs_coffee_get_protected_mem                      obj_cc2538dk/cfs-coffee.o
cfs_coffee_reserve                                obj_cc2538dk/cfs-coffee.o
cfs_open                                          obj_cc2538dk/cfs-coffee.o
cfs_opendir                                       obj_cc2538dk/cfs-coffee.o
cfs_read                                          obj_cc2538dk/cfs-coffee.o
cfs_readdir                                       obj_cc2538dk/cfs-coffee.o
cfs_remove                                        obj_cc2538dk/cfs-coffee.o
cfs_seek                                          obj_cc2538dk/cfs-coffee.o
cfs_write                                         obj_cc2538dk/cfs-coffee.o
chameleon_bitopt                                  obj_cc2538dk/chameleon-bitopt.o
                                                  obj_cc2538dk/chameleon.o
chameleon_create                                  obj_cc2538dk/chameleon.o
                                                  obj_cc2538dk/rime.o
chameleon_hdrsize                                 obj_cc2538dk/chameleon.o
                                                  obj_cc2538dk/channel.o
chameleon_init                                    obj_cc2538dk/chameleon.o
                                                  obj_cc2538dk/rime.o
chameleon_parse                                   obj_cc2538dk/chameleon.o
                                                  obj_cc2538dk/rime.o
chameleon_raw                                     obj_cc2538dk/chameleon-raw.o
channel_close                                     obj_cc2538dk/channel.o
                                                  obj_cc2538dk/abc.o
channel_init                                      obj_cc2538dk/channel.o
                                                  obj_cc2538dk/chameleon.o
channel_lookup                                    obj_cc2538dk/channel.o
                                                  obj_cc2538dk/chameleon-raw.o
                                                  obj_cc2538dk/chameleon-bitopt.o
channel_open                                      obj_cc2538dk/channel.o
                                                  obj_cc2538dk/abc.o
channel_set_attributes                            obj_cc2538dk/channel.o
                                                  obj_cc2538dk/unicast.o
                                                  obj_cc2538dk/trickle.o
                                                  obj_cc2538dk/runicast.o
                                                  obj_cc2538dk/multihop.o
                                                  obj_cc2538dk/collect.o
                                                  obj_cc2538dk/broadcast.o
                                                  obj_cc2538dk/abc.o
cleanup_glue                                      /usr/bin/../lib/gcc/arm-none-eabi/4.9.3/../../../../arm-none-eabi/lib/armv7-m/libc.a(lib_a-reent.o)
clock_adjust                                      obj_cc2538dk/clock.o
                                                  obj_cc2538dk/lpm.o
clock_delay                                       obj_cc2538dk/clock.o
                                                  obj_cc2538dk/leds.o
clock_delay_usec                                  obj_cc2538dk/clock.o
                                                  obj_cc2538dk/i2c.o
                                                  obj_cc2538dk/cc2538-rf.o
                                                  obj_cc2538dk/als-sensor.o
clock_init                                        obj_cc2538dk/clock.o
                                                  obj_cc2538dk/contiki-main.o
clock_isr                                         obj_cc2538dk/clock.o
                                                  obj_cc2538dk/startup-gcc.o
clock_seconds                                     obj_cc2538dk/clock.o
                                                  obj_cc2538dk/stimer.o
clock_set_seconds                                 obj_cc2538dk/clock.o
clock_time                                        obj_cc2538dk/clock.o
                                                  obj_cc2538dk/collect.o
                                                  obj_cc2538dk/trickle-timer.o
                                                  obj_cc2538dk/timer.o
                                                  obj_cc2538dk/etimer.o
clock_wait                                        obj_cc2538dk/clock.o
collect_close                                     obj_cc2538dk/collect.o
collect_depth                                     obj_cc2538dk/collect.o
collect_link_estimate                             obj_cc2538dk/collect-link-estimate.o
                                                  obj_cc2538dk/collect-neighbor.o
collect_link_estimate_new                         obj_cc2538dk/collect-link-estimate.o
                                                  obj_cc2538dk/collect-neighbor.o
collect_link_estimate_num_estimates               obj_cc2538dk/collect-link-estimate.o
                                                  obj_cc2538dk/collect.o
collect_link_estimate_update_rx                   obj_cc2538dk/collect-link-estimate.o
                                                  obj_cc2538dk/collect-neighbor.o
collect_link_estimate_update_tx                   obj_cc2538dk/collect-link-estimate.o
                                                  obj_cc2538dk/collect-neighbor.o
collect_link_estimate_update_tx_fail              obj_cc2538dk/collect-link-estimate.o
                                                  obj_cc2538dk/collect-neighbor.o
collect_neighbor_init                             obj_cc2538dk/collect-neighbor.o
                                                  obj_cc2538dk/collect.o
collect_neighbor_is_congested                     obj_cc2538dk/collect-neighbor.o
collect_neighbor_link_estimate                    obj_cc2538dk/collect-neighbor.o
collect_neighbor_list                             obj_cc2538dk/collect-neighbor.o
                                                  obj_cc2538dk/collect.o
collect_neighbor_list_add                         obj_cc2538dk/collect-neighbor.o
                                                  obj_cc2538dk/collect.o
collect_neighbor_list_best                        obj_cc2538dk/collect-neighbor.o
                                                  obj_cc2538dk/collect.o
collect_neighbor_list_find                        obj_cc2538dk/collect-neighbor.o
                                                  obj_cc2538dk/collect.o
collect_neighbor_list_get                         obj_cc2538dk/collect-neighbor.o
collect_neighbor_list_new                         obj_cc2538dk/collect-neighbor.o
                                                  obj_cc2538dk/collect.o
collect_neighbor_list_num                         obj_cc2538dk/collect-neighbor.o
collect_neighbor_list_purge                       obj_cc2538dk/collect-neighbor.o
                                                  obj_cc2538dk/collect.o
collect_neighbor_list_remove                      obj_cc2538dk/collect-neighbor.o
collect_neighbor_rtmetric                         obj_cc2538dk/collect-neighbor.o
                                                  obj_cc2538dk/collect.o
collect_neighbor_rtmetric_link_estimate           obj_cc2538dk/collect-neighbor.o
                                                  obj_cc2538dk/collect.o
collect_neighbor_rx                               obj_cc2538dk/collect-neighbor.o
collect_neighbor_set_congested                    obj_cc2538dk/collect-neighbor.o
                                                  obj_cc2538dk/collect.o
collect_neighbor_tx                               obj_cc2538dk/collect-neighbor.o
                                                  obj_cc2538dk/collect.o
collect_neighbor_tx_fail                          obj_cc2538dk/collect-neighbor.o
                                                  obj_cc2538dk/collect.o
collect_neighbor_update_rtmetric                  obj_cc2538dk/collect-neighbor.o
                                                  obj_cc2538dk/collect.o
collect_open                                      obj_cc2538dk/collect.o
collect_parent                                    obj_cc2538dk/collect.o
collect_print_stats                               obj_cc2538dk/collect.o
collect_purge                                     obj_cc2538dk/collect.o
collect_send                                      obj_cc2538dk/collect.o
collect_set_keepalive                             obj_cc2538dk/collect.o
collect_set_sink                                  obj_cc2538dk/collect.o
compower_accumulate                               obj_cc2538dk/compower.o
compower_accumulate_attrs                         obj_cc2538dk/compower.o
compower_attrconv                                 obj_cc2538dk/compower.o
compower_clear                                    obj_cc2538dk/compower.o
compower_idle_activity                            obj_cc2538dk/compower.o
compower_init                                     obj_cc2538dk/compower.o
configuration_block                               obj_cc2538dk/cdc-acm-descriptors.o
configuration_head                                obj_cc2538dk/cdc-acm-descriptors.o
                                                  obj_cc2538dk/usb-core.o
contikimac_debug_print                            obj_cc2538dk/contikimac.o
contikimac_driver                                 obj_cc2538dk/contikimac.o
contikimac_framer                                 obj_cc2538dk/contikimac-framer.o
                                                  obj_cc2538dk/contikimac.o
                                                  obj_cc2538dk/nullrdc.o
cpu_cpsid                                         obj_cc2538dk/cpu.o
                                                  obj_cc2538dk/cfs-coffee-arch.o
                                                  obj_cc2538dk/watchdog.o
                                                  obj_cc2538dk/rtimer-arch.o
cpu_cpsie                                         obj_cc2538dk/cpu.o
                                                  obj_cc2538dk/cfs-coffee-arch.o
                                                  obj_cc2538dk/rtimer-arch.o
                                                  obj_cc2538dk/contiki-main.o
crc16_add                                         obj_cc2538dk/crc16.o
crc16_data                                        obj_cc2538dk/crc16.o
crypto_disable                                    obj_cc2538dk/crypto.o
                                                  obj_cc2538dk/cc2538-ccm-star.o
                                                  obj_cc2538dk/cc2538-aes-128.o
                                                  obj_cc2538dk/contiki-main.o
crypto_enable                                     obj_cc2538dk/crypto.o
                                                  obj_cc2538dk/cc2538-ccm-star.o
                                                  obj_cc2538dk/cc2538-aes-128.o
crypto_init                                       obj_cc2538dk/crypto.o
                                                  obj_cc2538dk/contiki-main.o
crypto_isr                                        obj_cc2538dk/crypto.o
                                                  obj_cc2538dk/startup-gcc.o
crypto_register_process_notification              obj_cc2538dk/crypto.o
                                                  obj_cc2538dk/aes.o
csma_driver                                       obj_cc2538dk/csma.o
                                                  obj_cc2538dk/noncoresec.o
                                                  obj_cc2538dk/nullsec.o
                                                  obj_cc2538dk/contikimac.o
                                                  obj_cc2538dk/nullrdc-noframer.o
                                                  obj_cc2538dk/nullrdc.o
                                                  obj_cc2538dk/contiki-main.o
ctimer_expired                                    obj_cc2538dk/ctimer.o
ctimer_init                                       obj_cc2538dk/ctimer.o
                                                  obj_cc2538dk/contiki-main.o
ctimer_process                                    obj_cc2538dk/ctimer.o
ctimer_reset                                      obj_cc2538dk/ctimer.o
                                                  obj_cc2538dk/stbroadcast.o
ctimer_restart                                    obj_cc2538dk/ctimer.o
                                                  obj_cc2538dk/stunicast.o
ctimer_set                                        obj_cc2538dk/ctimer.o
                                                  obj_cc2538dk/contikimac.o
                                                  obj_cc2538dk/phase.o
                                                  obj_cc2538dk/csma.o
                                                  obj_cc2538dk/trickle.o
                                                  obj_cc2538dk/stunicast.o
                                                  obj_cc2538dk/stbroadcast.o
                                                  obj_cc2538dk/rudolph2.o