Archive member included because of file (symbol)

contiki-sky.a(cmd.o)          slip-radio.co (cmd_input)
contiki-sky.a(packetutils.o)  slip-radio.co (packetutils_deserialize_atts)
contiki-sky.a(contiki-sky-pla)
                              obj_sky/contiki-sky-main.o (init_platform)
contiki-sky.a(button-sensor.o)
                              contiki-sky.a(contiki-sky-pla) (button_sensor)
contiki-sky.a(ds2411.o)       obj_sky/contiki-sky-main.o (ds2411_init)
contiki-sky.a(xmem.o)         obj_sky/contiki-sky-main.o (xmem_init)
contiki-sky.a(node-id.o)      obj_sky/contiki-sky-main.o (node_id_restore)
contiki-sky.a(sensors.o)      contiki-sky.a(button-sensor.o) (sensors_changed)
contiki-sky.a(cc2420.o)       obj_sky/contiki-sky-main.o (cc2420_set_pan_addr)
contiki-sky.a(cc2420-arch.o)  contiki-sky.a(cc2420.o) (cc2420_arch_init)
contiki-sky.a(uart1.o)        obj_sky/contiki-sky-main.o (uart1_active)
contiki-sky.a(slip_uart1.o)   slip-radio.co (slip_arch_writeb)
contiki-sky.a(slip.o)         slip-radio.co (slip_process)
contiki-sky.a(msp430.o)       contiki-sky.a(uart1.o) (msp430_add_lpm_req)
contiki-sky.a(clock.o)        obj_sky/contiki-sky-main.o (clock_init)
contiki-sky.a(leds.o)         obj_sky/contiki-sky-main.o (leds_init)
contiki-sky.a(leds-arch.o)    contiki-sky.a(leds.o) (leds_arch_init)
contiki-sky.a(watchdog.o)     obj_sky/contiki-sky-main.o (watchdog_start)
contiki-sky.a(rtimer-arch.o)  obj_sky/contiki-sky-main.o (rtimer_arch_now)
contiki-sky.a(ctimer.o)       obj_sky/contiki-sky-main.o (ctimer_init)
contiki-sky.a(autostart.o)    obj_sky/contiki-sky-main.o (autostart_start)
contiki-sky.a(energest.o)     obj_sky/contiki-sky-main.o (energest_init)
contiki-sky.a(etimer.o)       contiki-sky.a(clock.o) (etimer_request_poll)
contiki-sky.a(process.o)      contiki-sky.a(ctimer.o) (process_current)
contiki-sky.a(rtimer.o)       obj_sky/contiki-sky-main.o (rtimer_init)
contiki-sky.a(timer.o)        obj_sky/contiki-sky-main.o (timer_set)
contiki-sky.a(list.o)         contiki-sky.a(ctimer.o) (list_init)
contiki-sky.a(random.o)       obj_sky/contiki-sky-main.o (random_init)
contiki-sky.a(uip-ds6.o)      obj_sky/contiki-sky-main.o (uip_ds6_get_link_local)
contiki-sky.a(uip-ds6-route.o)
                              contiki-sky.a(uip-ds6.o) (uip_ds6_route_init)
contiki-sky.a(uip6.o)         slip-radio.co (uip_aligned_buf)
contiki-sky.a(uip-ds6-nbr.o)  contiki-sky.a(uip-ds6.o) (uip_ds6_neighbors_init)
contiki-sky.a(uip-nd6.o)      contiki-sky.a(uip-ds6.o) (uip_nd6_rs_output)
contiki-sky.a(uip-debug.o)    contiki-sky.a(uip-ds6-route.o) (uip_debug_ipaddr_print)
contiki-sky.a(tcpip.o)        contiki-sky.a(slip.o) (tcpip_input)
contiki-sky.a(nullmac.o)      obj_sky/contiki-sky-main.o (nullmac_driver)
contiki-sky.a(frame802154.o)  obj_sky/no-framer.o (frame802154_parse)
contiki-sky.a(queuebuf.o)     obj_sky/contiki-sky-main.o (queuebuf_init)
contiki-sky.a(nbr-table.o)    contiki-sky.a(uip-ds6-route.o) (nbr_table_register)
contiki-sky.a(packetbuf.o)    slip-radio.co (packetbuf_set_datalen)
contiki-sky.a(linkaddr.o)     obj_sky/no-framer.o (linkaddr_copy)
contiki-sky.a(link-stats.o)   contiki-sky.a(uip-ds6-nbr.o) (link_stats_packet_sent)
contiki-sky.a(contikimac.o)   slip-radio.co (contikimac_driver)
contiki-sky.a(nullsec.o)      slip-radio.co (nullsec_driver)
contiki-sky.a(spi.o)          contiki-sky.a(xmem.o) (spi_init)
contiki-sky.a(stimer.o)       contiki-sky.a(uip-ds6.o) (stimer_set)
contiki-sky.a(compower.o)     contiki-sky.a(contikimac.o) (compower_accumulate)
contiki-sky.a(memb.o)         contiki-sky.a(uip-ds6-route.o) (memb_init)
contiki-sky.a(uip-icmp6.o)    contiki-sky.a(uip6.o) (uip_icmp6_input)
contiki-sky.a(mac-sequence.o)
                              contiki-sky.a(contikimac.o) (mac_sequence_is_duplicate)
contiki-sky.a(mac.o)          contiki-sky.a(contikimac.o) (mac_call_sent_callback)
/usr/lib/gcc/msp430/4.6.3/mmpy-16/libgcc.a(_mulsi3.o)
                              contiki-sky.a(nbr-table.o) (__mulsi3)
/usr/lib/gcc/msp430/4.6.3/mmpy-16/libgcc.a(_divmod16.o)
                              contiki-sky.a(nbr-table.o) (__divhi3)
/usr/lib/gcc/msp430/4.6.3/mmpy-16/libgcc.a(_udivmod32.o)
                              obj_sky/contiki-sky-main.o (__udivsi3)
/usr/lib/gcc/msp430/4.6.3/mmpy-16/libgcc.a(_divmod32.o)
                              contiki-sky.a(link-stats.o) (__divsi3)
/usr/lib/gcc/msp430/4.6.3/mmpy-16/libgcc.a(_udivmod16.o)
                              /usr/lib/gcc/msp430/4.6.3/mmpy-16/libgcc.a(_divmod16.o) (__ext_udivmod16)
/usr/lib/gcc/msp430/4.6.3/../../../../msp430/lib/mmpy-16/libc.a(strncmp.o)
                              contiki-sky.a(sensors.o) (strncmp)
/usr/lib/gcc/msp430/4.6.3/../../../../msp430/lib/mmpy-16/libc.a(memcmp.o)
                              contiki-sky.a(slip.o) (memcmp)
/usr/lib/gcc/msp430/4.6.3/../../../../msp430/lib/mmpy-16/libc.a(memcpy.o)
                              slip-radio.co (memcpy)
/usr/lib/gcc/msp430/4.6.3/../../../../msp430/lib/mmpy-16/libc.a(memmove.o)
[...]
Memory Configuration

Name             Origin             Length             Attributes
sfr              0x00000000         0x00000010
peripheral_8bit  0x00000010         0x000000f0
peripheral_16bit 0x00000100         0x00000100
ram_mirror       0x00000200         0x00000800         xw
infomem          0x00001000         0x00000100
infob            0x00001000         0x00000080
infoa            0x00001080         0x00000080
ram              0x00001100         0x00002800         xw
rom              0x00004000         0x0000bfe0         xr
vectors          0x0000ffe0         0x00000020
bsl              0x00000000         0x00000000
infoc            0x00000000         0x00000000
infod            0x00000000         0x00000000
ram2             0x00000000         0x00000000         xw
usbram           0x00000000         0x00000000         xw
far_rom          0x00000000         0x00000000
*default*        0x00000000         0xffffffff

Linker script and memory map

LOAD /usr/lib/gcc/msp430/4.6.3/mmpy-16/crt0ivtbl16.o
LOAD slip-radio.co
LOAD obj_sky/slip-net.o
LOAD obj_sky/no-framer.o
LOAD obj_sky/contiki-sky-main.o
LOAD contiki-sky.a
LOAD /usr/lib/gcc/msp430/4.6.3/mmpy-16/libgcc.a
LOAD /usr/lib/gcc/msp430/4.6.3/../../../../msp430/lib/mmpy-16/libc.a
LOAD /usr/lib/gcc/msp430/4.6.3/mmpy-16/libgcc.a
LOAD /usr/lib/gcc/msp430/4.6.3/mmpy-16/libcrt0.a
                0x00000080                PROVIDE (__info_segment_size, 0x80)
                0x00001000                PROVIDE (__infob, 0x1000)
                0x00001080                PROVIDE (__infoa, 0x1080)
                0x00000000                __IE1 = 0x0
                0x00000002                __IFG1 = 0x2
                0x00000004                __ME1 = 0x4
                0x00000001                __IE2 = 0x1
                0x00000003                __IFG2 = 0x3
                0x00000005                __ME2 = 0x5
                0x00000120                __WDTCTL = 0x120
                0x00000130                __MPY = 0x130
                0x00000132                __MPYS = 0x132
                0x00000134                __MAC = 0x134
                0x00000136                __MACS = 0x136
                0x00000138                __OP2 = 0x138
                0x0000013a                __RESLO = 0x13a
                0x0000013c                __RESHI = 0x13c
                0x0000013e                __SUMEXT = 0x13e
                0x00000020                __P1IN = 0x20
                0x00000021                __P1OUT = 0x21
                0x00000022                __P1DIR = 0x22
                0x00000023                __P1IFG = 0x23
                0x00000024                __P1IES = 0x24
                0x00000025                __P1IE = 0x25
                0x00000026                __P1SEL = 0x26
                0x00000028                __P2IN = 0x28
                0x00000029                __P2OUT = 0x29
                0x0000002a                __P2DIR = 0x2a
                0x0000002b                __P2IFG = 0x2b
                0x0000002c                __P2IES = 0x2c
                0x0000002d                __P2IE = 0x2d
                0x0000002e                __P2SEL = 0x2e
                0x00000018                __P3IN = 0x18
                0x00000019                __P3OUT = 0x19
                0x0000001a                __P3DIR = 0x1a
                0x0000001b                __P3SEL = 0x1b
                0x0000001c                __P4IN = 0x1c
                0x0000001d                __P4OUT = 0x1d
                0x0000001e                __P4DIR = 0x1e
                0x0000001f                __P4SEL = 0x1f
                0x00000030                __P5IN = 0x30
                0x00000031                __P5OUT = 0x31
                0x00000032                __P5DIR = 0x32
                0x00000033                __P5SEL = 0x33
                0x00000034                __P6IN = 0x34
                0x00000035                __P6OUT = 0x35
                0x00000036                __P6DIR = 0x36
                0x00000037                __P6SEL = 0x37
                0x00000070                __U0CTL = 0x70
                0x00000071                __U0TCTL = 0x71
                0x00000072                __U0RCTL = 0x72
                0x00000073                __U0MCTL = 0x73
                0x00000074                __U0BR0 = 0x74
                0x00000075                __U0BR1 = 0x75
                0x00000076                __U0RXBUF = 0x76
                0x00000077                __U0TXBUF = 0x77
                0x00000078                __U1CTL = 0x78
                0x00000079                __U1TCTL = 0x79
                0x0000007a                __U1RCTL = 0x7a
                0x0000007b                __U1MCTL = 0x7b
                0x0000007c                __U1BR0 = 0x7c
                0x0000007d                __U1BR1 = 0x7d
                0x0000007e                __U1RXBUF = 0x7e
                0x0000007f                __U1TXBUF = 0x7f
                0x00000050                __I2CIE = 0x50
                0x00000051                __I2CIFG = 0x51
                0x00000052                __I2CNDAT = 0x52
                0x00000071                __I2CTCTL = 0x71
                0x00000072                __I2CDCTL = 0x72
                0x00000073                __I2CPSC = 0x73
                0x00000074                __I2CSCLH = 0x74
                0x00000075                __I2CSCLL = 0x75
                0x00000076                __I2CDRB = 0x76
                0x00000076                __I2CDRW = 0x76
                0x00000118                __I2COA = 0x118
                0x0000011a                __I2CSA = 0x11a
                0x0000011c                __I2CIV = 0x11c
                0x0000012e                __TAIV = 0x12e
                0x00000160                __TACTL = 0x160
                0x00000162                __TACCTL0 = 0x162
                0x00000164                __TACCTL1 = 0x164
                0x00000166                __TACCTL2 = 0x166
                0x00000170                __TAR = 0x170
                0x00000172                __TACCR0 = 0x172
                0x00000174                __TACCR1 = 0x174
                0x00000176                __TACCR2 = 0x176
                0x0000011e                __TBIV = 0x11e
                0x00000180                __TBCTL = 0x180
                0x00000182                __TBCCTL0 = 0x182
                0x00000184                __TBCCTL1 = 0x184
                0x00000186                __TBCCTL2 = 0x186
                0x00000188                __TBCCTL3 = 0x188
                0x0000018a                __TBCCTL4 = 0x18a
                0x0000018c                __TBCCTL5 = 0x18c
                0x0000018e                __TBCCTL6 = 0x18e
                0x00000190                __TBR = 0x190
                0x00000192                __TBCCR0 = 0x192
                0x00000194                __TBCCR1 = 0x194
                0x00000196                __TBCCR2 = 0x196
                0x00000198                __TBCCR3 = 0x198
                0x0000019a                __TBCCR4 = 0x19a
                0x0000019c                __TBCCR5 = 0x19c
                0x0000019e                __TBCCR6 = 0x19e
                0x00000056                __DCOCTL = 0x56
                0x00000057                __BCSCTL1 = 0x57
                0x00000058                __BCSCTL2 = 0x58
                0x00000055                __SVSCTL = 0x55
                0x00000128                __FCTL1 = 0x128
                0x0000012a                __FCTL2 = 0x12a
                0x0000012c                __FCTL3 = 0x12c
                0x00000059                __CACTL1 = 0x59
                0x0000005a                __CACTL2 = 0x5a
                0x0000005b                __CAPD = 0x5b
                0x000001a0                __ADC12CTL0 = 0x1a0
                0x000001a2                __ADC12CTL1 = 0x1a2
                0x000001a4                __ADC12IFG = 0x1a4
                0x000001a6                __ADC12IE = 0x1a6
                0x000001a8                __ADC12IV = 0x1a8
                0x00000140                __ADC12MEM0 = 0x140
                0x00000142                __ADC12MEM1 = 0x142
                0x00000144                __ADC12MEM2 = 0x144
                0x00000146                __ADC12MEM3 = 0x146
                0x00000148                __ADC12MEM4 = 0x148
                0x0000014a                __ADC12MEM5 = 0x14a
                0x0000014c                __ADC12MEM6 = 0x14c
                0x0000014e                __ADC12MEM7 = 0x14e
                0x00000150                __ADC12MEM8 = 0x150
                0x00000152                __ADC12MEM9 = 0x152
                0x00000154                __ADC12MEM10 = 0x154
                0x00000156                __ADC12MEM11 = 0x156
                0x00000158                __ADC12MEM12 = 0x158
                0x0000015a                __ADC12MEM13 = 0x15a
                0x0000015c                __ADC12MEM14 = 0x15c
                0x0000015e                __ADC12MEM15 = 0x15e
                0x00000080                __ADC12MCTL0 = 0x80
                0x00000081                __ADC12MCTL1 = 0x81
                0x00000082                __ADC12MCTL2 = 0x82
                0x00000083                __ADC12MCTL3 = 0x83
                0x00000084                __ADC12MCTL4 = 0x84
                0x00000085                __ADC12MCTL5 = 0x85
                0x00000086                __ADC12MCTL6 = 0x86
                0x00000087                __ADC12MCTL7 = 0x87
                0x00000088                __ADC12MCTL8 = 0x88
                0x00000089                __ADC12MCTL9 = 0x89
                0x0000008a                __ADC12MCTL10 = 0x8a
                0x0000008b                __ADC12MCTL11 = 0x8b
                0x0000008c                __ADC12MCTL12 = 0x8c
                0x0000008d                __ADC12MCTL13 = 0x8d
                0x0000008e                __ADC12MCTL14 = 0x8e
                0x0000008f                __ADC12MCTL15 = 0x8f
                0x000001c0                __DAC12_0CTL = 0x1c0
                0x000001c2                __DAC12_1CTL = 0x1c2
                0x000001c8                __DAC12_0DAT = 0x1c8
                0x000001ca                __DAC12_1DAT = 0x1ca
                0x00000122                __DMACTL0 = 0x122
                0x00000124                __DMACTL1 = 0x124
                0x000001e0                __DMA0CTL = 0x1e0
                0x000001e8                __DMA1CTL = 0x1e8
                0x000001f0                __DMA2CTL = 0x1f0
                0x000001e2                __DMA0SA = 0x1e2
                0x000001e4                __DMA0DA = 0x1e4
                0x000001e6                __DMA0SZ = 0x1e6
                0x000001ea                __DMA1SA = 0x1ea
                0x000001ec                __DMA1DA = 0x1ec
                0x000001ee                __DMA1SZ = 0x1ee
                0x000001f2                __DMA2SA = 0x1f2
                0x000001f4                __DMA2DA = 0x1f4
                0x000001f6                __DMA2SZ = 0x1f6

.hash
 *(.hash)

.dynsym
 *(.dynsym)

.dynstr
 *(.dynstr)

.gnu.version
 *(.gnu.version)

.gnu.version_d
 *(.gnu.version_d)

.gnu.version_r
 *(.gnu.version_r)

.rel.init
 *(.rel.init)

.rela.init
 *(.rela.init)

.rel.fini
 *(.rel.fini)

.rela.fini
 *(.rela.fini)

.rel.text
 *(.rel.text .rel.text.* .rel.gnu.linkonce.t.*)

.rela.text
 *(.rela.text .rela.text.* .rela.gnu.linkonce.t.*)

.rel.rodata
 *(.rel.rodata .rel.rodata.* .rel.gnu.linkonce.r.*)

.rela.rodata
 *(.rela.rodata .rela.rodata.* .rela.gnu.linkonce.r.*)

.rel.data
 *(.rel.data .rel.data.* .rel.gnu.linkonce.d.*)

.rela.data
 *(.rela.data .rela.data.* .rela.gnu.linkonce.d.*)

.rel.bss
 *(.rel.bss .rel.bss.* .rel.gnu.linkonce.b.*)

.rela.bss
 *(.rela.bss .rela.bss.* .rela.gnu.linkonce.b.*)

.rel.ctors
 *(.rel.ctors)

.rela.ctors
 *(.rela.ctors)

.rel.dtors
 *(.rel.dtors)

.rela.dtors
 *(.rela.dtors)

.rel.got
 *(.rel.got)

.rela.got
 *(.rela.got)

.rel.plt
 *(.rel.plt)

.rela.plt
 *(.rela.plt)

.text           0x00004000     0x725a
                0x00004000                . = ALIGN (0x2)
 *(.init .init.*)
 *(.init0)
 .init0         0x00004000        0x0 /usr/lib/gcc/msp430/4.6.3/mmpy-16/libcrt0.a(_reset_vector__.o)
                0x00004000                _reset_vector__
 *(.init1)
 .init1         0x00004000        0xc /usr/lib/gcc/msp430/4.6.3/mmpy-16/libcrt0.a(__watchdog_support.o)
                0x00004000                __watchdog_support
 *(.init2)
 .init2         0x0000400c        0x4 /usr/lib/gcc/msp430/4.6.3/mmpy-16/libcrt0.a(__init_stack.o)
                0x0000400c                __init_stack
 *(.init3)
 .init3         0x00004010        0x0 /usr/lib/gcc/msp430/4.6.3/mmpy-16/libcrt0.a(__low_level_init.o)
                0x00004010                __low_level_init
 *(.init4)
 .init4         0x00004010       0x18 /usr/lib/gcc/msp430/4.6.3/mmpy-16/libcrt0.a(_copy_data.o)
                0x00004010                __do_copy_data
 .init4         0x00004028       0x16 /usr/lib/gcc/msp430/4.6.3/mmpy-16/libcrt0.a(_clear_bss.o)
                0x00004028                __do_clear_bss
 *(.init5)
 *(.init6)
 *(.init7)
 *(.init8)
 *(.init9)
 .init9         0x0000403e      0x3c8 obj_sky/contiki-sky-main.o
                0x0000403e                main
 *(.fini9)
 .fini9         0x00004406        0x0 /usr/lib/gcc/msp430/4.6.3/mmpy-16/libcrt0.a(__stop_progExec__.o)
                0x00004406                __stop_progExec__
 *(.fini8)
 *(.fini7)
 *(.fini6)
 *(.fini5)
 *(.fini4)
 *(.fini3)
 *(.fini2)
 *(.fini1)
 *(.fini0)
 .fini0         0x00004406        0x6 /usr/lib/gcc/msp430/4.6.3/mmpy-16/libcrt0.a(_endless_loop__.o)
                0x00004406                _endless_loop__
 *(.fini .fini.*)
                0x0000440c                . = ALIGN (0x2)
                0x0000440c                __ctors_start = .
 *(.ctors)
                0x0000440c                __ctors_end = .
                0x0000440c                __dtors_start = .
 *(.dtors)
                0x0000440c                __dtors_end = .
                0x0000440c                . = ALIGN (0x2)
 *(.text .text.* .gnu.linkonce.t.*)
 .text          0x0000440c        0x4 /usr/lib/gcc/msp430/4.6.3/mmpy-16/crt0ivtbl16.o
                0x0000440c                __isr_14
                0x0000440c                __isr_11
                0x0000440c                __isr_2
                0x0000440c                __isr_7
                0x0000440c                __isr_0
                0x0000440c                __isr_8
                0x0000440c                __isr_3
                0x0000440c                __isr_12
                0x0000440c                __isr_13
                0x0000440c                __isr_9
 .text.process_thread_slip_radio_process
                0x00004410       0x82 slip-radio.co
 .text.slip_input_callback
                0x00004492       0x16 slip-radio.co
 .text.packet_sent
                0x000044a8       0x2e slip-radio.co
 .text.slip_radio_cmd_handler
                0x000044d6       0xda slip-radio.co
 .text.slip_radio_cmd_output
                0x000045b0        0x6 slip-radio.co
                0x000045b0                slip_radio_cmd_output
 .text.putchar  0x000045b6       0x3c slip-radio.co
                0x000045b6                putchar
 .text.slipnet_init
                0x000045f2        0x2 obj_sky/slip-net.o
                0x000045f2                slipnet_init
 .text.slip_send_packet
                0x000045f4       0x58 obj_sky/slip-net.o
                0x000045f4                slip_send_packet
 .text.slipnet_input
                0x0000464c       0x1e obj_sky/slip-net.o
                0x0000464c                slipnet_input
 .text.hdr_length
                0x0000466a        0x4 obj_sky/no-framer.o
 .text.create   0x0000466e        0x4 obj_sky/no-framer.o
 .text.parse    0x00004672       0x88 obj_sky/no-framer.o
 .text.cmd_input
                0x000046fa       0x36 contiki-sky.a(cmd.o)
                0x000046fa                cmd_input
 .text.cmd_send
                0x00004730        0x6 contiki-sky.a(cmd.o)
                0x00004730                cmd_send
 .text.packetutils_deserialize_atts
                0x00004736       0x56 contiki-sky.a(packetutils.o)
                0x00004736                packetutils_deserialize_atts
 .text.init_platform
                0x0000478c        0xc contiki-sky.a(contiki-sky-pla)
                0x0000478c                init_platform
 .text.status   0x00004798       0x16 contiki-sky.a(button-sensor.o)
 .text.configure
                0x000047ae       0x52 contiki-sky.a(button-sensor.o)
 .text.value    0x00004800       0x22 contiki-sky.a(button-sensor.o)
 .text.irq_p2   0x00004822       0x8a contiki-sky.a(button-sensor.o)
                0x00004822                irq_p2
                0x00004822                __isr_1
 .text.owreadb  0x000048ac       0x52 contiki-sky.a(ds2411.o)
 .text.ds2411_init
                0x000048fe      0x122 contiki-sky.a(ds2411.o)
                0x000048fe                ds2411_init
 .text.wait_ready
                0x00004a20       0x50 contiki-sky.a(xmem.o)
 .text.xmem_init
                0x00004a70       0x3e contiki-sky.a(xmem.o)
                0x00004a70                xmem_init
 .text.xmem_pread
                0x00004aae       0xea contiki-sky.a(xmem.o)
                0x00004aae                xmem_pread
 .text.node_id_restore
                0x00004b98       0x38 contiki-sky.a(node-id.o)
                0x00004b98                node_id_restore
 .text.process_thread_sensors_process
                0x00004bd0       0xbe contiki-sky.a(sensors.o)
 .text.sensors_changed
                0x00004c8e       0x2a contiki-sky.a(sensors.o)
                0x00004c8e                sensors_changed
 .text.get_object
                0x00004cb8        0x4 contiki-sky.a(cc2420.o)
 .text.set_object
                0x00004cbc        0x4 contiki-sky.a(cc2420.o)
 .text.strobe   0x00004cc0       0x20 contiki-sky.a(cc2420.o)
 .text.getreg   0x00004ce0       0x54 contiki-sky.a(cc2420.o)
 .text.setreg   0x00004d34       0x52 contiki-sky.a(cc2420.o)
 .text.write_ram
                0x00004d86       0x80 contiki-sky.a(cc2420.o)
 .text.write_fifo_buf
                0x00004e06       0x40 contiki-sky.a(cc2420.o)
 .text.get_status
                0x00004e46       0x24 contiki-sky.a(cc2420.o)
 .text.set_txpower
                0x00004e6a       0x26 contiki-sky.a(cc2420.o)
 .text.cc2420_receiving_packet
                0x00004e90        0xe contiki-sky.a(cc2420.o)
 .text.pending_packet
                0x00004e9e        0x8 contiki-sky.a(cc2420.o)
 .text.on       0x00004ea6       0x26 contiki-sky.a(cc2420.o)
 .text.wait_for_transmission
                0x00004ecc       0x22 contiki-sky.a(cc2420.o)
 .text.wait_for_status
                0x00004eee       0x2a contiki-sky.a(cc2420.o)
 .text.getrxdata
                0x00004f18       0x56 contiki-sky.a(cc2420.o)
 .text.flushrx  0x00004f6e       0x1a contiki-sky.a(cc2420.o)
 .text.off      0x00004f88       0x62 contiki-sky.a(cc2420.o)
 .text.RELEASE_LOCK
                0x00004fea       0x28 contiki-sky.a(cc2420.o)
 .text.set_key  0x00005012       0x18 contiki-sky.a(cc2420.o)
 .text.set_frame_filtering
                0x0000502a       0x30 contiki-sky.a(cc2420.o)
 .text.set_auto_ack
                0x0000505a       0x30 contiki-sky.a(cc2420.o)
 .text.set_poll_mode
                0x0000508a       0x36 contiki-sky.a(cc2420.o)
 .text.cc2420_prepare
                0x000050c0       0x3c contiki-sky.a(cc2420.o)
 .text.cc2420_on
                0x000050fc       0x22 contiki-sky.a(cc2420.o)
                0x000050fc                cc2420_on
 .text.cc2420_off
                0x0000511e       0x30 contiki-sky.a(cc2420.o)
                0x0000511e                cc2420_off
 .text.cc2420_cca
                0x0000514e       0x5e contiki-sky.a(cc2420.o)
 .text.cc2420_read
                0x000051ac       0xc0 contiki-sky.a(cc2420.o)
 .text.process_thread_cc2420_process
                0x0000526c       0x58 contiki-sky.a(cc2420.o)
 .text.encrypt  0x000052c4       0x8e contiki-sky.a(cc2420.o)
 .text.cc2420_set_channel
                0x00005352       0x3c contiki-sky.a(cc2420.o)
                0x00005352                cc2420_set_channel
 .text.cc2420_set_pan_addr
                0x0000538e       0x4c contiki-sky.a(cc2420.o)
                0x0000538e                cc2420_set_pan_addr
 .text.cc2420_interrupt
                0x000053da       0x18 contiki-sky.a(cc2420.o)
                0x000053da                cc2420_interrupt
 .text.cc2420_set_txpower
                0x000053f2        0xe contiki-sky.a(cc2420.o)
                0x000053f2                cc2420_set_txpower
 .text.cc2420_get_txpower
                0x00005400       0x1e contiki-sky.a(cc2420.o)
                0x00005400                cc2420_get_txpower
 .text.cc2420_transmit
                0x0000541e      0x114 contiki-sky.a(cc2420.o)
 .text.cc2420_send
                0x00005532       0x12 contiki-sky.a(cc2420.o)
 .text.cc2420_rssi
                0x00005544       0x4c contiki-sky.a(cc2420.o)
                0x00005544                cc2420_rssi
 .text.get_value
                0x00005590      0x108 contiki-sky.a(cc2420.o)
 .text.cc2420_set_cca_threshold
                0x00005698       0x16 contiki-sky.a(cc2420.o)
                0x00005698                cc2420_set_cca_threshold
 .text.set_value
                0x000056ae       0xba contiki-sky.a(cc2420.o)
 .text.cc2420_init
                0x00005768       0xf0 contiki-sky.a(cc2420.o)
                0x00005768                cc2420_init
 .text.cc2420_port1_interrupt
                0x00005858       0x62 contiki-sky.a(cc2420-arch.o)
                0x00005858                __isr_4
                0x00005858                cc2420_port1_interrupt
 .text.cc2420_arch_init
                0x000058ba       0x1a contiki-sky.a(cc2420-arch.o)
                0x000058ba                cc2420_arch_init
 .text.handle_rxdma_timer
                0x000058d4       0x3a contiki-sky.a(uart1.o)
 .text.uart1_active
                0x0000590e       0x1a contiki-sky.a(uart1.o)
                0x0000590e                uart1_active
 .text.uart1_set_input
                0x00005928       0x20 contiki-sky.a(uart1.o)
                0x00005928                uart1_set_input
 .text.uart1_writeb
                0x00005948       0x1a contiki-sky.a(uart1.o)
                0x00005948                uart1_writeb
 .text.uart1_init
                0x00005962       0xf6 contiki-sky.a(uart1.o)
                0x00005962                uart1_init
 .text.slip_arch_writeb
                0x00005a58        0x6 contiki-sky.a(slip_uart1.o)
                0x00005a58                slip_arch_writeb
 .text.slip_arch_init
                0x00005a5e        0xa contiki-sky.a(slip_uart1.o)
                0x00005a5e                slip_arch_init
 .text.rxbuf_init
                0x00005a68       0x12 contiki-sky.a(slip.o)
 .text.process_thread_slip_process
                0x00005a7a      0x212 contiki-sky.a(slip.o)
 .text.slip_set_input_callback
                0x00005c8c        0x6 contiki-sky.a(slip.o)
                0x00005c8c                slip_set_input_callback
 .text.slip_input_byte
                0x00005c92       0xa4 contiki-sky.a(slip.o)
                0x00005c92                slip_input_byte
 .text.msp430_init_dco
                0x00005d36       0x84 contiki-sky.a(msp430.o)
                0x00005d36                msp430_init_dco
 .text.msp430_add_lpm_req
                0x00005dba        0xc contiki-sky.a(msp430.o)
                0x00005dba                msp430_add_lpm_req
 .text.msp430_cpu_init
                0x00005dc6       0x2a contiki-sky.a(msp430.o)
                0x00005dc6                msp430_cpu_init
 .text.splhigh_
                0x00005df0        0x8 contiki-sky.a(msp430.o)
                0x00005df0                splhigh_
 .text.msp430_sync_dco
                0x00005df8       0x68 contiki-sky.a(msp430.o)
                0x00005df8                msp430_sync_dco
 .text.timera1  0x00005e60      0x11e contiki-sky.a(clock.o)
                0x00005e60                __isr_5
                0x00005e60                timera1
 .text.clock_time
                0x00005f7e       0x1a contiki-sky.a(clock.o)
                0x00005f7e                clock_time
 .text.clock_init
                0x00005f98       0x28 contiki-sky.a(clock.o)
                0x00005f98                clock_init
 .text.clock_delay
                0x00005fc0        0xc contiki-sky.a(clock.o)
                0x00005fc0                clock_delay
 .text.clock_seconds
                0x00005fcc       0x1a contiki-sky.a(clock.o)
                0x00005fcc                clock_seconds
 .text.show_leds
                0x00005fe6       0xf6 contiki-sky.a(leds.o)
 .text.leds_init
                0x000060dc        0xa contiki-sky.a(leds.o)
                0x000060dc                leds_init
 .text.leds_on  0x000060e6        0xa contiki-sky.a(leds.o)
                0x000060e6                leds_on
 .text.leds_off
                0x000060f0        0xe contiki-sky.a(leds.o)
                0x000060f0                leds_off
 .text.leds_arch_init
                0x000060fe        0xe contiki-sky.a(leds-arch.o)
                0x000060fe                leds_arch_init
 .text.leds_arch_set
                0x0000610c       0x3a contiki-sky.a(leds-arch.o)
                0x0000610c                leds_arch_set
 .text.watchdog_interrupt
                0x00006146        0x6 contiki-sky.a(watchdog.o)
                0x00006146                __isr_10
                0x00006146                watchdog_interrupt
 .text.watchdog_start
                0x0000614c       0x14 contiki-sky.a(watchdog.o)
                0x0000614c                watchdog_start
 .text.watchdog_periodic
                0x00006160       0x12 contiki-sky.a(watchdog.o)
                0x00006160                watchdog_periodic
 .text.watchdog_stop
                0x00006172       0x16 contiki-sky.a(watchdog.o)
                0x00006172                watchdog_stop
 .text.watchdog_init
                0x00006188       0x14 contiki-sky.a(watchdog.o)
                0x00006188                watchdog_init
 .text.rtimer_arch_init
                0x0000619c        0xe contiki-sky.a(rtimer-arch.o)
                0x0000619c                rtimer_arch_init
 .text.rtimer_arch_now
                0x000061aa        0xe contiki-sky.a(rtimer-arch.o)
                0x000061aa                rtimer_arch_now
 .text.timera0  0x000061b8       0x70 contiki-sky.a(rtimer-arch.o)
                0x000061b8                __isr_6
                0x000061b8                timera0
 .text.rtimer_arch_schedule
                0x00006228        0x6 contiki-sky.a(rtimer-arch.o)
                0x00006228                rtimer_arch_schedule
 .text.process_thread_ctimer_process
                0x0000622e       0xa4 contiki-sky.a(ctimer.o)
 .text.ctimer_init
                0x000062d2       0x18 contiki-sky.a(ctimer.o)
                0x000062d2                ctimer_init
 .text.ctimer_set_with_process
                0x000062ea       0x4e contiki-sky.a(ctimer.o)
                0x000062ea                ctimer_set_with_process
 .text.ctimer_set
                0x00006338       0x10 contiki-sky.a(ctimer.o)
                0x00006338                ctimer_set
 .text.ctimer_reset
                0x00006348       0x30 contiki-sky.a(ctimer.o)
                0x00006348                ctimer_reset
 .text.ctimer_stop
                0x00006378       0x28 contiki-sky.a(ctimer.o)
                0x00006378                ctimer_stop
 .text.autostart_start
                0x000063a0       0x16 contiki-sky.a(autostart.o)
                0x000063a0                autostart_start
 .text.energest_init
                0x000063b6       0x28 contiki-sky.a(energest.o)
                0x000063b6                energest_init
 .text.energest_type_time
                0x000063de       0x46 contiki-sky.a(energest.o)
                0x000063de                energest_type_time
 .text.energest_type_set
                0x00006424        0xe contiki-sky.a(energest.o)
                0x00006424                energest_type_set
 .text.energest_flush
                0x00006432       0x48 contiki-sky.a(energest.o)
                0x00006432                energest_flush
 .text.update_time
                0x0000647a       0x78 contiki-sky.a(etimer.o)
 .text.etimer_request_poll
                0x000064f2        0xa contiki-sky.a(etimer.o)
                0x000064f2                etimer_request_poll
 .text.process_thread_etimer_process
                0x000064fc       0xc8 contiki-sky.a(etimer.o)
 .text.add_timer
                0x000065c4       0x40 contiki-sky.a(etimer.o)
 .text.etimer_set
                0x00006604       0x12 contiki-sky.a(etimer.o)
                0x00006604                etimer_set
 .text.etimer_reset
                0x00006616       0x12 contiki-sky.a(etimer.o)
                0x00006616                etimer_reset
 .text.etimer_restart
                0x00006628       0x12 contiki-sky.a(etimer.o)
                0x00006628                etimer_restart
 .text.etimer_expired
                0x0000663a        0xe contiki-sky.a(etimer.o)
                0x0000663a                etimer_expired
 .text.etimer_pending
                0x00006648        0xc contiki-sky.a(etimer.o)
                0x00006648                etimer_pending
 .text.etimer_next_expiration_time
                0x00006654       0x16 contiki-sky.a(etimer.o)
                0x00006654                etimer_next_expiration_time
 .text.etimer_stop
                0x0000666a       0x3c contiki-sky.a(etimer.o)
                0x0000666a                etimer_stop
 .text.call_process
                0x000066a6       0x4a contiki-sky.a(process.o)
 .text.exit_process
                0x000066f0       0x96 contiki-sky.a(process.o)
 .text.do_poll  0x00006786       0x30 contiki-sky.a(process.o)
 .text.process_alloc_event
                0x000067b6        0xe contiki-sky.a(process.o)
                0x000067b6                process_alloc_event
 .text.process_init
                0x000067c4       0x1c contiki-sky.a(process.o)
                0x000067c4                process_init
 .text.process_run
                0x000067e0       0x92 contiki-sky.a(process.o)
                0x000067e0                process_run
 .text.process_nevents
                0x00006872        0xe contiki-sky.a(process.o)
                0x00006872                process_nevents
 .text.process_post
                0x00006880       0x4e contiki-sky.a(process.o)
                0x00006880                process_post
 .text.process_post_synch
                0x000068ce       0x12 contiki-sky.a(process.o)
                0x000068ce                process_post_synch
 .text.process_start
                0x000068e0       0x32 contiki-sky.a(process.o)
                0x000068e0                process_start
 .text.process_poll
                0x00006912       0x18 contiki-sky.a(process.o)
                0x00006912                process_poll
 .text.rtimer_init
                0x0000692a        0x6 contiki-sky.a(rtimer.o)
                0x0000692a                rtimer_init
 .text.rtimer_set
                0x00006930       0x24 contiki-sky.a(rtimer.o)
                0x00006930                rtimer_set
 .text.rtimer_run_next
                0x00006954       0x26 contiki-sky.a(rtimer.o)
                0x00006954                rtimer_run_next
 .text.timer_set
                0x0000697a       0x1c contiki-sky.a(timer.o)
                0x0000697a                timer_set
 .text.timer_reset
                0x00006996        0xe contiki-sky.a(timer.o)
                0x00006996                timer_reset
 .text.timer_restart
                0x000069a4       0x14 contiki-sky.a(timer.o)
                0x000069a4                timer_restart
 .text.timer_expired
                0x000069b8       0x2a contiki-sky.a(timer.o)
                0x000069b8                timer_expired
 .text.list_init
                0x000069e2        0x6 contiki-sky.a(list.o)
                0x000069e2                list_init
 .text.list_head
                0x000069e8        0x4 contiki-sky.a(list.o)
                0x000069e8                list_head
 .text.list_tail
                0x000069ec       0x12 contiki-sky.a(list.o)
                0x000069ec                list_tail
 .text.list_remove
                0x000069fe       0x34 contiki-sky.a(list.o)
                0x000069fe                list_remove
 .text.list_push
                0x00006a32       0x1a contiki-sky.a(list.o)
                0x00006a32                list_push
 .text.list_add
                0x00006a4c       0x2a contiki-sky.a(list.o)
                0x00006a4c                list_add
 .text.list_length
                0x00006a76       0x10 contiki-sky.a(list.o)
                0x00006a76                list_length
 .text.list_item_next
                0x00006a86        0xc contiki-sky.a(list.o)
                0x00006a86                list_item_next
 .text.random_init
                0x00006a92        0x6 contiki-sky.a(random.o)
                0x00006a92                random_init
 .text.random_rand
                0x00006a98        0x6 contiki-sky.a(random.o)
                0x00006a98                random_rand
 .text.uip_ds6_list_loop
                0x00006a9e       0x86 contiki-sky.a(uip-ds6.o)
                0x00006a9e                uip_ds6_list_loop
 .text.uip_ds6_prefix_add
                0x00006b24       0x86 contiki-sky.a(uip-ds6.o)
                0x00006b24                uip_ds6_prefix_add
 .text.uip_ds6_prefix_rm
                0x00006baa        0xa contiki-sky.a(uip-ds6.o)
                0x00006baa                uip_ds6_prefix_rm
 .text.uip_ds6_prefix_lookup
                0x00006bb4       0x28 contiki-sky.a(uip-ds6.o)
                0x00006bb4                uip_ds6_prefix_lookup
 .text.uip_ds6_is_addr_onlink
                0x00006bdc       0x54 contiki-sky.a(uip-ds6.o)
                0x00006bdc                uip_ds6_is_addr_onlink
 .text.uip_ds6_addr_lookup
                0x00006c30       0x2a contiki-sky.a(uip-ds6.o)
                0x00006c30                uip_ds6_addr_lookup
 .text.uip_ds6_get_link_local
                0x00006c5a       0x3e contiki-sky.a(uip-ds6.o)
                0x00006c5a                uip_ds6_get_link_local
 .text.uip_ds6_maddr_add
                0x00006c98       0x4a contiki-sky.a(uip-ds6.o)
                0x00006c98                uip_ds6_maddr_add
 .text.uip_ds6_addr_add
                0x00006ce2       0xc4 contiki-sky.a(uip-ds6.o)
                0x00006ce2                uip_ds6_addr_add
 .text.uip_ds6_maddr_lookup
                0x00006da6       0x28 contiki-sky.a(uip-ds6.o)
                0x00006da6                uip_ds6_maddr_lookup
 .text.uip_ds6_addr_rm
                0x00006dce       0x54 contiki-sky.a(uip-ds6.o)
                0x00006dce                uip_ds6_addr_rm
 .text.uip_ds6_periodic
                0x00006e22       0x82 contiki-sky.a(uip-ds6.o)
                0x00006e22                uip_ds6_periodic
 .text.uip_ds6_set_addr_iid
                0x00006ea4       0x14 contiki-sky.a(uip-ds6.o)
                0x00006ea4                uip_ds6_set_addr_iid
 .text.get_match_length
                0x00006eb8       0x3e contiki-sky.a(uip-ds6.o)
                0x00006eb8                get_match_length
 .text.uip_ds6_select_src
                0x00006ef6       0xaa contiki-sky.a(uip-ds6.o)
                0x00006ef6                uip_ds6_select_src
 .text.uip_ds6_send_rs
                0x00006fa0       0x32 contiki-sky.a(uip-ds6.o)
                0x00006fa0                uip_ds6_send_rs
 .text.uip_ds6_compute_reachable_time
                0x00006fd2       0x3e contiki-sky.a(uip-ds6.o)
                0x00006fd2                uip_ds6_compute_reachable_time
 .text.uip_ds6_init
                0x00007010      0x114 contiki-sky.a(uip-ds6.o)
                0x00007010                uip_ds6_init
 .text.call_route_callback
                0x00007124       0x4c contiki-sky.a(uip-ds6-route.o)
 .text.uip_ds6_route_init
                0x00007170       0x36 contiki-sky.a(uip-ds6-route.o)
                0x00007170                uip_ds6_route_init
 .text.uip_ds6_route_nexthop
                0x000071a6       0x1a contiki-sky.a(uip-ds6-route.o)
                0x000071a6                uip_ds6_route_nexthop
 .text.uip_ds6_route_head
                0x000071c0        0xa contiki-sky.a(uip-ds6-route.o)
                0x000071c0                uip_ds6_route_head
 .text.uip_ds6_route_next
                0x000071ca        0xe contiki-sky.a(uip-ds6-route.o)
                0x000071ca                uip_ds6_route_next
 .text.uip_ds6_route_lookup
                0x000071d8       0x8c contiki-sky.a(uip-ds6-route.o)
                0x000071d8                uip_ds6_route_lookup
 .text.uip_ds6_route_rm
                0x00007264       0xa4 contiki-sky.a(uip-ds6-route.o)
                0x00007264                uip_ds6_route_rm
 .text.rm_routelist
                0x00007308       0x34 contiki-sky.a(uip-ds6-route.o)
 .text.rm_routelist_callback
                0x0000733c        0x6 contiki-sky.a(uip-ds6-route.o)
 .text.uip_ds6_defrt_rm
                0x00007342       0x48 contiki-sky.a(uip-ds6-route.o)
                0x00007342                uip_ds6_defrt_rm
 .text.uip_ds6_defrt_lookup
                0x0000738a       0x36 contiki-sky.a(uip-ds6-route.o)
                0x0000738a                uip_ds6_defrt_lookup
 .text.uip_ds6_defrt_add
                0x000073c0       0x74 contiki-sky.a(uip-ds6-route.o)
                0x000073c0                uip_ds6_defrt_add
 .text.uip_ds6_defrt_choose
                0x00007434       0x3a contiki-sky.a(uip-ds6-route.o)
                0x00007434                uip_ds6_defrt_choose
 .text.uip_ds6_defrt_periodic
                0x0000746e       0x38 contiki-sky.a(uip-ds6-route.o)
                0x0000746e                uip_ds6_defrt_periodic
 .text.chksum   0x000074a6       0x32 contiki-sky.a(uip6.o)
 .text.upper_layer_chksum
                0x000074d8       0x56 contiki-sky.a(uip6.o)
 .text.ext_hdr_options_process
                0x0000752e       0xc0 contiki-sky.a(uip6.o)
 .text.uip_add32
                0x000075ee       0x68 contiki-sky.a(uip6.o)
                0x000075ee                uip_add32
 .text.unlikely.uip_add_rcv_nxt
                0x00007656       0x2e contiki-sky.a(uip6.o)
 .text.uip_icmp6chksum
                0x00007684        0xa contiki-sky.a(uip6.o)
                0x00007684                uip_icmp6chksum
 .text.uip_tcpchksum
                0x0000768e        0xa contiki-sky.a(uip6.o)
                0x0000768e                uip_tcpchksum
 .text.uip_udpchksum
                0x00007698        0xa contiki-sky.a(uip6.o)
                0x00007698                uip_udpchksum
 .text.uip_init
                0x000076a2       0x56 contiki-sky.a(uip6.o)
                0x000076a2                uip_init
 .text.remove_ext_hdr
                0x000076f8       0x56 contiki-sky.a(uip6.o)
                0x000076f8                remove_ext_hdr
 .text.uip_unlisten
                0x0000774e       0x1e contiki-sky.a(uip6.o)
                0x0000774e                uip_unlisten
 .text.uip_process
                0x0000776c      0xccc contiki-sky.a(uip6.o)
                0x0000776c                uip_process
 .text.uip_htons
                0x00008438        0xc contiki-sky.a(uip6.o)
                0x00008438                uip_htons
 .text.uip_htonl
                0x00008444       0x2e contiki-sky.a(uip6.o)
                0x00008444                uip_htonl
 .text.uip_ds6_nbr_rm
                0x00008472       0x14 contiki-sky.a(uip-ds6-nbr.o)
                0x00008472                uip_ds6_nbr_rm
 .text.uip_ds6_neighbors_init
                0x00008486       0x12 contiki-sky.a(uip-ds6-nbr.o)
                0x00008486                uip_ds6_neighbors_init
 .text.uip_ds6_nbr_add
                0x00008498       0x42 contiki-sky.a(uip-ds6-nbr.o)
                0x00008498                uip_ds6_nbr_add
 .text.uip_ds6_nbr_get_ll
                0x000084da        0xc contiki-sky.a(uip-ds6-nbr.o)
                0x000084da                uip_ds6_nbr_get_ll
 .text.uip_ds6_nbr_lookup
                0x000084e6       0x42 contiki-sky.a(uip-ds6-nbr.o)
                0x000084e6                uip_ds6_nbr_lookup
 .text.uip_ds6_nbr_ll_lookup
                0x00008528        0xc contiki-sky.a(uip-ds6-nbr.o)
                0x00008528                uip_ds6_nbr_ll_lookup
 .text.uip_ds6_nbr_ipaddr_from_lladdr
                0x00008534        0x6 contiki-sky.a(uip-ds6-nbr.o)
                0x00008534                uip_ds6_nbr_ipaddr_from_lladdr
 .text.ra_input
                0x0000853a      0x434 contiki-sky.a(uip-nd6.o)
                0x0000853a                ra_input
 .text.create_llao.constprop.0
                0x0000896e       0x2c contiki-sky.a(uip-nd6.o)
 .text.uip_nd6_rs_output
                0x0000899a       0xe2 contiki-sky.a(uip-nd6.o)
                0x0000899a                uip_nd6_rs_output
 .text.uip_nd6_init
                0x00008a7c        0xa contiki-sky.a(uip-nd6.o)
                0x00008a7c                uip_nd6_init
 .text.uip_debug_ipaddr_print
                0x00008a86       0xc6 contiki-sky.a(uip-debug.o)
                0x00008a86                uip_debug_ipaddr_print
 .text.start_periodic_tcp_timer
                0x00008b4c       0x16 contiki-sky.a(tcpip.o)
 .text.tcpip_output
                0x00008b62       0x10 contiki-sky.a(tcpip.o)
                0x00008b62                tcpip_output
 .text.tcpip_input
                0x00008b72       0x16 contiki-sky.a(tcpip.o)
                0x00008b72                tcpip_input
 .text.tcpip_ipv6_output
                0x00008b88       0xa4 contiki-sky.a(tcpip.o)
                0x00008b88                tcpip_ipv6_output
 .text.process_thread_tcpip_process
                0x00008c2c      0x1ca contiki-sky.a(tcpip.o)
 .text.tcpip_uipcall
                0x00008df6       0x64 contiki-sky.a(tcpip.o)
                0x00008df6                tcpip_uipcall
 .text.send_packet
                0x00008e5a        0x6 contiki-sky.a(nullmac.o)
 .text.packet_input
                0x00008e60        0x6 contiki-sky.a(nullmac.o)
 .text.on       0x00008e66        0x6 contiki-sky.a(nullmac.o)
 .text.off      0x00008e6c        0x6 contiki-sky.a(nullmac.o)
 .text.channel_check_interval
                0x00008e72        0x4 contiki-sky.a(nullmac.o)
 .text.init     0x00008e76        0x2 contiki-sky.a(nullmac.o)
 .text.frame802154_has_panid
                0x00008e78       0x7a contiki-sky.a(frame802154.o)
                0x00008e78                frame802154_has_panid
 .text.frame802154_parse
                0x00008ef2      0x226 contiki-sky.a(frame802154.o)
                0x00008ef2                frame802154_parse
 .text.queuebuf_init
                0x00009118       0x12 contiki-sky.a(queuebuf.o)
                0x00009118                queuebuf_init
 .text.queuebuf_update_from_packetbuf
                0x0000912a       0x22 contiki-sky.a(queuebuf.o)
                0x0000912a                queuebuf_update_from_packetbuf
 .text.queuebuf_to_packetbuf
                0x0000914c       0x32 contiki-sky.a(queuebuf.o)
                0x0000914c                queuebuf_to_packetbuf
 .text.index_from_key
                0x0000917e       0x48 contiki-sky.a(nbr-table.o)
 .text.item_from_key
                0x000091c6       0x34 contiki-sky.a(nbr-table.o)
 .text.nbr_set_bit
                0x000091fa       0x8e contiki-sky.a(nbr-table.o)
 .text.index_from_lladdr
                0x00009288       0x42 contiki-sky.a(nbr-table.o)
 .text.nbr_get_bit.constprop.1
                0x000092ca       0x62 contiki-sky.a(nbr-table.o)
 .text.remove_key
                0x0000932c       0x60 contiki-sky.a(nbr-table.o)
 .text.nbr_table_register
                0x0000938c       0x28 contiki-sky.a(nbr-table.o)
                0x0000938c                nbr_table_register
 .text.nbr_table_next
                0x000093b4       0x90 contiki-sky.a(nbr-table.o)
                0x000093b4                nbr_table_next
 .text.nbr_table_head
                0x00009444       0x36 contiki-sky.a(nbr-table.o)
                0x00009444                nbr_table_head
 .text.nbr_table_add_lladdr
                0x0000947a       0xf6 contiki-sky.a(nbr-table.o)
                0x0000947a                nbr_table_add_lladdr
 .text.nbr_table_get_from_lladdr
                0x00009570       0x48 contiki-sky.a(nbr-table.o)
                0x00009570                nbr_table_get_from_lladdr
 .text.nbr_table_remove
                0x000095b8       0x32 contiki-sky.a(nbr-table.o)
                0x000095b8                nbr_table_remove
 .text.nbr_table_get_lladdr
                0x000095ea       0x5a contiki-sky.a(nbr-table.o)
                0x000095ea                nbr_table_get_lladdr
 .text.nbr_table_update_lladdr
                0x00009644       0x68 contiki-sky.a(nbr-table.o)
                0x00009644                nbr_table_update_lladdr
 .text.packetbuf_set_datalen
                0x000096ac        0x6 contiki-sky.a(packetbuf.o)
                0x000096ac                packetbuf_set_datalen
 .text.packetbuf_hdrptr
                0x000096b2        0x6 contiki-sky.a(packetbuf.o)
                0x000096b2                packetbuf_hdrptr
 .text.packetbuf_datalen
                0x000096b8        0x6 contiki-sky.a(packetbuf.o)
                0x000096b8                packetbuf_datalen
 .text.packetbuf_hdrlen
                0x000096be        0xa contiki-sky.a(packetbuf.o)
                0x000096be                packetbuf_hdrlen
 .text.packetbuf_dataptr
                0x000096c8        0xc contiki-sky.a(packetbuf.o)
                0x000096c8                packetbuf_dataptr
 .text.packetbuf_copyto
                0x000096d4       0x46 contiki-sky.a(packetbuf.o)
                0x000096d4                packetbuf_copyto
 .text.packetbuf_totlen
                0x0000971a        0xc contiki-sky.a(packetbuf.o)
                0x0000971a                packetbuf_totlen
 .text.packetbuf_attr_clear
                0x00009726       0x28 contiki-sky.a(packetbuf.o)
                0x00009726                packetbuf_attr_clear
 .text.packetbuf_clear
                0x0000974e       0x12 contiki-sky.a(packetbuf.o)
                0x0000974e                packetbuf_clear
 .text.packetbuf_copyfrom
                0x00009760       0x2e contiki-sky.a(packetbuf.o)
                0x00009760                packetbuf_copyfrom
 .text.packetbuf_attr_copyto
                0x0000978e       0x22 contiki-sky.a(packetbuf.o)
                0x0000978e                packetbuf_attr_copyto
 .text.packetbuf_attr_copyfrom
                0x000097b0       0x24 contiki-sky.a(packetbuf.o)
                0x000097b0                packetbuf_attr_copyfrom
 .text.packetbuf_holds_broadcast
                0x000097d4        0xe contiki-sky.a(packetbuf.o)
                0x000097d4                packetbuf_holds_broadcast
 .text.linkaddr_copy
                0x000097e2        0x8 contiki-sky.a(linkaddr.o)
                0x000097e2                linkaddr_copy
 .text.linkaddr_cmp
                0x000097ea       0x12 contiki-sky.a(linkaddr.o)
                0x000097ea                linkaddr_cmp
 .text.linkaddr_set_node_addr
                0x000097fc        0xc contiki-sky.a(linkaddr.o)
                0x000097fc                linkaddr_set_node_addr
 .text.periodic
                0x00009808       0x28 contiki-sky.a(link-stats.o)
 .text.link_stats_init
                0x00009830       0x22 contiki-sky.a(link-stats.o)
                0x00009830                link_stats_init
 .text.duty_cycle
                0x00009852        0x6 contiki-sky.a(contikimac.o)
 .text.init     0x00009858       0x2a contiki-sky.a(contikimac.o)
 .text.on       0x00009882       0x1a contiki-sky.a(contikimac.o)
 .text.off      0x0000989c       0x22 contiki-sky.a(contikimac.o)
 .text.recv_burst_off
                0x000098be        0xa contiki-sky.a(contikimac.o)
 .text.turn_off
                0x000098c8       0x20 contiki-sky.a(contikimac.o)
 .text.turn_on  0x000098e8       0x30 contiki-sky.a(contikimac.o)
 .text.schedule_powercycle_fixed.part.4
                0x00009918       0x32 contiki-sky.a(contikimac.o)
 .text.powercycle_turn_radio_off
                0x0000994a       0x30 contiki-sky.a(contikimac.o)
 .text.powercycle_wrapper
                0x0000997a      0x1c2 contiki-sky.a(contikimac.o)
 .text.input_packet
                0x00009b3c       0xb2 contiki-sky.a(contikimac.o)
 .text.send_packet.isra.8
                0x00009bee      0x1ec contiki-sky.a(contikimac.o)
 .text.qsend_list
                0x00009dda       0xc6 contiki-sky.a(contikimac.o)
 .text.qsend_packet
                0x00009ea0       0x28 contiki-sky.a(contikimac.o)
 .text.init     0x00009ec8        0x2 contiki-sky.a(nullsec.o)
 .text.send     0x00009eca        0xa contiki-sky.a(nullsec.o)
 .text.input    0x00009ed4        0x6 contiki-sky.a(nullsec.o)
 .text.spi_init
                0x00009eda       0x32 contiki-sky.a(spi.o)
                0x00009eda                spi_init
 .text.stimer_set
                0x00009f0c       0x1c contiki-sky.a(stimer.o)
                0x00009f0c                stimer_set
 .text.stimer_expired
                0x00009f28       0x30 contiki-sky.a(stimer.o)
                0x00009f28                stimer_expired
 .text.stimer_remaining
                0x00009f58       0x28 contiki-sky.a(stimer.o)
                0x00009f58                stimer_remaining
 .text.compower_accumulate
                0x00009f80       0x72 contiki-sky.a(compower.o)
                0x00009f80                compower_accumulate
 .text.compower_clear
                0x00009ff2       0x12 contiki-sky.a(compower.o)
                0x00009ff2                compower_clear
 .text.compower_attrconv
                0x0000a004       0x10 contiki-sky.a(compower.o)
                0x0000a004                compower_attrconv
 .text.memb_init
                0x0000a014       0x36 contiki-sky.a(memb.o)
                0x0000a014                memb_init
 .text.memb_alloc
                0x0000a04a       0x3e contiki-sky.a(memb.o)
                0x0000a04a                memb_alloc
 .text.memb_free
                0x0000a088       0x3a contiki-sky.a(memb.o)
                0x0000a088                memb_free
 .text.memb_inmemb
                0x0000a0c2       0x2e contiki-sky.a(memb.o)
                0x0000a0c2                memb_inmemb
 .text.echo_reply_input
                0x0000a0f0       0xb2 contiki-sky.a(uip-icmp6.o)
 .text.echo_request_input
                0x0000a1a2       0xca contiki-sky.a(uip-icmp6.o)
 .text.uip_icmp6_input
                0x0000a26c       0x44 contiki-sky.a(uip-icmp6.o)
                0x0000a26c                uip_icmp6_input
 .text.uip_icmp6_register_input_handler
                0x0000a2b0        0xc contiki-sky.a(uip-icmp6.o)
                0x0000a2b0                uip_icmp6_register_input_handler
 .text.uip_icmp6_error_output
                0x0000a2bc      0x176 contiki-sky.a(uip-icmp6.o)
                0x0000a2bc                uip_icmp6_error_output
 .text.uip_icmp6_init
                0x0000a432       0x12 contiki-sky.a(uip-icmp6.o)
                0x0000a432                uip_icmp6_init
 .text.mac_sequence_is_duplicate
                0x0000a444       0x6e contiki-sky.a(mac-sequence.o)
                0x0000a444                mac_sequence_is_duplicate
 .text.mac_sequence_register_seqno
                0x0000a4b2       0x88 contiki-sky.a(mac-sequence.o)
                0x0000a4b2                mac_sequence_register_seqno
 .text.mac_call_sent_callback
                0x0000a53a       0x14 contiki-sky.a(mac.o)
                0x0000a53a                mac_call_sent_callback
 .text.libgcc   0x0000a54e       0x2c /usr/lib/gcc/msp430/4.6.3/mmpy-16/libgcc.a(_mulsi3.o)
                0x0000a54e                __mulsi3
 .text.libgcc   0x0000a57a       0x3a /usr/lib/gcc/msp430/4.6.3/mmpy-16/libgcc.a(_divmod16.o)
                0x0000a57a                __ext_divmod16
                0x0000a57a                __divhi3
                0x0000a5ac                __modhi3
 .text.libgcc   0x0000a5b4       0x40 /usr/lib/gcc/msp430/4.6.3/mmpy-16/libgcc.a(_udivmod32.o)
                0x0000a5b4                __udivsi3
                0x0000a5b4                __ext_udivmod32
                0x0000a5ea                __umodsi3
 .text.libgcc   0x0000a5f4       0x22 /usr/lib/gcc/msp430/4.6.3/mmpy-16/libgcc.a(_udivmod16.o)
                0x0000a5f4                __udivhi3
                0x0000a5f4                __ext_udivmod16
                0x0000a60e                __umodhi3
 .text          0x0000a616       0x20 /usr/lib/gcc/msp430/4.6.3/../../../../msp430/lib/mmpy-16/libc.a(memcmp.o)
                0x0000a616                memcmp
 .text          0x0000a636       0xfa /usr/lib/gcc/msp430/4.6.3/../../../../msp430/lib/mmpy-16/libc.a(memcpy.o)
                0x0000a636                memcpy
 .text          0x0000a730       0xfa /usr/lib/gcc/msp430/4.6.3/../../../../msp430/lib/mmpy-16/libc.a(memmove.o)
                0x0000a730                memmove
 .text          0x0000a82a       0x6a /usr/lib/gcc/msp430/4.6.3/../../../../msp430/lib/mmpy-16/libc.a(memset.o)
                0x0000a82a                memset
 .text          0x0000a894       0x1e /usr/lib/gcc/msp430/4.6.3/../../../../msp430/lib/mmpy-16/libc.a(printf.o)
                0x0000a894                printf
                0x0000a8a4                vprintf
 .text          0x0000a8b2      0x836 /usr/lib/gcc/msp430/4.6.3/../../../../msp430/lib/mmpy-16/libc.a(vuprintf.o)
                0x0000aa4a                vuprintf
 .text          0x0000b0e8       0x2c /usr/lib/gcc/msp430/4.6.3/../../../../msp430/lib/mmpy-16/libc.a(puts.o)
                0x0000b0e8                puts
 .text          0x0000b114       0x54 /usr/lib/gcc/msp430/4.6.3/../../../../msp430/lib/mmpy-16/libc.a(rand.o)
                0x0000b114                rand_r
                0x0000b138                rand
                0x0000b15e                srand
 .text.libgcc   0x0000b168       0xf0 /usr/lib/gcc/msp430/4.6.3/mmpy-16/libgcc.a(_udivmod64.o)
                0x0000b168                __xabi_udivmod64
                0x0000b1c6                __udivdi3
                0x0000b1ec                __umoddi3
                0x0000b21a                __udivmoddi4
 .text.crt0     0x0000b258        0x2 /usr/lib/gcc/msp430/4.6.3/mmpy-16/libcrt0.a(_unexpected_.o)
                0x0000b258                _unexpected_
                0x0000b25a                . = ALIGN (0x2)

.rodata         0x0000b25a      0x312
                0x0000b25a                . = ALIGN (0x2)
 *(.rodata .rodata.* .gnu.linkonce.r.*)
 .rodata        0x0000b25a       0x34 slip-radio.co
                0x0000b270                autostart_processes
                0x0000b288                cmd_handlers
 .rodata        0x0000b28e        0xe obj_sky/slip-net.o
                0x0000b296                slipnet_driver
 .rodata        0x0000b29c        0x6 obj_sky/no-framer.o
                0x0000b29c                no_framer
 .rodata        0x0000b2a2      0x14d obj_sky/contiki-sky-main.o
 .rodata        0x0000b3ef       0x11 contiki-sky.a(cmd.o)
 .rodata        0x0000b400       0x10 contiki-sky.a(button-sensor.o)
                0x0000b408                button_sensor
 .rodata        0x0000b410        0x8 contiki-sky.a(sensors.o)
 .rodata        0x0000b418       0x70 contiki-sky.a(cc2420.o)
                0x0000b44a                cc2420_aes_128_driver
                0x0000b44e                cc2420_driver
 .rodata        0x0000b488       0x21 contiki-sky.a(slip.o)
 .rodata        0x0000b4a9        0xf contiki-sky.a(ctimer.o)
 .rodata        0x0000b4b8        0xc contiki-sky.a(etimer.o)
 .rodata        0x0000b4c4       0x20 contiki-sky.a(uip6.o)
 .rodata        0x0000b4e4       0x28 contiki-sky.a(uip-debug.o)
 .rodata        0x0000b50c        0xd contiki-sky.a(tcpip.o)
 *fill*         0x0000b519        0x1 00
 .rodata        0x0000b51a       0x16 contiki-sky.a(nullmac.o)
                0x0000b522                nullmac_driver
 .rodata        0x0000b530        0x8 contiki-sky.a(linkaddr.o)
                0x0000b530                linkaddr_null
 .rodata        0x0000b538       0x1c contiki-sky.a(contikimac.o)
                0x0000b544                contikimac_driver
 .rodata        0x0000b554       0x10 contiki-sky.a(nullsec.o)
                0x0000b55c                nullsec_driver
 .rodata        0x0000b564        0x7 /usr/lib/gcc/msp430/4.6.3/../../../../msp430/lib/mmpy-16/libc.a(vuprintf.o)
                0x0000b56c                . = ALIGN (0x2)
 *fill*         0x0000b56b        0x1 00
                0x0000b56c                _etext = .

.data           0x00001100       0xb0 load address 0x0000b56c
                0x00001100                . = ALIGN (0x2)
                0x00001100                PROVIDE (__data_start, .)
 *(.data .data.* .gnu.linkonce.d.*)
 .data          0x00001100        0xa slip-radio.co
                0x00001100                slip_radio_process
 .data          0x0000110a        0x4 contiki-sky.a(contiki-sky-pla)
                0x0000110a                sensors
 .data          0x0000110e        0xa contiki-sky.a(sensors.o)
                0x0000110e                sensors_process
 .data          0x00001118        0xc contiki-sky.a(cc2420.o)
                0x00001118                cc2420_process
 .data          0x00001124        0xa contiki-sky.a(slip.o)
                0x00001124                slip_process
 .data          0x0000112e        0x2 contiki-sky.a(msp430.o)
 .data          0x00001130        0xa contiki-sky.a(ctimer.o)
                0x00001130                ctimer_process
 .data          0x0000113a        0xa contiki-sky.a(etimer.o)
                0x0000113a                etimer_process
 .data          0x00001144       0x22 contiki-sky.a(uip-ds6-route.o)
                0x00001144                nbr_routes
 .data          0x00001166        0xa contiki-sky.a(uip-ds6-nbr.o)
                0x00001166                ds6_neighbors
 .data          0x00001170        0x6 contiki-sky.a(uip-nd6.o)
 .data          0x00001176        0xa contiki-sky.a(tcpip.o)
                0x00001176                tcpip_process
 .data          0x00001180       0x10 contiki-sky.a(queuebuf.o)
 .data          0x00001190        0x8 contiki-sky.a(nbr-table.o)
 .data          0x00001198        0x8 contiki-sky.a(link-stats.o)
 .data          0x000011a0        0xc contiki-sky.a(uip-icmp6.o)
 .data          0x000011ac        0x4 /usr/lib/gcc/msp430/4.6.3/../../../../msp430/lib/mmpy-16/libc.a(rand.o)
                0x000011b0                . = ALIGN (0x2)
                0x000011b0                _edata = .
                0x0000b56c                PROVIDE (__data_load_start, LOADADDR (.data))
                0x000000b0                PROVIDE (__data_size, SIZEOF (.data))

.bss            0x000011b0     0x10ea load address 0x0000b61c
                0x000011b0                PROVIDE (__bss_start, .)
 *(.bss .bss.*)
 .bss           0x000011b0        0xe slip-radio.co
 .bss           0x000011be        0xc obj_sky/contiki-sky-main.o
 .bss           0x000011ca        0x8 contiki-sky.a(button-sensor.o)
 .bss           0x000011d2        0x2 contiki-sky.a(node-id.o)
                0x000011d2                node_id
 .bss           0x000011d4        0x6 contiki-sky.a(sensors.o)
 .bss           0x000011da        0xa contiki-sky.a(cc2420.o)
 .bss           0x000011e4       0x9a contiki-sky.a(uart1.o)
 .bss           0x0000127e       0xa6 contiki-sky.a(slip.o)
 .bss           0x00001324        0xa contiki-sky.a(clock.o)
 .bss           0x0000132e        0x1 contiki-sky.a(leds.o)
 *fill*         0x0000132f        0x1 00
 .bss           0x00001330        0x2 contiki-sky.a(watchdog.o)
 .bss           0x00001332        0x4 contiki-sky.a(ctimer.o)
 .bss           0x00001336        0x6 contiki-sky.a(etimer.o)
 .bss           0x0000133c       0x38 contiki-sky.a(process.o)
                0x0000133c                process_current
                0x0000133e                process_list
 .bss           0x00001374        0x2 contiki-sky.a(rtimer.o)
 .bss           0x00001376       0x18 contiki-sky.a(uip-ds6.o)
 .bss           0x0000138e      0x2e2 contiki-sky.a(uip-ds6-route.o)
 .bss           0x00001670        0xc contiki-sky.a(uip6.o)
                0x00001670                uip_ext_opt_offset
                0x00001672                uip_ext_len
                0x00001674                uip_ext_bitmap
 .bss           0x0000167c      0x120 contiki-sky.a(uip-ds6-nbr.o)
 .bss           0x0000179c       0x1e contiki-sky.a(uip-nd6.o)
 .bss           0x000017ba       0x30 contiki-sky.a(tcpip.o)
 .bss           0x000017ea      0x2d0 contiki-sky.a(queuebuf.o)
 .bss           0x00001aba       0xe4 contiki-sky.a(nbr-table.o)
 .bss           0x00001b9e       0x86 contiki-sky.a(packetbuf.o)
 .bss           0x00001c24       0xa0 contiki-sky.a(link-stats.o)
 .bss           0x00001cc4       0x32 contiki-sky.a(contikimac.o)
 .bss           0x00001cf6        0x8 contiki-sky.a(compower.o)
 .bss           0x00001cfe       0x14 contiki-sky.a(uip-icmp6.o)
 .bss           0x00001d12       0xe0 contiki-sky.a(mac-sequence.o)
 *(COMMON)
 COMMON         0x00001df2       0x12 slip-radio.co
                0x00001df2                packet_pos
                0x00001df4                packet_ids
 COMMON         0x00001e04        0x2 contiki-sky.a(contiki-sky-pla)
                0x00001e04                sensors_flags
 COMMON         0x00001e06        0x8 contiki-sky.a(ds2411.o)
                0x00001e06                ds2411_id
 COMMON         0x00001e0e        0x1 contiki-sky.a(sensors.o)
                0x00001e0e                sensors_event
 *fill*         0x00001e0f        0x1 00
 COMMON         0x00001e10       0x10 contiki-sky.a(cc2420.o)
                0x00001e10                cc2420_last_rssi
                0x00001e12                cc2420_sfd_start_time
                0x00001e14                cc2420_time_of_departure
                0x00001e16                cc2420_time_of_arrival
                0x00001e18                cc2420_last_correlation
                0x00001e1a                cc2420_authority_level_of_sender
                0x00001e1c                cc2420_sfd_counter
                0x00001e1e                cc2420_sfd_end_time
 COMMON         0x00001e20        0x1 contiki-sky.a(slip.o)
                0x00001e20                slip_active
 *fill*         0x00001e21        0x1 00
 COMMON         0x00001e22        0x2 contiki-sky.a(msp430.o)
                0x00001e22                msp430_dco_required
 COMMON         0x00001e24       0x56 contiki-sky.a(energest.o)
                0x00001e24                energest_total_time
                0x00001e54                energest_total_count
                0x00001e56                energest_current_mode
                0x00001e62                energest_current_time
 COMMON         0x00001e7a        0x1 contiki-sky.a(process.o)
                0x00001e7a                process_maxevents
 *fill*         0x00001e7b        0x1 00
 COMMON         0x00001e7c      0x12a contiki-sky.a(uip-ds6.o)
                0x00001e7c                uip_ds6_if
                0x00001f32                uip_ds6_netif_addr_list_offset
                0x00001f33                uip_ds6_addr_size
                0x00001f34                uip_ds6_prefix_list
                0x00001f8e                uip_ds6_timer_periodic
                0x00001f9a                uip_ds6_timer_rs
 COMMON         0x00001fa6      0x2a0 contiki-sky.a(uip6.o)
                0x00001fa6                uip_len
                0x00001fa8                uip_sappdata
                0x00001faa                uip_acc32
                0x00001fae                uip_lladdr
                0x00001fb6                uip_aligned_buf
                0x00002042                uip_flags
                0x00002044                uip_next_hdr
                0x00002046                uip_udp_conn
                0x00002048                uip_appdata
                0x0000204a                uip_conn
                0x0000204c                uip_conns
                0x000020fc                uip_listenports
                0x0000210c                uip_slen
                0x0000210e                uip_udp_conns
 COMMON         0x00002246        0x1 contiki-sky.a(tcpip.o)
                0x00002246                tcpip_event
 *fill*         0x00002247        0x1 00
 COMMON         0x00002248       0x2e contiki-sky.a(packetbuf.o)
                0x00002248                packetbuf_addrs
                0x00002258                packetbuf_attrs
 COMMON         0x00002276        0x8 contiki-sky.a(linkaddr.o)
                0x00002276                linkaddr_node_addr
 COMMON         0x0000227e       0x14 contiki-sky.a(link-stats.o)
                0x0000227e                periodic_timer
 COMMON         0x00002292        0x8 contiki-sky.a(compower.o)
                0x00002292                compower_idle_activity
                0x0000229a                . = ALIGN (0x2)
                0x0000229a                PROVIDE (__bss_end, .)
                0x000010ea                PROVIDE (__bss_size, SIZEOF (.bss))

.noinit         0x0000229a        0x2 load address 0x0000b61c
                0x0000229a                PROVIDE (__noinit_start, .)
 *(.noinit .noinit.*)
 .noinit.crt0   0x0000229a        0x2 /usr/lib/gcc/msp430/4.6.3/mmpy-16/libcrt0.a(__watchdog_support.o)
                0x0000229a                __wdt_clear_value
                0x0000229c                . = ALIGN (0x2)
                0x0000229c                PROVIDE (__noinit_end, .)
                0x0000229c                . = ALIGN (0x2)
                0x0000229c                _end = .

.infomem        0x00001000        0x0
 *(.infomem)
                0x00001000                . = ALIGN (0x2)
 *(.infomem.*)

.infomemnobits  0x00001000        0x0
 *(.infomemnobits)
                0x00001000                . = ALIGN (0x2)
 *(.infomemnobits.*)

.infoa
 *(.infoa .infoa.*)

.infob
 *(.infob .infob.*)

.infoc
 *(.infoc .infoc.*)

.infod
 *(.infod .infod.*)

.vectors        0x0000ffe0       0x20
                0x0000ffe0                PROVIDE (__vectors_start, .)
 *(.vectors*)
 .vectors       0x0000ffe0       0x20 /usr/lib/gcc/msp430/4.6.3/mmpy-16/crt0ivtbl16.o
                0x0000ffe0                __ivtbl_16
                0x00010000                _vectors_end = .

.fartext        0x00000000        0x0
                0x00000000                . = ALIGN (0x2)
 *(.fartext)
                0x00000000                . = ALIGN (0x2)
 *(.fartext.*)
                0x00000000                _efartext = .

.profiler
 *(.profiler)

.stab           0x00000000    0x207b4
 *(.stab)
 .stab          0x00000000     0x153c slip-radio.co
 .stab          0x0000153c      0x990 obj_sky/slip-net.o
                                0xde0 (size before relaxing)
 .stab          0x00001ecc      0x828 obj_sky/no-framer.o
                                0xc84 (size before relaxing)
 .stab          0x000026f4     0x147c obj_sky/contiki-sky-main.o
                               0x1bb4 (size before relaxing)
 .stab          0x00003b70      0x2d0 contiki-sky.a(cmd.o)
                                0x63c (size before relaxing)
 .stab          0x00003e40      0x6e4 contiki-sky.a(packetutils.o)
                                0xd38 (size before relaxing)
 .stab          0x00004524      0x264 contiki-sky.a(contiki-sky-pla)
                                0x5b8 (size before relaxing)
 .stab          0x00004788      0x468 contiki-sky.a(button-sensor.o)
                                0x7d4 (size before relaxing)
 .stab          0x00004bf0      0x624 contiki-sky.a(ds2411.o)
                                0xb40 (size before relaxing)
 .stab          0x00005214      0xa38 contiki-sky.a(xmem.o)
                                0xf60 (size before relaxing)
 .stab          0x00005c4c      0x2b8 contiki-sky.a(node-id.o)
                                0x4e0 (size before relaxing)
 .stab          0x00005f04      0x654 contiki-sky.a(sensors.o)
                                0xb70 (size before relaxing)
 .stab          0x00006558     0x28bc contiki-sky.a(cc2420.o)
                               0x2fe8 (size before relaxing)
 .stab          0x00008e14      0x768 contiki-sky.a(cc2420-arch.o)
                               0x1734 (size before relaxing)
 .stab          0x0000957c      0x60c contiki-sky.a(uart1.o)
                                0x960 (size before relaxing)
 .stab          0x00009b88      0x27c contiki-sky.a(slip_uart1.o)
                                0x5d0 (size before relaxing)
 .stab          0x00009e04      0xc30 contiki-sky.a(slip.o)
                               0x13e0 (size before relaxing)
 .stab          0x0000aa34      0x744 contiki-sky.a(msp430.o)
                                0xa98 (size before relaxing)
 .stab          0x0000b178      0x948 contiki-sky.a(clock.o)
                                0xc9c (size before relaxing)
 .stab          0x0000bac0      0x5dc contiki-sky.a(leds.o)
                                0x828 (size before relaxing)
 .stab          0x0000c09c      0x3a8 contiki-sky.a(leds-arch.o)
                                0x6fc (size before relaxing)
 .stab          0x0000c444      0x3fc contiki-sky.a(watchdog.o)
                                0x750 (size before relaxing)
 .stab          0x0000c840      0x3cc contiki-sky.a(rtimer-arch.o)
                                0x720 (size before relaxing)
 .stab          0x0000cc0c      0x858 contiki-sky.a(ctimer.o)
                                0xbc4 (size before relaxing)
 .stab          0x0000d464      0x294 contiki-sky.a(autostart.o)
                                0x534 (size before relaxing)
 .stab          0x0000d6f8      0x474 contiki-sky.a(energest.o)
                                0x6fc (size before relaxing)
 .stab          0x0000db6c      0xabc contiki-sky.a(etimer.o)
                                0xd8c (size before relaxing)
 .stab          0x0000e628      0xba0 contiki-sky.a(process.o)
                               0x1038 (size before relaxing)
 .stab          0x0000f1c8      0x3d8 contiki-sky.a(rtimer.o)
                                0x6c0 (size before relaxing)
 .stab          0x0000f5a0      0x354 contiki-sky.a(timer.o)
                                0x594 (size before relaxing)
 .stab          0x0000f8f4      0x7f8 contiki-sky.a(list.o)
                                0x804 (size before relaxing)
 .stab          0x000100ec      0x24c contiki-sky.a(random.o)
                                0x624 (size before relaxing)
 .stab          0x00010338     0x153c contiki-sky.a(uip-ds6.o)
                               0x216c (size before relaxing)
 .stab          0x00011874     0x132c contiki-sky.a(uip-ds6-route.o)
                               0x1f44 (size before relaxing)
 .stab          0x00012ba0     0x2700 contiki-sky.a(uip6.o)
                               0x33fc (size before relaxing)
 .stab          0x000152a0      0xaa4 contiki-sky.a(uip-ds6-nbr.o)
                               0x1590 (size before relaxing)
 .stab          0x00015d44      0xcb4 contiki-sky.a(uip-nd6.o)
                               0x1920 (size before relaxing)
 .stab          0x000169f8      0x3d8 contiki-sky.a(uip-debug.o)
                                0xbac (size before relaxing)
 .stab          0x00016dd0     0x1320 contiki-sky.a(tcpip.o)
                               0x24a8 (size before relaxing)
 .stab          0x000180f0      0x648 contiki-sky.a(nullmac.o)
                                0xdc8 (size before relaxing)
 .stab          0x00018738      0xffc contiki-sky.a(frame802154.o)
                               0x17e8 (size before relaxing)
 .stab          0x00019734      0xaa4 contiki-sky.a(queuebuf.o)
                               0x1bc0 (size before relaxing)
 .stab          0x0001a1d8      0xf54 contiki-sky.a(nbr-table.o)
                               0x18c0 (size before relaxing)
 .stab          0x0001b12c      0xc18 contiki-sky.a(packetbuf.o)
                               0x1d4c (size before relaxing)
 .stab          0x0001bd44      0x2c4 contiki-sky.a(linkaddr.o)
                                0x6c0 (size before relaxing)
 .stab          0x0001c008      0x7d4 contiki-sky.a(link-stats.o)
                               0x11a0 (size before relaxing)
 .stab          0x0001c7dc     0x1734 contiki-sky.a(contikimac.o)
                               0x22d4 (size before relaxing)
 .stab          0x0001df10      0x3c0 contiki-sky.a(nullsec.o)
                                0xcf0 (size before relaxing)
 .stab          0x0001e2d0      0x204 contiki-sky.a(spi.o)
                                0x42c (size before relaxing)
 .stab          0x0001e4d4      0x3c0 contiki-sky.a(stimer.o)
                                0x600 (size before relaxing)
 .stab          0x0001e894      0x51c contiki-sky.a(compower.o)
                                0xd20 (size before relaxing)
 .stab          0x0001edb0      0x5c4 contiki-sky.a(memb.o)
                                0xaf8 (size before relaxing)
 .stab          0x0001f374      0xbd0 contiki-sky.a(uip-icmp6.o)
                               0x17f4 (size before relaxing)
 .stab          0x0001ff44      0x678 contiki-sky.a(mac-sequence.o)
                               0x17ac (size before relaxing)
 .stab          0x000205bc      0x1f8 contiki-sky.a(mac.o)
                                0x4ec (size before relaxing)

.stabstr        0x00000000    0x186e5
 *(.stabstr)
 .stabstr       0x00000000    0x186e5 slip-radio.co

.stab.excl
 *(.stab.excl)

.stab.exclstr
 *(.stab.exclstr)

.stab.index
 *(.stab.index)

.stab.indexstr
 *(.stab.indexstr)

.comment
 *(.comment)

.debug
 *(.debug)

.line
 *(.line)

.debug_srcinfo
 *(.debug_srcinfo)

.debug_sfnames
 *(.debug_sfnames)

.debug_aranges  0x00000000      0x1a4
 *(.debug_aranges)
 .debug_aranges
                0x00000000       0x14 /usr/lib/gcc/msp430/4.6.3/mmpy-16/libgcc.a(_mulsi3.o)
 .debug_aranges
                0x00000014       0x14 /usr/lib/gcc/msp430/4.6.3/mmpy-16/libgcc.a(_divmod16.o)
 .debug_aranges
                0x00000028       0x14 /usr/lib/gcc/msp430/4.6.3/mmpy-16/libgcc.a(_udivmod32.o)
 .debug_aranges
                0x0000003c       0x14 /usr/lib/gcc/msp430/4.6.3/mmpy-16/libgcc.a(_divmod32.o)
 .debug_aranges
                0x00000050       0x14 /usr/lib/gcc/msp430/4.6.3/mmpy-16/libgcc.a(_udivmod16.o)
 .debug_aranges
                0x00000064       0x14 /usr/lib/gcc/msp430/4.6.3/../../../../msp430/lib/mmpy-16/libc.a(strncmp.o)
 .debug_aranges
                0x00000078       0x14 /usr/lib/gcc/msp430/4.6.3/../../../../msp430/lib/mmpy-16/libc.a(memcmp.o)
 .debug_aranges
                0x0000008c       0x14 /usr/lib/gcc/msp430/4.6.3/../../../../msp430/lib/mmpy-16/libc.a(memcpy.o)
 .debug_aranges
                0x000000a0       0x14 /usr/lib/gcc/msp430/4.6.3/../../../../msp430/lib/mmpy-16/libc.a(memmove.o)
 .debug_aranges
                0x000000b4       0x14 /usr/lib/gcc/msp430/4.6.3/../../../../msp430/lib/mmpy-16/libc.a(memset.o)
 .debug_aranges
                0x000000c8       0x14 /usr/lib/gcc/msp430/4.6.3/../../../../msp430/lib/mmpy-16/libc.a(printf.o)
 .debug_aranges
                0x000000dc       0x14 /usr/lib/gcc/msp430/4.6.3/../../../../msp430/lib/mmpy-16/libc.a(vuprintf.o)
 .debug_aranges
                0x000000f0       0x14 /usr/lib/gcc/msp430/4.6.3/../../../../msp430/lib/mmpy-16/libc.a(puts.o)
 .debug_aranges
                0x00000104       0x14 /usr/lib/gcc/msp430/4.6.3/../../../../msp430/lib/mmpy-16/libc.a(rand.o)
 .debug_aranges
                0x00000118       0x14 /usr/lib/gcc/msp430/4.6.3/mmpy-16/libgcc.a(_udivmod64.o)
 .debug_aranges
                0x0000012c       0x14 /usr/lib/gcc/msp430/4.6.3/mmpy-16/libcrt0.a(__watchdog_support.o)
 .debug_aranges
                0x00000140       0x14 /usr/lib/gcc/msp430/4.6.3/mmpy-16/libcrt0.a(__init_stack.o)
 .debug_aranges
                0x00000154       0x14 /usr/lib/gcc/msp430/4.6.3/mmpy-16/libcrt0.a(_copy_data.o)
 .debug_aranges
                0x00000168       0x14 /usr/lib/gcc/msp430/4.6.3/mmpy-16/libcrt0.a(_clear_bss.o)
 .debug_aranges
                0x0000017c       0x14 /usr/lib/gcc/msp430/4.6.3/mmpy-16/libcrt0.a(_endless_loop__.o)
 .debug_aranges
                0x00000190       0x14 /usr/lib/gcc/msp430/4.6.3/mmpy-16/libcrt0.a(_unexpected_.o)

.debug_pubnames
 *(.debug_pubnames)

.debug_info     0x00000000     0x165a
 *(.debug_info)
 .debug_info    0x00000000       0xd6 /usr/lib/gcc/msp430/4.6.3/mmpy-16/libgcc.a(_mulsi3.o)
 .debug_info    0x000000d6       0xd6 /usr/lib/gcc/msp430/4.6.3/mmpy-16/libgcc.a(_divmod16.o)
 .debug_info    0x000001ac       0xd6 /usr/lib/gcc/msp430/4.6.3/mmpy-16/libgcc.a(_udivmod32.o)
 .debug_info    0x00000282       0xd6 /usr/lib/gcc/msp430/4.6.3/mmpy-16/libgcc.a(_divmod32.o)
 .debug_info    0x00000358       0xd6 /usr/lib/gcc/msp430/4.6.3/mmpy-16/libgcc.a(_udivmod16.o)
 .debug_info    0x0000042e       0xbb /usr/lib/gcc/msp430/4.6.3/../../../../msp430/lib/mmpy-16/libc.a(strncmp.o)
 .debug_info    0x000004e9       0xe8 /usr/lib/gcc/msp430/4.6.3/../../../../msp430/lib/mmpy-16/libc.a(memcmp.o)
 .debug_info    0x000005d1      0x113 /usr/lib/gcc/msp430/4.6.3/../../../../msp430/lib/mmpy-16/libc.a(memcpy.o)
 .debug_info    0x000006e4      0x113 /usr/lib/gcc/msp430/4.6.3/../../../../msp430/lib/mmpy-16/libc.a(memmove.o)
 .debug_info    0x000007f7       0xfe /usr/lib/gcc/msp430/4.6.3/../../../../msp430/lib/mmpy-16/libc.a(memset.o)
 .debug_info    0x000008f5      0x105 /usr/lib/gcc/msp430/4.6.3/../../../../msp430/lib/mmpy-16/libc.a(printf.o)
 .debug_info    0x000009fa      0x565 /usr/lib/gcc/msp430/4.6.3/../../../../msp430/lib/mmpy-16/libc.a(vuprintf.o)
 .debug_info    0x00000f5f       0x96 /usr/lib/gcc/msp430/4.6.3/../../../../msp430/lib/mmpy-16/libc.a(puts.o)
 .debug_info    0x00000ff5      0x13f /usr/lib/gcc/msp430/4.6.3/../../../../msp430/lib/mmpy-16/libc.a(rand.o)
 .debug_info    0x00001134       0xd6 /usr/lib/gcc/msp430/4.6.3/mmpy-16/libgcc.a(_udivmod64.o)
 .debug_info    0x0000120a       0xb8 /usr/lib/gcc/msp430/4.6.3/mmpy-16/libcrt0.a(__watchdog_support.o)
 .debug_info    0x000012c2       0xb8 /usr/lib/gcc/msp430/4.6.3/mmpy-16/libcrt0.a(__init_stack.o)
 .debug_info    0x0000137a       0xb8 /usr/lib/gcc/msp430/4.6.3/mmpy-16/libcrt0.a(_copy_data.o)
 .debug_info    0x00001432       0xb8 /usr/lib/gcc/msp430/4.6.3/mmpy-16/libcrt0.a(_clear_bss.o)
 .debug_info    0x000014ea       0xb8 /usr/lib/gcc/msp430/4.6.3/mmpy-16/libcrt0.a(_endless_loop__.o)
 .debug_info    0x000015a2       0xb8 /usr/lib/gcc/msp430/4.6.3/mmpy-16/libcrt0.a(_unexpected_.o)
 *(.gnu.linkonce.wi.*)

.debug_abbrev   0x00000000      0x7e0
 *(.debug_abbrev)
 .debug_abbrev  0x00000000       0x14 /usr/lib/gcc/msp430/4.6.3/mmpy-16/libgcc.a(_mulsi3.o)
 .debug_abbrev  0x00000014       0x14 /usr/lib/gcc/msp430/4.6.3/mmpy-16/libgcc.a(_divmod16.o)
 .debug_abbrev  0x00000028       0x14 /usr/lib/gcc/msp430/4.6.3/mmpy-16/libgcc.a(_udivmod32.o)
 .debug_abbrev  0x0000003c       0x14 /usr/lib/gcc/msp430/4.6.3/mmpy-16/libgcc.a(_divmod32.o)
 .debug_abbrev  0x00000050       0x14 /usr/lib/gcc/msp430/4.6.3/mmpy-16/libgcc.a(_udivmod16.o)
 .debug_abbrev  0x00000064       0x7c /usr/lib/gcc/msp430/4.6.3/../../../../msp430/lib/mmpy-16/libc.a(strncmp.o)
 .debug_abbrev  0x000000e0       0x9b /usr/lib/gcc/msp430/4.6.3/../../../../msp430/lib/mmpy-16/libc.a(memcmp.o)
 .debug_abbrev  0x0000017b       0x97 /usr/lib/gcc/msp430/4.6.3/../../../../msp430/lib/mmpy-16/libc.a(memcpy.o)
 .debug_abbrev  0x00000212       0x97 /usr/lib/gcc/msp430/4.6.3/../../../../msp430/lib/mmpy-16/libc.a(memmove.o)
 .debug_abbrev  0x000002a9       0x9c /usr/lib/gcc/msp430/4.6.3/../../../../msp430/lib/mmpy-16/libc.a(memset.o)
 .debug_abbrev  0x00000345       0xd0 /usr/lib/gcc/msp430/4.6.3/../../../../msp430/lib/mmpy-16/libc.a(printf.o)
 .debug_abbrev  0x00000415      0x1ef /usr/lib/gcc/msp430/4.6.3/../../../../msp430/lib/mmpy-16/libc.a(vuprintf.o)
 .debug_abbrev  0x00000604       0x60 /usr/lib/gcc/msp430/4.6.3/../../../../msp430/lib/mmpy-16/libc.a(puts.o)
 .debug_abbrev  0x00000664       0xf0 /usr/lib/gcc/msp430/4.6.3/../../../../msp430/lib/mmpy-16/libc.a(rand.o)
 .debug_abbrev  0x00000754       0x14 /usr/lib/gcc/msp430/4.6.3/mmpy-16/libgcc.a(_udivmod64.o)
 .debug_abbrev  0x00000768       0x14 /usr/lib/gcc/msp430/4.6.3/mmpy-16/libcrt0.a(__watchdog_support.o)
 .debug_abbrev  0x0000077c       0x14 /usr/lib/gcc/msp430/4.6.3/mmpy-16/libcrt0.a(__init_stack.o)
 .debug_abbrev  0x00000790       0x14 /usr/lib/gcc/msp430/4.6.3/mmpy-16/libcrt0.a(_copy_data.o)
 .debug_abbrev  0x000007a4       0x14 /usr/lib/gcc/msp430/4.6.3/mmpy-16/libcrt0.a(_clear_bss.o)
 .debug_abbrev  0x000007b8       0x14 /usr/lib/gcc/msp430/4.6.3/mmpy-16/libcrt0.a(_endless_loop__.o)
 .debug_abbrev  0x000007cc       0x14 /usr/lib/gcc/msp430/4.6.3/mmpy-16/libcrt0.a(_unexpected_.o)

.debug_line     0x00000000      0xeaf
 *(.debug_line)
 .debug_line    0x00000000       0xa3 /usr/lib/gcc/msp430/4.6.3/mmpy-16/libgcc.a(_mulsi3.o)
 .debug_line    0x000000a3       0xa7 /usr/lib/gcc/msp430/4.6.3/mmpy-16/libgcc.a(_divmod16.o)
 .debug_line    0x0000014a       0xab /usr/lib/gcc/msp430/4.6.3/mmpy-16/libgcc.a(_udivmod32.o)
 .debug_line    0x000001f5       0xb0 /usr/lib/gcc/msp430/4.6.3/mmpy-16/libgcc.a(_divmod32.o)
 .debug_line    0x000002a5       0x9c /usr/lib/gcc/msp430/4.6.3/mmpy-16/libgcc.a(_udivmod16.o)
 .debug_line    0x00000341       0x75 /usr/lib/gcc/msp430/4.6.3/../../../../msp430/lib/mmpy-16/libc.a(strncmp.o)
 .debug_line    0x000003b6       0x73 /usr/lib/gcc/msp430/4.6.3/../../../../msp430/lib/mmpy-16/libc.a(memcmp.o)
 .debug_line    0x00000429       0xe9 /usr/lib/gcc/msp430/4.6.3/../../../../msp430/lib/mmpy-16/libc.a(memcpy.o)
 .debug_line    0x00000512       0xe9 /usr/lib/gcc/msp430/4.6.3/../../../../msp430/lib/mmpy-16/libc.a(memmove.o)
 .debug_line    0x000005fb       0xc8 /usr/lib/gcc/msp430/4.6.3/../../../../msp430/lib/mmpy-16/libc.a(memset.o)
 .debug_line    0x000006c3       0x72 /usr/lib/gcc/msp430/4.6.3/../../../../msp430/lib/mmpy-16/libc.a(printf.o)
 .debug_line    0x00000735      0x2d2 /usr/lib/gcc/msp430/4.6.3/../../../../msp430/lib/mmpy-16/libc.a(vuprintf.o)
 .debug_line    0x00000a07       0x4d /usr/lib/gcc/msp430/4.6.3/../../../../msp430/lib/mmpy-16/libc.a(puts.o)
 .debug_line    0x00000a54       0x4f /usr/lib/gcc/msp430/4.6.3/../../../../msp430/lib/mmpy-16/libc.a(rand.o)
 .debug_line    0x00000aa3       0xf1 /usr/lib/gcc/msp430/4.6.3/mmpy-16/libgcc.a(_udivmod64.o)
 .debug_line    0x00000b94       0x84 /usr/lib/gcc/msp430/4.6.3/mmpy-16/libcrt0.a(__watchdog_support.o)
 .debug_line    0x00000c18       0x82 /usr/lib/gcc/msp430/4.6.3/mmpy-16/libcrt0.a(__init_stack.o)
 .debug_line    0x00000c9a       0x88 /usr/lib/gcc/msp430/4.6.3/mmpy-16/libcrt0.a(_copy_data.o)
 .debug_line    0x00000d22       0x88 /usr/lib/gcc/msp430/4.6.3/mmpy-16/libcrt0.a(_clear_bss.o)
 .debug_line    0x00000daa       0x83 /usr/lib/gcc/msp430/4.6.3/mmpy-16/libcrt0.a(_endless_loop__.o)
 .debug_line    0x00000e2d       0x82 /usr/lib/gcc/msp430/4.6.3/mmpy-16/libcrt0.a(_unexpected_.o)

.debug_frame    0x00000000      0x224
 *(.debug_frame)
 .debug_frame   0x00000000       0x24 /usr/lib/gcc/msp430/4.6.3/../../../../msp430/lib/mmpy-16/libc.a(strncmp.o)
 .debug_frame   0x00000024       0x24 /usr/lib/gcc/msp430/4.6.3/../../../../msp430/lib/mmpy-16/libc.a(memcmp.o)
 .debug_frame   0x00000048       0x38 /usr/lib/gcc/msp430/4.6.3/../../../../msp430/lib/mmpy-16/libc.a(memcpy.o)
 .debug_frame   0x00000080       0x38 /usr/lib/gcc/msp430/4.6.3/../../../../msp430/lib/mmpy-16/libc.a(memmove.o)
 .debug_frame   0x000000b8       0x32 /usr/lib/gcc/msp430/4.6.3/../../../../msp430/lib/mmpy-16/libc.a(memset.o)
 .debug_frame   0x000000ea       0x2a /usr/lib/gcc/msp430/4.6.3/../../../../msp430/lib/mmpy-16/libc.a(printf.o)
 .debug_frame   0x00000114       0xb0 /usr/lib/gcc/msp430/4.6.3/../../../../msp430/lib/mmpy-16/libc.a(vuprintf.o)
 .debug_frame   0x000001c4       0x24 /usr/lib/gcc/msp430/4.6.3/../../../../msp430/lib/mmpy-16/libc.a(puts.o)
 .debug_frame   0x000001e8       0x3c /usr/lib/gcc/msp430/4.6.3/../../../../msp430/lib/mmpy-16/libc.a(rand.o)

.debug_str      0x00000000      0x3f7
 *(.debug_str)
 .debug_str     0x00000000       0xc4 /usr/lib/gcc/msp430/4.6.3/../../../../msp430/lib/mmpy-16/libc.a(strncmp.o)
                                 0xfd (size before relaxing)
 .debug_str     0x000000c4       0x19 /usr/lib/gcc/msp430/4.6.3/../../../../msp430/lib/mmpy-16/libc.a(memcmp.o)
                                 0xfb (size before relaxing)
 .debug_str     0x000000dd       0x34 /usr/lib/gcc/msp430/4.6.3/../../../../msp430/lib/mmpy-16/libc.a(memcpy.o)
                                0x116 (size before relaxing)
 .debug_str     0x00000111       0x1b /usr/lib/gcc/msp430/4.6.3/../../../../msp430/lib/mmpy-16/libc.a(memmove.o)
                                0x118 (size before relaxing)
 .debug_str     0x0000012c       0x26 /usr/lib/gcc/msp430/4.6.3/../../../../msp430/lib/mmpy-16/libc.a(memset.o)
                                0x114 (size before relaxing)
 .debug_str     0x00000152       0x40 /usr/lib/gcc/msp430/4.6.3/../../../../msp430/lib/mmpy-16/libc.a(printf.o)
                                0x12a (size before relaxing)
 .debug_str     0x00000192      0x221 /usr/lib/gcc/msp430/4.6.3/../../../../msp430/lib/mmpy-16/libc.a(vuprintf.o)
                                0x375 (size before relaxing)
 .debug_str     0x000003b3       0x15 /usr/lib/gcc/msp430/4.6.3/../../../../msp430/lib/mmpy-16/libc.a(puts.o)
                                 0xf0 (size before relaxing)
 .debug_str     0x000003c8       0x2f /usr/lib/gcc/msp430/4.6.3/../../../../msp430/lib/mmpy-16/libc.a(rand.o)
                                0x10f (size before relaxing)

.debug_loc      0x00000000      0xcdc
 *(.debug_loc)
 .debug_loc     0x00000000       0x38 /usr/lib/gcc/msp430/4.6.3/../../../../msp430/lib/mmpy-16/libc.a(strncmp.o)
 .debug_loc     0x00000038       0x5e /usr/lib/gcc/msp430/4.6.3/../../../../msp430/lib/mmpy-16/libc.a(memcmp.o)
 .debug_loc     0x00000096      0x1e9 /usr/lib/gcc/msp430/4.6.3/../../../../msp430/lib/mmpy-16/libc.a(memcpy.o)
 .debug_loc     0x0000027f      0x1e9 /usr/lib/gcc/msp430/4.6.3/../../../../msp430/lib/mmpy-16/libc.a(memmove.o)
 .debug_loc     0x00000468       0xdb /usr/lib/gcc/msp430/4.6.3/../../../../msp430/lib/mmpy-16/libc.a(memset.o)
 .debug_loc     0x00000543       0x38 /usr/lib/gcc/msp430/4.6.3/../../../../msp430/lib/mmpy-16/libc.a(printf.o)
 .debug_loc     0x0000057b      0x70c /usr/lib/gcc/msp430/4.6.3/../../../../msp430/lib/mmpy-16/libc.a(vuprintf.o)
 .debug_loc     0x00000c87       0x26 /usr/lib/gcc/msp430/4.6.3/../../../../msp430/lib/mmpy-16/libc.a(puts.o)
 .debug_loc     0x00000cad       0x2f /usr/lib/gcc/msp430/4.6.3/../../../../msp430/lib/mmpy-16/libc.a(rand.o)

.debug_macinfo
 *(.debug_macinfo)

.debug_pubtypes
 *(.debug_pubtypes)

.debug_ranges   0x00000000       0x18
 *(.debug_ranges)
 .debug_ranges  0x00000000       0x18 /usr/lib/gcc/msp430/4.6.3/../../../../msp430/lib/mmpy-16/libc.a(vuprintf.o)
                0x00003900                PROVIDE (__stack, (ORIGIN (ram) + 0x2800))
                0x0000b56c                PROVIDE (__data_start_rom, _etext)
                0x0000b61c                PROVIDE (__data_end_rom, (_etext + SIZEOF (.data)))
OUTPUT(slip-radio.sky elf32-msp430)
