Archive member included to satisfy reference by file (symbol)

contiki-native.a(cmd.o)       obj_native/border-router-cmds.o (cmd_input)
contiki-native.a(packetutils.o)
                              obj_native/border-router-rdc.o (packetutils_serialize_atts)
contiki-native.a(contiki-main.o)
                              obj_native/tun-bridge.o (select_set_callback)
contiki-native.a(button-sensor.o)
                              contiki-native.a(contiki-main.o) (button_sensor)
contiki-native.a(pir-sensor.o)
                              contiki-native.a(contiki-main.o) (pir_sensor)
contiki-native.a(vib-sensor.o)
                              contiki-native.a(contiki-main.o) (vib_sensor)
contiki-native.a(sensors.o)   contiki-native.a(button-sensor.o) (sensors_changed)
contiki-native.a(ctimer.o)    contiki-native.a(contiki-main.o) (ctimer_init)
contiki-native.a(autostart.o)
                              contiki-native.a(contiki-main.o) (autostart_start)
contiki-native.a(etimer.o)    contiki-native.a(contiki-main.o) (etimer_process)
contiki-native.a(process.o)   border-router.co (process_current)
contiki-native.a(rtimer.o)    contiki-native.a(contiki-main.o) (rtimer_init)
contiki-native.a(timer.o)     obj_native/slip-dev.o (timer_set)
contiki-native.a(serial-line.o)
                              obj_native/border-router-cmds.o (serial_line_event_message)
contiki-native.a(ringbuf.o)   contiki-native.a(serial-line.o) (ringbuf_init)
contiki-native.a(list.o)      contiki-native.a(ctimer.o) (list_init)
contiki-native.a(memb.o)      obj_native/httpd-simple.o (memb_init)
contiki-native.a(uip-ds6.o)   border-router.co (uip_ds6_if)
contiki-native.a(uip-ds6-route.o)
                              contiki-native.a(uip-ds6.o) (uip_ds6_route_init)
contiki-native.a(uip6.o)      border-router.co (uip_lladdr)
contiki-native.a(uip-ds6-nbr.o)
                              border-router.co (ds6_neighbors)
contiki-native.a(uip-nd6.o)   contiki-native.a(uip6.o) (uip_nd6_init)
contiki-native.a(sicslowpan.o)
                              contiki-native.a(contiki-main.o) (sicslowpan_driver)
contiki-native.a(uip-packetqueue)
                              contiki-native.a(uip-ds6-nbr.o) (uip_packetqueue_new)
contiki-native.a(uip-debug.o)
                              border-router.co (uip_debug_ipaddr_print)
contiki-native.a(psock.o)     border-router.co (psock_send)
contiki-native.a(tcpip.o)     border-router.co (tcpip_event)
contiki-native.a(uiplib.o)    border-router.co (uiplib_ip6addrconv)
contiki-native.a(rpl-dag.o)   border-router.co (rpl_set_root)
contiki-native.a(rpl-timers.o)
                              contiki-native.a(rpl-dag.o) (rpl_reset_dio_timer)
contiki-native.a(rpl-ext-header.)
                              contiki-native.a(uip6.o) (rpl_verify_hbh_header)
contiki-native.a(rpl.o)       contiki-native.a(rpl-timers.o) (rpl_get_mode)
contiki-native.a(rpl-mrhof.o)
                              contiki-native.a(rpl-dag.o) (rpl_mrhof)
contiki-native.a(rpl-icmp6.o)
                              contiki-native.a(rpl-dag.o) (rpl_icmp6_update_nbr_table)
contiki-native.a(queuebuf.o)  contiki-native.a(contiki-main.o) (queuebuf_init)
contiki-native.a(nbr-table.o)
                              contiki-native.a(uip-ds6-route.o) (nbr_table_register)
contiki-native.a(packetbuf.o)
                              obj_native/border-router-rdc.o (packetbuf_clear)
contiki-native.a(netstack.o)  contiki-native.a(contiki-main.o) (netstack_init)
contiki-native.a(linkaddr.o)  obj_native/border-router-rdc.o (linkaddr_node_addr)
contiki-native.a(link-stats.o)
                              contiki-native.a(rpl-dag.o) (link_stats_from_lladdr)
contiki-native.a(nullmac.o)   border-router.co (nullmac_driver)
contiki-native.a(mac.o)       obj_native/border-router-rdc.o (mac_call_sent_callback)
contiki-native.a(noncoresec.o)
                              contiki-native.a(sicslowpan.o) (noncoresec_driver)
contiki-native.a(clock.o)     contiki-native.a(etimer.o) (clock_time)
contiki-native.a(rtimer-arch.o)
                              contiki-native.a(rtimer.o) (rtimer_arch_init)
contiki-native.a(watchdog.o)  contiki-native.a(sicslowpan.o) (watchdog_periodic)
contiki-native.a(stimer.o)    contiki-native.a(uip-ds6.o) (stimer_set)
contiki-native.a(nullradio.o)
                              contiki-native.a(netstack.o) (nullradio_driver)
contiki-native.a(ccm-star.o)  contiki-native.a(noncoresec.o) (ccm_star_driver)
contiki-native.a(aes-128.o)   contiki-native.a(ccm-star.o) (aes_128_driver)
contiki-native.a(random.o)    contiki-native.a(uip-ds6.o) (random_rand)
contiki-native.a(uip-icmp6.o)
                              contiki-native.a(uip6.o) (uip_icmp6_input)
contiki-native.a(rpl-nbr-policy.)
                              contiki-native.a(nbr-table.o) (rpl_nbr_policy_find_removable)
contiki-native.a(framer-802154.o)
                              contiki-native.a(noncoresec.o) (framer_802154)
contiki-native.a(anti-replay.o)
[...]
Memory Configuration

Name             Origin             Length             Attributes
*default*        0x0000000000000000 0xffffffffffffffff

Linker script and memory map

LOAD /usr/lib/gcc/i686-linux-gnu/5/../../../i386-linux-gnu/crt1.o
LOAD /usr/lib/gcc/i686-linux-gnu/5/../../../i386-linux-gnu/crti.o
LOAD /usr/lib/gcc/i686-linux-gnu/5/crtbegin.o
LOAD border-router.co
LOAD obj_native/border-router-cmds.o
LOAD obj_native/tun-bridge.o
LOAD obj_native/border-router-rdc.o
LOAD obj_native/slip-config.o
LOAD obj_native/slip-dev.o
LOAD obj_native/httpd-simple.o
LOAD contiki-native.a
LOAD /usr/lib/gcc/i686-linux-gnu/5/../../../i386-linux-gnu/libncurses.so
LOAD /lib/i386-linux-gnu/libncurses.so.5
LOAD /usr/lib/gcc/i686-linux-gnu/5/../../../i386-linux-gnu/libtinfo.so
LOAD /usr/lib/gcc/i686-linux-gnu/5/libgcc.a
LOAD /usr/lib/gcc/i686-linux-gnu/5/libgcc_s.so
LOAD /usr/lib/gcc/i686-linux-gnu/5/../../../i386-linux-gnu/libc.so
START GROUP
LOAD /lib/i386-linux-gnu/libc.so.6
LOAD /usr/lib/i386-linux-gnu/libc_nonshared.a
LOAD /lib/i386-linux-gnu/ld-linux.so.2
END GROUP
LOAD /usr/lib/gcc/i686-linux-gnu/5/libgcc.a
LOAD /usr/lib/gcc/i686-linux-gnu/5/libgcc_s.so
LOAD /usr/lib/gcc/i686-linux-gnu/5/crtend.o
LOAD /usr/lib/gcc/i686-linux-gnu/5/../../../i386-linux-gnu/crtn.o
                [!provide]                        PROVIDE (__executable_start, 0x8048000)
                0x0000000008048154                . = (0x8048000 + SIZEOF_HEADERS)

.interp         0x0000000008048154       0x13
 *(.interp)
 .interp        0x0000000008048154       0x13 /usr/lib/gcc/i686-linux-gnu/5/../../../i386-linux-gnu/crt1.o

.note.ABI-tag   0x0000000008048168       0x20
 .note.ABI-tag  0x0000000008048168       0x20 /usr/lib/gcc/i686-linux-gnu/5/../../../i386-linux-gnu/crt1.o

.note.gnu.build-id
                0x0000000008048188       0x24
 *(.note.gnu.build-id)
 .note.gnu.build-id
                0x0000000008048188       0x24 /usr/lib/gcc/i686-linux-gnu/5/../../../i386-linux-gnu/crt1.o

.hash
 *(.hash)

.gnu.hash       0x00000000080481ac      0xdc0
 *(.gnu.hash)
 .gnu.hash      0x00000000080481ac      0xdc0 /usr/lib/gcc/i686-linux-gnu/5/../../../i386-linux-gnu/crt1.o

.dynsym         0x0000000008048f6c     0x2240
 *(.dynsym)
 .dynsym        0x0000000008048f6c     0x2240 /usr/lib/gcc/i686-linux-gnu/5/../../../i386-linux-gnu/crt1.o

.dynstr         0x000000000804b1ac     0x2187
 *(.dynstr)
 .dynstr        0x000000000804b1ac     0x2187 /usr/lib/gcc/i686-linux-gnu/5/../../../i386-linux-gnu/crt1.o

.gnu.version    0x000000000804d334      0x448
 *(.gnu.version)
 .gnu.version   0x000000000804d334      0x448 /usr/lib/gcc/i686-linux-gnu/5/../../../i386-linux-gnu/crt1.o

.gnu.version_d  0x000000000804d77c        0x0
 *(.gnu.version_d)
 .gnu.version_d
                0x000000000804d77c        0x0 /usr/lib/gcc/i686-linux-gnu/5/../../../i386-linux-gnu/crt1.o

.gnu.version_r  0x000000000804d77c       0x50
 *(.gnu.version_r)
 .gnu.version_r
                0x000000000804d77c       0x50 /usr/lib/gcc/i686-linux-gnu/5/../../../i386-linux-gnu/crt1.o

.rel.dyn        0x000000000804d7cc       0x28
 *(.rel.init)
 *(.rel.text .rel.text.* .rel.gnu.linkonce.t.*)
 .rel.text      0x000000000804d7cc        0x0 /usr/lib/gcc/i686-linux-gnu/5/../../../i386-linux-gnu/crt1.o
 *(.rel.fini)
 *(.rel.rodata .rel.rodata.* .rel.gnu.linkonce.r.*)
 .rel.rodata    0x000000000804d7cc        0x0 /usr/lib/gcc/i686-linux-gnu/5/../../../i386-linux-gnu/crt1.o
 *(.rel.data.rel.ro .rel.data.rel.ro.* .rel.gnu.linkonce.d.rel.ro.*)
 *(.rel.data .rel.data.* .rel.gnu.linkonce.d.*)
 .rel.data      0x000000000804d7cc        0x0 /usr/lib/gcc/i686-linux-gnu/5/../../../i386-linux-gnu/crt1.o
 *(.rel.tdata .rel.tdata.* .rel.gnu.linkonce.td.*)
 *(.rel.tbss .rel.tbss.* .rel.gnu.linkonce.tb.*)
 *(.rel.ctors)
 *(.rel.dtors)
 *(.rel.got)
 .rel.got       0x000000000804d7cc        0x8 /usr/lib/gcc/i686-linux-gnu/5/../../../i386-linux-gnu/crt1.o
 *(.rel.bss .rel.bss.* .rel.gnu.linkonce.b.*)
 .rel.bss       0x000000000804d7d4       0x20 /usr/lib/gcc/i686-linux-gnu/5/../../../i386-linux-gnu/crt1.o
 *(.rel.ifunc)

.rel.plt        0x000000000804d7f4      0x1d0
 *(.rel.plt)
 .rel.plt       0x000000000804d7f4      0x1d0 /usr/lib/gcc/i686-linux-gnu/5/../../../i386-linux-gnu/crt1.o
                [!provide]                        PROVIDE (__rel_iplt_start, .)
 *(.rel.iplt)
 .rel.iplt      0x000000000804d9c4        0x0 /usr/lib/gcc/i686-linux-gnu/5/../../../i386-linux-gnu/crt1.o
                [!provide]                        PROVIDE (__rel_iplt_end, .)

.init           0x000000000804d9c4       0x23
 *(SORT(.init))
 .init          0x000000000804d9c4       0x1e /usr/lib/gcc/i686-linux-gnu/5/../../../i386-linux-gnu/crti.o
                0x000000000804d9c4                _init
 .init          0x000000000804d9e2        0x5 /usr/lib/gcc/i686-linux-gnu/5/../../../i386-linux-gnu/crtn.o

.plt            0x000000000804d9f0      0x3b0
 *(.plt)
 .plt           0x000000000804d9f0      0x3b0 /usr/lib/gcc/i686-linux-gnu/5/../../../i386-linux-gnu/crt1.o
                0x000000000804da00                cfmakeraw@@GLIBC_2.0
                0x000000000804da10                setitimer@@GLIBC_2.0
                0x000000000804da20                strcmp@@GLIBC_2.0
                0x000000000804da30                read@@GLIBC_2.0
                0x000000000804da40                printf@@GLIBC_2.0
                0x000000000804da50                fflush@@GLIBC_2.0
                0x000000000804da60                tcflush@@GLIBC_2.0
                0x000000000804da70                memmove@@GLIBC_2.0
                0x000000000804da80                memcpy@@GLIBC_2.0
                0x000000000804da90                cfsetospeed@@GLIBC_2.0
                0x000000000804daa0                signal@@GLIBC_2.0
                0x000000000804dab0                memcmp@@GLIBC_2.0
                0x000000000804dac0                gettimeofday@@GLIBC_2.0
                0x000000000804dad0                select@@GLIBC_2.0
                0x000000000804dae0                __stack_chk_fail@@GLIBC_2.4
                0x000000000804daf0                err@@GLIBC_2.0
                0x000000000804db00                ioctl@@GLIBC_2.0
                0x000000000804db10                perror@@GLIBC_2.0
                0x000000000804db20                fwrite@@GLIBC_2.0
                0x000000000804db30                usleep@@GLIBC_2.0
                0x000000000804db40                fread@@GLIBC_2.0
                0x000000000804db50                strcpy@@GLIBC_2.0
                0x000000000804db60                tcsetattr@@GLIBC_2.0
                0x000000000804db70                __cxa_atexit@@GLIBC_2.1.3
                0x000000000804db80                puts@@GLIBC_2.0
                0x000000000804db90                system@@GLIBC_2.0
                0x000000000804dba0                exit@@GLIBC_2.0
                0x000000000804dbb0                open@@GLIBC_2.0
                0x000000000804dbc0                fdopen@@GLIBC_2.1
                0x000000000804dbd0                srand@@GLIBC_2.0
                0x000000000804dbe0                strlen@@GLIBC_2.0
                0x000000000804dbf0                __libc_start_main@@GLIBC_2.0
                0x000000000804dc00                fprintf@@GLIBC_2.0
                0x000000000804dc10                write@@GLIBC_2.0
                0x000000000804dc20                getopt@@GLIBC_2.0
                0x000000000804dc30                cfsetispeed@@GLIBC_2.0
                0x000000000804dc40                fcntl@@GLIBC_2.0
                0x000000000804dc50                setvbuf@@GLIBC_2.0
                0x000000000804dc60                memset@@GLIBC_2.0
                0x000000000804dc70                ungetc@@GLIBC_2.0
                0x000000000804dc80                snprintf@@GLIBC_2.0
                0x000000000804dc90                putchar@@GLIBC_2.0
                0x000000000804dca0                __errno_location@@GLIBC_2.0
                0x000000000804dcb0                strncpy@@GLIBC_2.0
                0x000000000804dcc0                gai_strerror@@GLIBC_2.1
                0x000000000804dcd0                rand@@GLIBC_2.0
                0x000000000804dce0                freeaddrinfo@@GLIBC_2.0
                0x000000000804dcf0                clearerr@@GLIBC_2.0
                0x000000000804dd00                vsnprintf@@GLIBC_2.0
                0x000000000804dd10                atoi@@GLIBC_2.0
                0x000000000804dd20                inet_ntop@@GLIBC_2.0
                0x000000000804dd30                socket@@GLIBC_2.0
                0x000000000804dd40                getaddrinfo@@GLIBC_2.0
                0x000000000804dd50                strncmp@@GLIBC_2.0
                0x000000000804dd60                tcgetattr@@GLIBC_2.0
                0x000000000804dd70                connect@@GLIBC_2.0
                0x000000000804dd80                close@@GLIBC_2.0
                0x000000000804dd90                strncat@@GLIBC_2.0
 *(.iplt)
 .iplt          0x000000000804dda0        0x0 /usr/lib/gcc/i686-linux-gnu/5/../../../i386-linux-gnu/crt1.o

.plt.got        0x000000000804dda0        0x8
 *(.plt.got)
 .plt.got       0x000000000804dda0        0x8 /usr/lib/gcc/i686-linux-gnu/5/../../../i386-linux-gnu/crt1.o

.text           0x000000000804ddb0    0x172a4
 *(.text.unlikely .text.*_unlikely .text.unlikely.*)
 .text.unlikely
                0x000000000804ddb0        0x0 /usr/lib/gcc/i686-linux-gnu/5/crtbegin.o
 .text.unlikely
                0x000000000804ddb0        0x0 /usr/lib/i386-linux-gnu/libc_nonshared.a(elf-init.oS)
 .text.unlikely
                0x000000000804ddb0        0x0 /usr/lib/i386-linux-gnu/libc_nonshared.a(atexit.oS)
 *(.text.exit .text.exit.*)
 *(.text.startup .text.startup.*)
 *(.text.hot .text.hot.*)
 *(.text .stub .text.* .gnu.linkonce.t.*)
 .text          0x000000000804ddb0       0x22 /usr/lib/gcc/i686-linux-gnu/5/../../../i386-linux-gnu/crt1.o
                0x000000000804ddb0                _start
 .text          0x000000000804ddd2        0x0 /usr/lib/gcc/i686-linux-gnu/5/../../../i386-linux-gnu/crti.o
 *fill*         0x000000000804ddd2        0xe 
 .gnu.linkonce.t.__x86.get_pc_thunk.bx
                0x000000000804dde0        0x4 /usr/lib/gcc/i686-linux-gnu/5/../../../i386-linux-gnu/crti.o
                0x000000000804dde0                __x86.get_pc_thunk.bx
 *fill*         0x000000000804dde4        0xc 
 .text          0x000000000804ddf0       0xbb /usr/lib/gcc/i686-linux-gnu/5/crtbegin.o
 .text          0x000000000804deab      0xef6 border-router.co
                0x000000000804e6cf                httpd_simple_get_script
                0x000000000804e8c6                border_router_set_mac
                0x000000000804e903                border_router_print_stat
                0x000000000804e938                border_router_set_sensors
 .text          0x000000000804eda1      0x365 obj_native/border-router-cmds.o
                0x000000000804eda1                border_router_cmd_handler
                0x000000000804f026                border_router_cmd_output
 .text          0x000000000804f106      0x5aa obj_native/tun-bridge.o
                0x000000000804f106                ssystem
                0x000000000804f195                cleanup
                0x000000000804f1c8                sigcleanup
                0x000000000804f1f1                ifconf
                0x000000000804f236                devopen
                0x000000000804f295                tun_alloc
                0x000000000804f360                tun_init
                0x000000000804f478                tun_input
 .text          0x000000000804f6b0      0x2f5 obj_native/border-router-rdc.o
                0x000000000804f6b0                packet_sent
 .text          0x000000000804f9a5      0x49d obj_native/slip-config.o
                0x000000000804f9a5                slip_config_handle_arguments
 .text          0x000000000804fe42      0xe69 obj_native/slip-dev.o
                0x000000000804fff7                is_sensible_string
                0x000000000805007b                slip_packet_input
                0x00000000080500bc                serial_input
                0x00000000080504c4                slip_empty
                0x00000000080504d6                slip_flushbuf
                0x0000000008050778                write_to_slip
                0x0000000008050a9f                slip_init
 .text          0x0000000008050cab      0x5f6 obj_native/httpd-simple.o
                0x00000000080510d9                httpd_appcall
                0x0000000008051278                httpd_init
 .text          0x00000000080512a1       0x6e contiki-native.a(cmd.o)
                0x00000000080512a1                cmd_input
                0x00000000080512f5                cmd_send
 .text          0x000000000805130f      0x160 contiki-native.a(packetutils.o)
                0x000000000805130f                packetutils_serialize_atts
                0x00000000080513c1                packetutils_deserialize_atts
 .text          0x000000000805146f      0x592 contiki-native.a(contiki-main.o)
                0x000000000805146f                select_set_callback
                0x000000000805164e                main
                0x00000000080519bd                log_message
                0x00000000080519df                uip_log
 .text          0x0000000008051a01       0x37 contiki-native.a(button-sensor.o)
                0x0000000008051a01                button_press
 .text          0x0000000008051a38       0x47 contiki-native.a(pir-sensor.o)
                0x0000000008051a38                pir_sensor_changed
 .text          0x0000000008051a7f       0x44 contiki-native.a(vib-sensor.o)
                0x0000000008051a7f                vib_sensor_changed
 .text          0x0000000008051ac3      0x29c contiki-native.a(sensors.o)
                0x0000000008051afe                sensors_first
                0x0000000008051b08                sensors_next
                0x0000000008051b22                sensors_changed
                0x0000000008051b56                sensors_find
 .text          0x0000000008051d5f      0x355 contiki-native.a(ctimer.o)
                0x0000000008051e87                ctimer_init
                0x0000000008051eba                ctimer_set
                0x0000000008051ee0                ctimer_set_with_process
                0x0000000008051f5d                ctimer_reset
                0x0000000008051fb1                ctimer_restart
                0x0000000008052005                ctimer_stop
                0x0000000008052055                ctimer_expired
 .text          0x00000000080520b4       0x92 contiki-native.a(autostart.o)
                0x00000000080520b4                autostart_start
                0x00000000080520fe                autostart_exit
 .text          0x0000000008052146      0x43f contiki-native.a(etimer.o)
                0x000000000805236a                etimer_request_poll
                0x00000000080523f3                etimer_set
                0x000000000805241c                etimer_reset_with_new_interval
                0x000000000805244b                etimer_reset
                0x0000000008052471                etimer_restart
                0x0000000008052497                etimer_adjust
                0x00000000080524b4                etimer_expired
                0x00000000080524c7                etimer_expiration_time
                0x00000000080524d9                etimer_start_time
                0x00000000080524e3                etimer_pending
                0x00000000080524f5                etimer_next_expiration_time
                0x000000000805250f                etimer_stop
 .text          0x0000000008052585      0x4fb contiki-native.a(process.o)
                0x0000000008052585                process_alloc_event
                0x000000000805259a                process_start
                0x0000000008052774                process_exit
                0x0000000008052791                process_init
                0x0000000008052926                process_run
                0x0000000008052959                process_nevents
                0x0000000008052974                process_post
                0x0000000008052a07                process_post_synch
                0x0000000008052a3c                process_poll
                0x0000000008052a6c                process_is_running
 .text          0x0000000008052a80       0xdc contiki-native.a(rtimer.o)
                0x0000000008052a80                rtimer_init
                0x0000000008052a8e                rtimer_set
                0x0000000008052afa                rtimer_run_next
 .text          0x0000000008052b5c       0x9c contiki-native.a(timer.o)
                0x0000000008052b5c                timer_set
                0x0000000008052b7a                timer_reset
                0x0000000008052b92                timer_restart
                0x0000000008052ba7                timer_expired
                0x0000000008052bd4                timer_remaining
 .text          0x0000000008052bf8      0x1eb contiki-native.a(serial-line.o)
                0x0000000008052bf8                serial_line_input_byte
                0x0000000008052dae                serial_line_init
 .text          0x0000000008052de3      0x156 contiki-native.a(ringbuf.o)
                0x0000000008052de3                ringbuf_init
                0x0000000008052e15                ringbuf_put
                0x0000000008052e93                ringbuf_get
                0x0000000008052f00                ringbuf_size
                0x0000000008052f12                ringbuf_elements
 .text          0x0000000008052f39      0x24a contiki-native.a(list.o)
                0x0000000008052f39                list_init
                0x0000000008052f48                list_head
                0x0000000008052f52                list_copy
                0x0000000008052f62                list_tail
                0x0000000008052f98                list_add
                0x0000000008052fe4                list_push
                0x0000000008053010                list_chop
                0x000000000805307a                list_pop
                0x00000000080530a2                list_remove
                0x000000000805310a                list_length
                0x0000000008053138                list_insert
                0x000000000805316c                list_item_next
 .text          0x0000000008053183      0x1b8 contiki-native.a(memb.o)
                0x0000000008053183                memb_init
                0x00000000080531d8                memb_alloc
                0x000000000805323d                memb_free
                0x00000000080532b8                memb_inmemb
                0x00000000080532f7                memb_numfree
 .text          0x000000000805333b      0xae0 contiki-native.a(uip-ds6.o)
                0x000000000805333b                uip_ds6_init
                0x00000000080534e6                uip_ds6_periodic
                0x000000000805356d                uip_ds6_list_loop
                0x0000000008053611                uip_ds6_prefix_add
                0x00000000080536bd                uip_ds6_prefix_rm
                0x00000000080536d0                uip_ds6_prefix_lookup
                0x000000000805370f                uip_ds6_is_addr_onlink
                0x0000000008053782                uip_ds6_addr_add
                0x00000000080538a2                uip_ds6_addr_rm
                0x000000000805394b                uip_ds6_addr_lookup
                0x0000000008053984                uip_ds6_get_link_local
                0x0000000008053a05                uip_ds6_get_global
                0x0000000008053a86                uip_ds6_maddr_add
                0x0000000008053ae6                uip_ds6_maddr_rm
                0x0000000008053af9                uip_ds6_maddr_lookup
                0x0000000008053b32                uip_ds6_aaddr_add
                0x0000000008053b92                uip_ds6_aaddr_rm
                0x0000000008053ba5                uip_ds6_aaddr_lookup
                0x0000000008053bde                uip_ds6_select_src
                0x0000000008053d27                uip_ds6_set_addr_iid
                0x0000000008053d52                get_match_length
                0x0000000008053de3                uip_ds6_compute_reachable_time
 .text          0x0000000008053e1b      0x985 contiki-native.a(uip-ds6-route.o)
                0x0000000008053e92                uip_ds6_notification_add
                0x0000000008053ec4                uip_ds6_notification_rm
                0x0000000008053ee1                uip_ds6_route_init
                0x0000000008053f80                uip_ds6_route_nexthop
                0x0000000008053faf                uip_ds6_route_head
                0x0000000008053fc8                uip_ds6_route_next
                0x0000000008053ff1                uip_ds6_route_is_nexthop
                0x0000000008054033                uip_ds6_route_num_routes
                0x000000000805403d                uip_ds6_route_lookup
                0x0000000008054104                uip_ds6_route_add
                0x000000000805432e                uip_ds6_route_rm
                0x00000000080544e4                uip_ds6_route_rm_by_nexthop
                0x0000000008054523                uip_ds6_defrt_add
                0x00000000080545d4                uip_ds6_defrt_rm
                0x0000000008054655                uip_ds6_defrt_lookup
                0x00000000080546af                uip_ds6_defrt_choose
                0x0000000008054725                uip_ds6_defrt_periodic
 .text          0x00000000080547a0     0x2787 contiki-native.a(uip6.o)
                0x00000000080547a0                uip_add32
                0x000000000805493a                uip_chksum
                0x0000000008054a1b                uip_icmp6chksum
                0x0000000008054a30                uip_tcpchksum
                0x0000000008054a45                uip_udpchksum
                0x0000000008054a5a                uip_init
                0x0000000008054ae5                uip_connect
                0x0000000008054c6e                remove_ext_hdr
                0x0000000008054d3f                uip_udp_new
                0x0000000008054e61                uip_unlisten
                0x0000000008054ea3                uip_listen
                0x0000000008055142                uip_process
                0x0000000008056e22                uip_htons
                0x0000000008056e44                uip_htonl
                0x0000000008056e82                uip_send
 .text          0x0000000008056f27      0x2a1 contiki-native.a(uip-ds6-nbr.o)
                0x0000000008056f27                uip_ds6_neighbors_init
                0x0000000008056f4b                uip_ds6_nbr_add
                0x0000000008056fcf                uip_ds6_nbr_rm
                0x0000000008057018                uip_ds6_nbr_get_ipaddr
                0x000000000805702d                uip_ds6_nbr_get_ll
                0x0000000008057049                uip_ds6_nbr_num
                0x0000000008057092                uip_ds6_nbr_lookup
                0x00000000080570f5                uip_ds6_nbr_ll_lookup
                0x0000000008057111                uip_ds6_nbr_ipaddr_from_lladdr
                0x000000000805713a                uip_ds6_nbr_lladdr_from_ipaddr
                0x000000000805716e                uip_ds6_link_neighbor_callback
 .text          0x00000000080571c8      0x355 contiki-native.a(uip-nd6.o)
                0x0000000008057215                uip_nd6_ns_output
                0x0000000008057517                uip_nd6_init
 .text          0x000000000805751d     0x24c0 contiki-native.a(sicslowpan.o)
                0x0000000008057a1b                rime_sniffer_add
                0x0000000008057a29                rime_sniffer_remove
                0x0000000008059977                sicslowpan_init
                0x00000000080599d3                sicslowpan_get_last_rssi
 .text          0x00000000080599dd      0x146 contiki-native.a(uip-packetqueue)
                0x0000000008059a0b                uip_packetqueue_new
                0x0000000008059a1a                uip_packetqueue_alloc
                0x0000000008059a75                uip_packetqueue_free
                0x0000000008059abc                uip_packetqueue_buf
                0x0000000008059ad9                uip_packetqueue_buflen
                0x0000000008059afa                uip_packetqueue_set_buflen
 .text          0x0000000008059b23      0x15d contiki-native.a(uip-debug.o)
                0x0000000008059b23                uip_debug_ipaddr_print
 .text          0x0000000008059c80      0x70e contiki-native.a(psock.o)
                0x0000000008059f9a                psock_send
                0x000000000805a020                psock_generator_send
                0x000000000805a12e                psock_datalen
                0x000000000805a146                psock_newdata
                0x000000000805a194                psock_readto
                0x000000000805a263                psock_readbuf_len
                0x000000000805a34a                psock_init
 .text          0x000000000805a38e      0xa7c contiki-native.a(tcpip.o)
                0x000000000805a38e                tcpip_output
                0x000000000805a3bf                tcpip_set_outputfunc
                0x000000000805a460                tcp_connect
                0x000000000805a4b8                tcp_unlisten
                0x000000000805a518                tcp_listen
                0x000000000805a576                tcp_attach
                0x000000000805a59c                udp_attach
                0x000000000805a5c2                udp_new
                0x000000000805a614                udp_broadcast_new
                0x000000000805a6a3                icmp6_new
                0x000000000805a6cf                tcpip_icmp6_call
                0x000000000805a8fe                tcpip_input
                0x000000000805a92b                tcpip_ipv6_output
                0x000000000805ac46                tcpip_poll_udp
                0x000000000805ac64                tcpip_poll_tcp
                0x000000000805ac82                tcpip_uipcall
 .text          0x000000000805ae0a      0x27b contiki-native.a(uiplib.o)
                0x000000000805ae0a                uiplib_ip6addrconv
                0x000000000805afc2                uiplib_ip4addrconv
 .text          0x000000000805b085     0x2808 contiki-native.a(rpl-dag.o)
                0x000000000805b085                rpl_print_neighbor_list
                0x000000000805b260                rpl_get_nbr
                0x000000000805b2b1                rpl_dag_init
                0x000000000805b2d0                rpl_get_parent
                0x000000000805b2f2                rpl_get_parent_rank
                0x000000000805b325                rpl_get_parent_link_metric
                0x000000000805b37f                rpl_rank_via_parent
                0x000000000805b3d9                rpl_get_parent_lladdr
                0x000000000805b3f5                rpl_get_parent_ipaddr
                0x000000000805b41c                rpl_get_parent_link_stats
                0x000000000805b443                rpl_parent_is_fresh
                0x000000000805b46a                rpl_parent_is_reachable
                0x000000000805b7bb                rpl_set_root
                0x000000000805ba37                rpl_repair_root
                0x000000000805bc73                rpl_set_prefix
                0x000000000805bd63                rpl_set_default_route
                0x000000000805bdd4                rpl_alloc_instance
                0x000000000805be64                rpl_alloc_dag
                0x000000000805bf14                rpl_set_default_instance
                0x000000000805bf22                rpl_get_default_instance
                0x000000000805bf2c                rpl_free_instance
                0x000000000805bfec                rpl_free_dag
                0x000000000805c06c                rpl_add_parent
                0x000000000805c115                rpl_find_parent
                0x000000000805c173                rpl_find_parent_any_dag
                0x000000000805c1b2                rpl_select_dag
                0x000000000805c5a9                rpl_select_parent
                0x000000000805c684                rpl_remove_parent
                0x000000000805c6af                rpl_nullify_parent
                0x000000000805c76b                rpl_move_parent
                0x000000000805c828                rpl_has_downward_route
                0x000000000805c879                rpl_get_dag
                0x000000000805c95f                rpl_get_any_dag
                0x000000000805c9be                rpl_get_instance
                0x000000000805ca1f                rpl_find_of
                0x000000000805ca5c                rpl_join_instance
                0x000000000805cd41                rpl_add_dag
                0x000000000805d126                rpl_local_repair
                0x000000000805d1eb                rpl_recalculate_ranks
                0x000000000805d276                rpl_process_parent_event
                0x000000000805d3af                rpl_process_dio
 .text          0x000000000805d88d      0x880 contiki-native.a(rpl-timers.o)
                0x000000000805daf2                rpl_reset_periodic_timer
                0x000000000805db3d                rpl_reset_dio_timer
                0x000000000805dd72                rpl_schedule_dao
                0x000000000805dd8e                rpl_schedule_dao_immediately
                0x000000000805dda7                rpl_cancel_dao
                0x000000000805de16                rpl_schedule_unicast_dio_immediately
                0x000000000805de3a                get_probing_delay
                0x000000000805deb9                get_probing_target
                0x000000000805e0d6                rpl_schedule_probing
 .text          0x000000000805e10d      0x9c1 contiki-native.a(rpl-ext-header.)
                0x000000000805e10d                rpl_verify_hbh_header
                0x000000000805e8ad                rpl_remove_header
                0x000000000805ea0f                rpl_update_header
 .text          0x000000000805eace      0x55f contiki-native.a(rpl.o)
                0x000000000805eace                rpl_get_mode
                0x000000000805ead8                rpl_set_mode
                0x000000000805eb6c                rpl_purge_routes
                0x000000000805ec6a                rpl_remove_routes
                0x000000000805ecb7                rpl_remove_routes_by_nexthop
                0x000000000805ed19                rpl_add_route
                0x000000000805ed90                rpl_link_neighbor_callback
                0x000000000805ee5b                rpl_ipv6_neighbor_callback
                0x000000000805eecb                rpl_purge_dags
                0x000000000805efb0                rpl_init
 .text          0x000000000805f02d      0x315 contiki-native.a(rpl-mrhof.o)
 .text          0x000000000805f342     0x1b24 contiki-native.a(rpl-icmp6.o)
                0x000000000805f59c                rpl_icmp6_update_nbr_table
                0x000000000805f67a                dis_output
                0x000000000805fd14                dio_output
                0x00000000080609fa                dao_output
                0x0000000008060ab8                dao_output_target
                0x0000000008060e08                dao_ack_output
                0x0000000008060e1d                rpl_icmp6_register_handlers
 .text          0x0000000008060e66      0x2e7 contiki-native.a(queuebuf.o)
                0x0000000008060e70                queuebuf_init
                0x0000000008060e99                queuebuf_numfree
                0x0000000008060eb1                queuebuf_new_from_packetbuf
                0x0000000008060f50                queuebuf_update_attr_from_packetbuf
                0x0000000008060f85                queuebuf_update_from_packetbuf
                0x0000000008060fd5                queuebuf_free
                0x000000000806101e                queuebuf_to_packetbuf
                0x000000000806108a                queuebuf_dataptr
                0x00000000080610c4                queuebuf_datalen
                0x00000000080610e7                queuebuf_addr
                0x000000000806111c                queuebuf_attr
                0x0000000008061147                queuebuf_debug_print
 .text          0x000000000806114d      0x7c7 contiki-native.a(nbr-table.o)
                0x00000000080615c6                nbr_table_register
                0x000000000806160e                nbr_table_head
                0x0000000008061669                nbr_table_next
                0x00000000080616ca                nbr_table_add_lladdr
                0x0000000008061794                nbr_table_get_from_lladdr
                0x00000000080617e0                nbr_table_remove
                0x0000000008061818                nbr_table_lock
                0x0000000008061832                nbr_table_unlock
                0x000000000806184c                nbr_table_get_lladdr
                0x0000000008061878                nbr_table_update_lladdr
 .text          0x0000000008061914      0x471 contiki-native.a(packetbuf.o)
                0x0000000008061914                packetbuf_clear
                0x000000000806193f                packetbuf_copyfrom
                0x000000000806198e                packetbuf_compact
                0x0000000008061a0b                packetbuf_copyto
                0x0000000008061a9e                packetbuf_hdralloc
                0x0000000008061b1a                packetbuf_hdrreduce
                0x0000000008061b60                packetbuf_set_datalen
                0x0000000008061b7a                packetbuf_dataptr
                0x0000000008061b97                packetbuf_hdrptr
                0x0000000008061ba1                packetbuf_datalen
                0x0000000008061bad                packetbuf_hdrlen
                0x0000000008061bc4                packetbuf_totlen
                0x0000000008061bda                packetbuf_attr_clear
                0x0000000008061c26                packetbuf_attr_copyto
                0x0000000008061c7e                packetbuf_attr_copyfrom
                0x0000000008061cd6                packetbuf_set_attr
                0x0000000008061d00                packetbuf_attr
                0x0000000008061d1a                packetbuf_set_addr
                0x0000000008061d4b                packetbuf_addr
                0x0000000008061d68                packetbuf_holds_broadcast
 .text          0x0000000008061d85       0x2c contiki-native.a(netstack.o)
                0x0000000008061d85                netstack_init
 .text          0x0000000008061db1       0x4f contiki-native.a(linkaddr.o)
                0x0000000008061db1                linkaddr_copy
                0x0000000008061dc7                linkaddr_cmp
                0x0000000008061dea                linkaddr_set_node_addr
 .text          0x0000000008061e00      0x30f contiki-native.a(link-stats.o)
                0x0000000008061e00                link_stats_from_lladdr
                0x0000000008061e1c                link_stats_is_fresh
                0x0000000008061e59                guess_etx_from_rssi
                0x0000000008061ed5                link_stats_packet_sent
                0x0000000008061fdb                link_stats_input_callback
                0x00000000080620da                link_stats_init
 .text          0x000000000806210f       0x63 contiki-native.a(nullmac.o)
 .text          0x0000000008062172       0x38 contiki-native.a(mac.o)
                0x0000000008062172                mac_call_sent_callback
 .text          0x00000000080621aa      0x30a contiki-native.a(noncoresec.o)
 .text          0x00000000080624b4       0x9a contiki-native.a(clock.o)
                0x00000000080624b4                clock_time
                0x0000000008062510                clock_seconds
                0x0000000008062548                clock_delay
 .text          0x000000000806254e       0xe6 contiki-native.a(rtimer-arch.o)
                0x000000000806256f                rtimer_arch_init
                0x000000000806258a                rtimer_arch_schedule
 .text          0x0000000008062634       0x28 contiki-native.a(watchdog.o)
                0x0000000008062634                watchdog_init
                0x000000000806263a                watchdog_start
                0x0000000008062640                watchdog_periodic
                0x0000000008062646                watchdog_stop
                0x000000000806264c                watchdog_reboot
 .text          0x000000000806265c       0xb2 contiki-native.a(stimer.o)
                0x000000000806265c                stimer_set
                0x000000000806267a                stimer_reset
                0x0000000008062692                stimer_restart
                0x00000000080626a7                stimer_expired
                0x00000000080626d2                stimer_remaining
                0x00000000080626f6                stimer_elapsed
 .text          0x000000000806270e       0xcc contiki-native.a(nullradio.o)
 .text          0x00000000080627da      0x419 contiki-native.a(ccm-star.o)
 .text          0x0000000008062bf3      0x5f2 contiki-native.a(aes-128.o)
                0x0000000008063179                aes_128_set_padded_key
 .text          0x00000000080631e5       0x2d contiki-native.a(random.o)
                0x00000000080631e5                random_init
                0x0000000008063205                random_rand
 .text          0x0000000008063212      0x953 contiki-native.a(uip-icmp6.o)
                0x0000000008063287                uip_icmp6_input
                0x00000000080632de                uip_icmp6_register_input_handler
                0x00000000080634ea                uip_icmp6_error_output
                0x0000000008063833                uip_icmp6_send
                0x0000000008063aed                uip_icmp6_echo_reply_callback_add
                0x0000000008063b1f                uip_icmp6_echo_reply_callback_rm
                0x0000000008063b3c                uip_icmp6_init
 .text          0x0000000008063b65      0x32d contiki-native.a(rpl-nbr-policy.)
                0x0000000008063d3c                find_removable_dis
                0x0000000008063d5f                find_removable_dio
                0x0000000008063de4                find_removable_dao
                0x0000000008063e34                rpl_nbr_policy_find_removable
 .text          0x0000000008063e92      0x3e0 contiki-native.a(framer-802154.o)
 .text          0x0000000008064272      0x127 contiki-native.a(anti-replay.o)
                0x0000000008064272                anti_replay_set_counter
                0x00000000080642d6                anti_replay_get_counter
                0x000000000806431f                anti_replay_init_info
                0x0000000008064340                anti_replay_was_replayed
 .text          0x0000000008064399       0xbe contiki-native.a(ccm-star-packet)
                0x00000000080643a1                ccm_star_packetbuf_set_nonce
 .text          0x0000000008064457      0xb58 contiki-native.a(frame802154.o)
                0x0000000008064488                frame802154_get_pan_id
                0x0000000008064494                frame802154_set_pan_id
                0x00000000080644ae                frame802154_has_panid
                0x000000000806458f                frame802154_check_dest_panid
                0x0000000008064610                frame802154_is_broadcast_addr
                0x000000000806465d                frame802154_extract_linkaddr
                0x0000000008064912                frame802154_hdrlen
                0x0000000008064985                frame802154_create
                0x0000000008064c12                frame802154_parse
 *fill*         0x0000000008064faf        0x1 
 .text          0x0000000008064fb0       0x62 /usr/lib/i386-linux-gnu/libc_nonshared.a(elf-init.oS)
                0x0000000008064fb0                __libc_csu_init
                0x0000000008065010                __libc_csu_fini
 *fill*         0x0000000008065012        0xe 
 .text          0x0000000008065020       0x34 /usr/lib/i386-linux-gnu/libc_nonshared.a(atexit.oS)
                0x0000000008065020                atexit
 .text          0x0000000008065054        0x0 /usr/lib/gcc/i686-linux-gnu/5/crtend.o
 .text          0x0000000008065054        0x0 /usr/lib/gcc/i686-linux-gnu/5/../../../i386-linux-gnu/crtn.o
 *(.gnu.warning)

.fini           0x0000000008065054       0x14
 *(SORT(.fini))
 .fini          0x0000000008065054        0xf /usr/lib/gcc/i686-linux-gnu/5/../../../i386-linux-gnu/crti.o
                0x0000000008065054                _fini
 .fini          0x0000000008065063        0x5 /usr/lib/gcc/i686-linux-gnu/5/../../../i386-linux-gnu/crtn.o
                [!provide]                        PROVIDE (__etext, .)
                [!provide]                        PROVIDE (_etext, .)
                [!provide]                        PROVIDE (etext, .)

.rodata         0x0000000008065080     0x11f4
 *(.rodata .rodata.* .gnu.linkonce.r.*)
 .rodata        0x0000000008065080        0x4 /usr/lib/gcc/i686-linux-gnu/5/../../../i386-linux-gnu/crt1.o
                0x0000000008065080                _fp_hw
 .rodata.cst4   0x0000000008065084        0x4 /usr/lib/gcc/i686-linux-gnu/5/../../../i386-linux-gnu/crt1.o
                0x0000000008065084                _IO_stdin_used
 .rodata        0x0000000008065088      0x1ab border-router.co
                0x0000000008065088                cmd_handlers
                0x00000000080650b4                autostart_processes
 .rodata        0x0000000008065233       0x63 obj_native/border-router-cmds.o
 *fill*         0x0000000008065296        0x2 
 .rodata        0x0000000008065298      0x11c obj_native/tun-bridge.o
                0x00000000080653ac                rpl_interface
 *fill*         0x00000000080653b4        0xc 
 .rodata        0x00000000080653c0       0x40 obj_native/border-router-rdc.o
                0x00000000080653e0                border_router_rdc_driver
 .rodata        0x0000000008065400      0x5e8 obj_native/slip-config.o
 .rodata        0x00000000080659e8      0x204 obj_native/slip-dev.o
 *fill*         0x0000000008065bec       0x14 
 .rodata        0x0000000008065c00      0x154 obj_native/httpd-simple.o
                0x0000000008065c5c                http_content_type_html
                0x0000000008065c80                http_header_200
                0x0000000008065ce0                http_header_404
                0x0000000008065d40                http_get
                0x0000000008065d48                http_index_html
 .rodata        0x0000000008065d54       0x11 contiki-native.a(cmd.o)
 *fill*         0x0000000008065d65        0x3 
 .rodata        0x0000000008065d68       0xc0 contiki-native.a(contiki-main.o)
 .rodata        0x0000000008065e28       0x18 contiki-native.a(button-sensor.o)
                0x0000000008065e30                button_sensor
 .rodata        0x0000000008065e40       0x14 contiki-native.a(pir-sensor.o)
                0x0000000008065e44                pir_sensor
 .rodata        0x0000000008065e54       0x1c contiki-native.a(vib-sensor.o)
                0x0000000008065e60                vib_sensor
 .rodata        0x0000000008065e70        0x8 contiki-native.a(sensors.o)
 .rodata        0x0000000008065e78        0xf contiki-native.a(ctimer.o)
 .rodata        0x0000000008065e87        0xc contiki-native.a(etimer.o)
 .rodata        0x0000000008065e93        0xe contiki-native.a(serial-line.o)
 *fill*         0x0000000008065ea1        0x3 
 .rodata        0x0000000008065ea4      0x13c contiki-native.a(uip6.o)
 .rodata        0x0000000008065fe0       0x2c contiki-native.a(sicslowpan.o)
                0x0000000008065fe0                unc_llconf
                0x0000000008065fe4                unc_ctxconf
                0x0000000008065fe8                unc_mxconf
                0x0000000008065fec                llprefix
                0x0000000008066000                sicslowpan_driver
 .rodata        0x000000000806600c       0x28 contiki-native.a(uip-debug.o)
 .rodata        0x0000000008066034        0xd contiki-native.a(tcpip.o)
 *fill*         0x0000000008066041        0x3 
 .rodata        0x0000000008066044       0x88 contiki-native.a(rpl-dag.o)
 .rodata        0x00000000080660cc        0x8 contiki-native.a(linkaddr.o)
                0x00000000080660cc                linkaddr_null
 .rodata        0x00000000080660d4       0x24 contiki-native.a(nullmac.o)
                0x00000000080660dc                nullmac_driver
 .rodata        0x00000000080660f8       0x28 contiki-native.a(noncoresec.o)
                0x0000000008066104                noncoresec_driver
                0x0000000008066114                noncoresec_framer
 .rodata        0x0000000008066120       0x38 contiki-native.a(nullradio.o)
                0x0000000008066120                nullradio_driver
 .rodata        0x0000000008066158        0x8 contiki-native.a(ccm-star.o)
                0x0000000008066158                ccm_star_driver
 .rodata        0x0000000008066160      0x108 contiki-native.a(aes-128.o)
                0x0000000008066260                aes_128_driver
 .rodata        0x0000000008066268        0xc contiki-native.a(framer-802154.o)
                0x0000000008066268                framer_802154

.rodata1
 *(.rodata1)

.eh_frame_hdr   0x0000000008066274     0x1234
 *(.eh_frame_hdr)
 .eh_frame_hdr  0x0000000008066274     0x1234 border-router.co
                0x0000000008066274                __GNU_EH_FRAME_HDR
 *(.eh_frame_entry .eh_frame_entry.*)

.eh_frame       0x00000000080674a8     0x4a30
 *(.eh_frame)
 .eh_frame      0x00000000080674a8       0x3c /usr/lib/gcc/i686-linux-gnu/5/../../../i386-linux-gnu/crt1.o
                                         0x40 (size before relaxing)
 .eh_frame      0x00000000080674e4      0x1a4 border-router.co
                                        0x1bc (size before relaxing)
 .eh_frame      0x0000000008067688       0x60 obj_native/border-router-cmds.o
                                         0x78 (size before relaxing)
 .eh_frame      0x00000000080676e8      0x1a8 obj_native/tun-bridge.o
                                        0x1c0 (size before relaxing)
 .eh_frame      0x0000000008067890      0x128 obj_native/border-router-rdc.o
                                        0x140 (size before relaxing)
 .eh_frame      0x00000000080679b8       0x20 obj_native/slip-config.o
                                         0x38 (size before relaxing)
 .eh_frame      0x00000000080679d8      0x1cc obj_native/slip-dev.o
                                        0x1e4 (size before relaxing)
 .eh_frame      0x0000000008067ba4       0xe0 obj_native/httpd-simple.o
                                         0xf8 (size before relaxing)
 .eh_frame      0x0000000008067c84       0x40 contiki-native.a(cmd.o)
                                         0x58 (size before relaxing)
 .eh_frame      0x0000000008067cc4       0x40 contiki-native.a(packetutils.o)
                                         0x58 (size before relaxing)
 .eh_frame      0x0000000008067d04       0xec contiki-native.a(contiki-main.o)
                                        0x104 (size before relaxing)
 .eh_frame      0x0000000008067df0       0x80 contiki-native.a(button-sensor.o)
                                         0x98 (size before relaxing)
 .eh_frame      0x0000000008067e70       0x80 contiki-native.a(pir-sensor.o)
                                         0x98 (size before relaxing)
 .eh_frame      0x0000000008067ef0       0x80 contiki-native.a(vib-sensor.o)
                                         0x98 (size before relaxing)
 .eh_frame      0x0000000008067f70       0xc0 contiki-native.a(sensors.o)
                                         0xd8 (size before relaxing)
 .eh_frame      0x0000000008068030      0x100 contiki-native.a(ctimer.o)
                                        0x118 (size before relaxing)
 .eh_frame      0x0000000008068130       0x40 contiki-native.a(autostart.o)
                                         0x58 (size before relaxing)
 .eh_frame      0x0000000008068170      0x1e0 contiki-native.a(etimer.o)
                                        0x1f8 (size before relaxing)
 .eh_frame      0x0000000008068350      0x1c4 contiki-native.a(process.o)
                                        0x1dc (size before relaxing)
 .eh_frame      0x0000000008068514       0x60 contiki-native.a(rtimer.o)
                                         0x78 (size before relaxing)
 .eh_frame      0x0000000008068574       0xa4 contiki-native.a(timer.o)
                                         0xbc (size before relaxing)
 .eh_frame      0x0000000008068618       0x60 contiki-native.a(serial-line.o)
                                         0x78 (size before relaxing)
 .eh_frame      0x0000000008068678       0xa0 contiki-native.a(ringbuf.o)
                                         0xb8 (size before relaxing)
 .eh_frame      0x0000000008068718      0x180 contiki-native.a(list.o)
                                        0x198 (size before relaxing)
 .eh_frame      0x0000000008068898       0xa0 contiki-native.a(memb.o)
                                         0xb8 (size before relaxing)
 .eh_frame      0x0000000008068938      0x2c8 contiki-native.a(uip-ds6.o)
                                        0x2e0 (size before relaxing)
 .eh_frame      0x0000000008068c00      0x2a0 contiki-native.a(uip-ds6-route.o)
                                        0x2b8 (size before relaxing)
 .eh_frame      0x0000000008068ea0      0x274 contiki-native.a(uip6.o)
                                        0x28c (size before relaxing)
 .eh_frame      0x0000000008069114      0x160 contiki-native.a(uip-ds6-nbr.o)
                                        0x178 (size before relaxing)
 .eh_frame      0x0000000008069274       0x64 contiki-native.a(uip-nd6.o)
                                         0x7c (size before relaxing)
 .eh_frame      0x00000000080692d8      0x2b4 contiki-native.a(sicslowpan.o)
                                        0x2cc (size before relaxing)
 .eh_frame      0x000000000806958c       0xe0 contiki-native.a(uip-packetqueue)
                                         0xf8 (size before relaxing)
 .eh_frame      0x000000000806966c       0x24 contiki-native.a(uip-debug.o)
                                         0x3c (size before relaxing)
 .eh_frame      0x0000000008069690      0x18c contiki-native.a(psock.o)
                                        0x1a4 (size before relaxing)
 .eh_frame      0x000000000806981c      0x2a8 contiki-native.a(tcpip.o)
                                        0x2c0 (size before relaxing)
 .eh_frame      0x0000000008069ac4       0x44 contiki-native.a(uiplib.o)
                                         0x5c (size before relaxing)
 .eh_frame      0x0000000008069b08      0x71c contiki-native.a(rpl-dag.o)
                                        0x734 (size before relaxing)
 .eh_frame      0x000000000806a224      0x22c contiki-native.a(rpl-timers.o)
                                        0x244 (size before relaxing)
 .eh_frame      0x000000000806a450       0xa0 contiki-native.a(rpl-ext-header.)
                                         0xb8 (size before relaxing)
 .eh_frame      0x000000000806a4f0      0x140 contiki-native.a(rpl.o)
                                        0x158 (size before relaxing)
 .eh_frame      0x000000000806a630      0x124 contiki-native.a(rpl-mrhof.o)
                                        0x13c (size before relaxing)
 .eh_frame      0x000000000806a754      0x28c contiki-native.a(rpl-icmp6.o)
                                        0x2a4 (size before relaxing)
 .eh_frame      0x000000000806a9e0      0x1a0 contiki-native.a(queuebuf.o)
                                        0x1b8 (size before relaxing)
 .eh_frame      0x000000000806ab80      0x2ac contiki-native.a(nbr-table.o)
                                        0x2c4 (size before relaxing)
 .eh_frame      0x000000000806ae2c      0x294 contiki-native.a(packetbuf.o)
                                        0x2ac (size before relaxing)
 .eh_frame      0x000000000806b0c0       0x20 contiki-native.a(netstack.o)
                                         0x38 (size before relaxing)
 .eh_frame      0x000000000806b0e0       0x60 contiki-native.a(linkaddr.o)
                                         0x78 (size before relaxing)
 .eh_frame      0x000000000806b140       0xe0 contiki-native.a(link-stats.o)
                                         0xf8 (size before relaxing)
 .eh_frame      0x000000000806b220       0xc0 contiki-native.a(nullmac.o)
                                         0xd8 (size before relaxing)
 .eh_frame      0x000000000806b2e0       0x20 contiki-native.a(mac.o)
                                         0x38 (size before relaxing)
 .eh_frame      0x000000000806b300      0x100 contiki-native.a(noncoresec.o)
                                        0x118 (size before relaxing)
 .eh_frame      0x000000000806b400       0x64 contiki-native.a(clock.o)
                                         0x7c (size before relaxing)
 .eh_frame      0x000000000806b464       0x60 contiki-native.a(rtimer-arch.o)
                                         0x78 (size before relaxing)
 .eh_frame      0x000000000806b4c4       0x9c contiki-native.a(watchdog.o)
                                         0xb4 (size before relaxing)
 .eh_frame      0x000000000806b560       0xc4 contiki-native.a(stimer.o)
                                         0xdc (size before relaxing)
 .eh_frame      0x000000000806b624      0x1c0 contiki-native.a(nullradio.o)
                                        0x1d8 (size before relaxing)
 .eh_frame      0x000000000806b7e4       0xc8 contiki-native.a(ccm-star.o)
                                         0xe0 (size before relaxing)
 .eh_frame      0x000000000806b8ac       0x88 contiki-native.a(aes-128.o)
                                         0xa0 (size before relaxing)
 .eh_frame      0x000000000806b934       0x40 contiki-native.a(random.o)
                                         0x58 (size before relaxing)
 .eh_frame      0x000000000806b974      0x160 contiki-native.a(uip-icmp6.o)
                                        0x178 (size before relaxing)
 .eh_frame      0x000000000806bad4       0xc0 contiki-native.a(rpl-nbr-policy.)
                                         0xd8 (size before relaxing)
 .eh_frame      0x000000000806bb94       0x84 contiki-native.a(framer-802154.o)
                                         0x9c (size before relaxing)
 .eh_frame      0x000000000806bc18       0x80 contiki-native.a(anti-replay.o)
                                         0x98 (size before relaxing)
 .eh_frame      0x000000000806bc98       0x44 contiki-native.a(ccm-star-packet)
                                         0x5c (size before relaxing)
 .eh_frame      0x000000000806bcdc      0x164 contiki-native.a(frame802154.o)
                                        0x17c (size before relaxing)
 .eh_frame      0x000000000806be40       0x60 /usr/lib/i386-linux-gnu/libc_nonshared.a(elf-init.oS)
                                         0x8c (size before relaxing)
 .eh_frame      0x000000000806bea0       0x34 /usr/lib/i386-linux-gnu/libc_nonshared.a(atexit.oS)
                                         0x60 (size before relaxing)
 .eh_frame      0x000000000806bed4        0x4 /usr/lib/gcc/i686-linux-gnu/5/crtend.o
 *(.eh_frame.*)

.gcc_except_table
 *(.gcc_except_table .gcc_except_table.*)

.gnu_extab
 *(.gnu_extab*)

.exception_ranges
 *(.exception_ranges .exception_ranges*)
                0x000000000806cf08                . = DATA_SEGMENT_ALIGN (0x1000, 0x1000)

.eh_frame
 *(.eh_frame)
 *(.eh_frame.*)

.gnu_extab
 *(.gnu_extab)

.gcc_except_table
 *(.gcc_except_table .gcc_except_table.*)

.exception_ranges
 *(.exception_ranges .exception_ranges*)

.tdata
 *(.tdata .tdata.* .gnu.linkonce.td.*)

.tbss
 *(.tbss .tbss.* .gnu.linkonce.tb.*)
 *(.tcommon)

.preinit_array  0x000000000806cf08        0x0
                [!provide]                        PROVIDE (__preinit_array_start, .)
 *(.preinit_array)
                [!provide]                        PROVIDE (__preinit_array_end, .)

.init_array     0x000000000806cf08        0x4
                0x000000000806cf08                PROVIDE (__init_array_start, .)
 *(SORT(.init_array.*) SORT(.ctors.*))
 *(.init_array EXCLUDE_FILE(*crtend?.o *crtend.o *crtbegin?.o *crtbegin.o) .ctors)
 .init_array    0x000000000806cf08        0x4 /usr/lib/gcc/i686-linux-gnu/5/crtbegin.o
                0x000000000806cf0c                PROVIDE (__init_array_end, .)

.fini_array     0x000000000806cf0c        0x4
                [!provide]                        PROVIDE (__fini_array_start, .)
 *(SORT(.fini_array.*) SORT(.dtors.*))
 *(.fini_array EXCLUDE_FILE(*crtend?.o *crtend.o *crtbegin?.o *crtbegin.o) .dtors)
 .fini_array    0x000000000806cf0c        0x4 /usr/lib/gcc/i686-linux-gnu/5/crtbegin.o
                [!provide]                        PROVIDE (__fini_array_end, .)

.ctors
 *crtbegin.o(.ctors)
 *crtbegin?.o(.ctors)
 *(EXCLUDE_FILE(*crtend?.o *crtend.o) .ctors)
 *(SORT(.ctors.*))
 *(.ctors)

.dtors
 *crtbegin.o(.dtors)
 *crtbegin?.o(.dtors)
 *(EXCLUDE_FILE(*crtend?.o *crtend.o) .dtors)
 *(SORT(.dtors.*))
 *(.dtors)

.jcr            0x000000000806cf10        0x4
 *(.jcr)
 .jcr           0x000000000806cf10        0x0 /usr/lib/gcc/i686-linux-gnu/5/crtbegin.o
 .jcr           0x000000000806cf10        0x4 /usr/lib/gcc/i686-linux-gnu/5/crtend.o

.data.rel.ro
 *(.data.rel.ro.local* .gnu.linkonce.d.rel.ro.local.*)
 *(.data.rel.ro .data.rel.ro.* .gnu.linkonce.d.rel.ro.*)

.dynamic        0x000000000806cf14       0xe8
 *(.dynamic)
 .dynamic       0x000000000806cf14       0xe8 /usr/lib/gcc/i686-linux-gnu/5/../../../i386-linux-gnu/crt1.o
                0x000000000806cf14                _DYNAMIC

.got            0x000000000806cffc        0x4
 *(.got)
 .got           0x000000000806cffc        0x4 /usr/lib/gcc/i686-linux-gnu/5/../../../i386-linux-gnu/crt1.o
 *(.igot)
                0x000000000806dff4                . = DATA_SEGMENT_RELRO_END (., (SIZEOF (.got.plt) >= 0xc)?0xc:0x0)

.got.plt        0x000000000806d000       0xf4
 *(.got.plt)
 .got.plt       0x000000000806d000       0xf4 /usr/lib/gcc/i686-linux-gnu/5/../../../i386-linux-gnu/crt1.o
                0x000000000806d000                _GLOBAL_OFFSET_TABLE_
 *(.igot.plt)
 .igot.plt      0x000000000806d0f4        0x0 /usr/lib/gcc/i686-linux-gnu/5/../../../i386-linux-gnu/crt1.o

.data           0x000000000806d100      0x23e
 *(.data .data.* .gnu.linkonce.d.*)
 .data          0x000000000806d100        0x4 /usr/lib/gcc/i686-linux-gnu/5/../../../i386-linux-gnu/crt1.o
                0x000000000806d100                data_start
                0x000000000806d100                __data_start
 .data          0x000000000806d104        0x0 /usr/lib/gcc/i686-linux-gnu/5/../../../i386-linux-gnu/crti.o
 .data          0x000000000806d104        0x4 /usr/lib/gcc/i686-linux-gnu/5/crtbegin.o
                0x000000000806d104                __dso_handle
 .data          0x000000000806d108       0x28 border-router.co
                0x000000000806d108                border_router_process
                0x000000000806d118                webserver_nogui_process
 .data          0x000000000806d130       0x10 obj_native/border-router-cmds.o
                0x000000000806d130                border_router_cmd_process
 .data          0x000000000806d140        0x0 obj_native/tun-bridge.o
 .data          0x000000000806d140        0x0 obj_native/border-router-rdc.o
 .data          0x000000000806d140        0x4 obj_native/slip-config.o
                0x000000000806d140                slip_config_b_rate
 .data          0x000000000806d144       0x10 obj_native/slip-dev.o
 .data          0x000000000806d154       0x10 obj_native/httpd-simple.o
 .data          0x000000000806d164        0x0 contiki-native.a(cmd.o)
 .data          0x000000000806d164        0x0 contiki-native.a(packetutils.o)
 .data          0x000000000806d164       0x18 contiki-native.a(contiki-main.o)
                0x000000000806d164                sensors
 .data          0x000000000806d17c        0x0 contiki-native.a(button-sensor.o)
 .data          0x000000000806d17c        0x0 contiki-native.a(pir-sensor.o)
 .data          0x000000000806d17c        0x0 contiki-native.a(vib-sensor.o)
 .data          0x000000000806d17c       0x10 contiki-native.a(sensors.o)
                0x000000000806d17c                sensors_process
 .data          0x000000000806d18c       0x14 contiki-native.a(ctimer.o)
                0x000000000806d190                ctimer_process
 .data          0x000000000806d1a0        0x0 contiki-native.a(autostart.o)
 .data          0x000000000806d1a0       0x10 contiki-native.a(etimer.o)
                0x000000000806d1a0                etimer_process
 .data          0x000000000806d1b0        0x0 contiki-native.a(process.o)
 .data          0x000000000806d1b0        0x0 contiki-native.a(rtimer.o)
 .data          0x000000000806d1b0        0x0 contiki-native.a(timer.o)
 .data          0x000000000806d1b0       0x10 contiki-native.a(serial-line.o)
                0x000000000806d1b0                serial_line_process
 .data          0x000000000806d1c0        0x0 contiki-native.a(ringbuf.o)
 .data          0x000000000806d1c0        0x0 contiki-native.a(list.o)
 .data          0x000000000806d1c0        0x0 contiki-native.a(memb.o)
 .data          0x000000000806d1c0        0x0 contiki-native.a(uip-ds6.o)
 .data          0x000000000806d1c0       0x44 contiki-native.a(uip-ds6-route.o)
                0x000000000806d1d0                nbr_routes
 .data          0x000000000806d204        0x0 contiki-native.a(uip6.o)
 .data          0x000000000806d204       0x14 contiki-native.a(uip-ds6-nbr.o)
                0x000000000806d214                ds6_neighbors
 .data          0x000000000806d218        0x0 contiki-native.a(uip-nd6.o)
 .data          0x000000000806d218        0x0 contiki-native.a(sicslowpan.o)
 .data          0x000000000806d218        0xc contiki-native.a(uip-packetqueue)
 .data          0x000000000806d224        0x0 contiki-native.a(uip-debug.o)
 .data          0x000000000806d224        0x0 contiki-native.a(psock.o)
 .data          0x000000000806d224       0x10 contiki-native.a(tcpip.o)
                0x000000000806d224                tcpip_process
 .data          0x000000000806d234        0x0 contiki-native.a(uiplib.o)
 .data          0x000000000806d234       0x14 contiki-native.a(rpl-dag.o)
                0x000000000806d244                rpl_parents
 .data          0x000000000806d248        0x0 contiki-native.a(rpl-timers.o)
 .data          0x000000000806d248        0x0 contiki-native.a(rpl-ext-header.)
 .data          0x000000000806d248        0x0 contiki-native.a(rpl.o)
 *fill*         0x000000000806d248       0x18 
 .data          0x000000000806d260       0x24 contiki-native.a(rpl-mrhof.o)
                0x000000000806d260                rpl_mrhof
 .data          0x000000000806d284       0x34 contiki-native.a(rpl-icmp6.o)
 .data          0x000000000806d2b8       0x18 contiki-native.a(queuebuf.o)
 .data          0x000000000806d2d0       0x10 contiki-native.a(nbr-table.o)
 .data          0x000000000806d2e0        0x4 contiki-native.a(packetbuf.o)
 .data          0x000000000806d2e4        0x0 contiki-native.a(netstack.o)
 .data          0x000000000806d2e4        0x0 contiki-native.a(linkaddr.o)
 .data          0x000000000806d2e4       0x14 contiki-native.a(link-stats.o)
 .data          0x000000000806d2f8        0x0 contiki-native.a(nullmac.o)
 .data          0x000000000806d2f8        0x0 contiki-native.a(mac.o)
 .data          0x000000000806d2f8       0x24 contiki-native.a(noncoresec.o)
 .data          0x000000000806d31c        0x0 contiki-native.a(clock.o)
 .data          0x000000000806d31c        0x0 contiki-native.a(rtimer-arch.o)
 .data          0x000000000806d31c        0x0 contiki-native.a(watchdog.o)
 .data          0x000000000806d31c        0x0 contiki-native.a(stimer.o)
 .data          0x000000000806d31c        0x0 contiki-native.a(nullradio.o)
 .data          0x000000000806d31c        0x0 contiki-native.a(ccm-star.o)
 .data          0x000000000806d31c        0x0 contiki-native.a(aes-128.o)
 .data          0x000000000806d31c        0x0 contiki-native.a(random.o)
 .data          0x000000000806d31c       0x20 contiki-native.a(uip-icmp6.o)
 .data          0x000000000806d33c        0x0 contiki-native.a(rpl-nbr-policy.)
 .data          0x000000000806d33c        0x0 contiki-native.a(framer-802154.o)
 .data          0x000000000806d33c        0x0 contiki-native.a(anti-replay.o)
 .data          0x000000000806d33c        0x0 contiki-native.a(ccm-star-packet)
 .data          0x000000000806d33c        0x2 contiki-native.a(frame802154.o)
 .data          0x000000000806d33e        0x0 /usr/lib/i386-linux-gnu/libc_nonshared.a(elf-init.oS)
 .data          0x000000000806d33e        0x0 /usr/lib/i386-linux-gnu/libc_nonshared.a(atexit.oS)
 .data          0x000000000806d33e        0x0 /usr/lib/gcc/i686-linux-gnu/5/crtend.o
 .data          0x000000000806d33e        0x0 /usr/lib/gcc/i686-linux-gnu/5/../../../i386-linux-gnu/crtn.o

.tm_clone_table
                0x000000000806d340        0x0
 .tm_clone_table
                0x000000000806d340        0x0 /usr/lib/gcc/i686-linux-gnu/5/crtbegin.o
 .tm_clone_table
                0x000000000806d340        0x0 /usr/lib/gcc/i686-linux-gnu/5/crtend.o

.data1
 *(.data1)
                0x000000000806d340                _edata = .
                [!provide]                        PROVIDE (edata, .)
                0x000000000806d340                . = .
                0x000000000806d340                __bss_start = .

.bss            0x000000000806d340     0x5580
 *(.dynbss)
 .dynbss        0x000000000806d340       0x24 /usr/lib/gcc/i686-linux-gnu/5/../../../i386-linux-gnu/crt1.o
                0x000000000806d340                stderr@@GLIBC_2.0
                0x000000000806d344                optind@@GLIBC_2.0
                0x000000000806d348                stdout@@GLIBC_2.0
                0x000000000806d360                optarg@@GLIBC_2.0
 *(.bss .bss.* .gnu.linkonce.b.*)
 .bss           0x000000000806d364        0x0 /usr/lib/gcc/i686-linux-gnu/5/../../../i386-linux-gnu/crt1.o
 .bss           0x000000000806d364        0x0 /usr/lib/gcc/i686-linux-gnu/5/../../../i386-linux-gnu/crti.o
 .bss           0x000000000806d364        0x1 /usr/lib/gcc/i686-linux-gnu/5/crtbegin.o
 *fill*         0x000000000806d365       0x1b 
 .bss           0x000000000806d380      0x158 border-router.co
 .bss           0x000000000806d4d8        0x0 obj_native/border-router-cmds.o
 .bss           0x000000000806d4d8       0x10 obj_native/tun-bridge.o
 *fill*         0x000000000806d4e8       0x18 
 .bss           0x000000000806d500      0x3e0 obj_native/border-router-rdc.o
 .bss           0x000000000806d8e0       0x42 obj_native/slip-config.o
                0x000000000806d8e0                slip_config_verbose
                0x000000000806d8e4                slip_config_flowcontrol
                0x000000000806d8e8                slip_config_timestamp
                0x000000000806d8ec                slip_config_siodev
                0x000000000806d8f0                slip_config_host
                0x000000000806d8f4                slip_config_port
                0x000000000806d900                slip_config_tundev
                0x000000000806d920                slip_config_basedelay
 *fill*         0x000000000806d922       0x1e 
 .bss           0x000000000806d940      0x820 obj_native/slip-dev.o
                0x000000000806d940                slip_sent
                0x000000000806d944                slip_received
                0x000000000806d948                slipfd
 .bss           0x000000000806e160      0x110 obj_native/httpd-simple.o
 .bss           0x000000000806e270        0x0 contiki-native.a(cmd.o)
 .bss           0x000000000806e270        0x0 contiki-native.a(packetutils.o)
 *fill*         0x000000000806e270       0x10 
 .bss           0x000000000806e280       0x44 contiki-native.a(contiki-main.o)
                0x000000000806e280                contiki_argc
 .bss           0x000000000806e2c4        0x0 contiki-native.a(button-sensor.o)
 .bss           0x000000000806e2c4        0x4 contiki-native.a(pir-sensor.o)
 .bss           0x000000000806e2c8        0x4 contiki-native.a(vib-sensor.o)
 .bss           0x000000000806e2cc        0xc contiki-native.a(sensors.o)
 .bss           0x000000000806e2d8        0x5 contiki-native.a(ctimer.o)
 .bss           0x000000000806e2dd        0x0 contiki-native.a(autostart.o)
 *fill*         0x000000000806e2dd        0x3 
 .bss           0x000000000806e2e0        0x8 contiki-native.a(etimer.o)
 *fill*         0x000000000806e2e8       0x18 
 .bss           0x000000000806e300      0x1a1 contiki-native.a(process.o)
                0x000000000806e300                process_list
                0x000000000806e304                process_current
 *fill*         0x000000000806e4a1        0x3 
 .bss           0x000000000806e4a4        0x4 contiki-native.a(rtimer.o)
 .bss           0x000000000806e4a8        0x0 contiki-native.a(timer.o)
 *fill*         0x000000000806e4a8       0x18 
 .bss           0x000000000806e4c0      0x140 contiki-native.a(serial-line.o)
 .bss           0x000000000806e600        0x0 contiki-native.a(ringbuf.o)
 .bss           0x000000000806e600        0x0 contiki-native.a(list.o)
 .bss           0x000000000806e600        0x0 contiki-native.a(memb.o)
 .bss           0x000000000806e600       0x20 contiki-native.a(uip-ds6.o)
 .bss           0x000000000806e620      0x744 contiki-native.a(uip-ds6-route.o)
 .bss           0x000000000806ed64        0xc contiki-native.a(uip6.o)
                0x000000000806ed64                uip_ext_bitmap
                0x000000000806ed65                uip_ext_len
                0x000000000806ed66                uip_ext_opt_offset
 *fill*         0x000000000806ed70       0x10 
 .bss           0x000000000806ed80      0x2d0 contiki-native.a(uip-ds6-nbr.o)
 .bss           0x000000000806f050        0x0 contiki-native.a(uip-nd6.o)
 *fill*         0x000000000806f050       0x10 
 .bss           0x000000000806f060      0x70c contiki-native.a(sicslowpan.o)
 *fill*         0x000000000806f76c       0x14 
 .bss           0x000000000806f780      0xa78 contiki-native.a(uip-packetqueue)
 .bss           0x00000000080701f8        0x0 contiki-native.a(uip-debug.o)
 .bss           0x00000000080701f8        0x0 contiki-native.a(psock.o)
 *fill*         0x00000000080701f8        0x8 
 .bss           0x0000000008070200      0x168 contiki-native.a(tcpip.o)
 .bss           0x0000000008070368        0x0 contiki-native.a(uiplib.o)
 *fill*         0x0000000008070368       0x18 
 .bss           0x0000000008070380       0xf0 contiki-native.a(rpl-dag.o)
 *fill*         0x0000000008070470       0x10 
 .bss           0x0000000008070480       0x23 contiki-native.a(rpl-timers.o)
 .bss           0x00000000080704a3        0x0 contiki-native.a(rpl-ext-header.)
 *fill*         0x00000000080704a3        0x1 
 .bss           0x00000000080704a4        0x4 contiki-native.a(rpl.o)
 .bss           0x00000000080704a8        0x0 contiki-native.a(rpl-mrhof.o)
 .bss           0x00000000080704a8        0x0 contiki-native.a(rpl-icmp6.o)
 *fill*         0x00000000080704a8       0x18 
 .bss           0x00000000080704c0      0x2f8 contiki-native.a(queuebuf.o)
 *fill*         0x00000000080707b8        0x8 
 .bss           0x00000000080707c0      0x20c contiki-native.a(nbr-table.o)
 *fill*         0x00000000080709cc       0x14 
 .bss           0x00000000080709e0       0xa0 contiki-native.a(packetbuf.o)
 .bss           0x0000000008070a80        0x0 contiki-native.a(netstack.o)
 .bss           0x0000000008070a80        0x0 contiki-native.a(linkaddr.o)
 .bss           0x0000000008070a80      0x168 contiki-native.a(link-stats.o)
 .bss           0x0000000008070be8        0x0 contiki-native.a(nullmac.o)
 .bss           0x0000000008070be8        0x0 contiki-native.a(mac.o)
 *fill*         0x0000000008070be8       0x18 
 .bss           0x0000000008070c00       0xf0 contiki-native.a(noncoresec.o)
 .bss           0x0000000008070cf0        0x0 contiki-native.a(clock.o)
 .bss           0x0000000008070cf0        0x0 contiki-native.a(rtimer-arch.o)
 .bss           0x0000000008070cf0        0x0 contiki-native.a(watchdog.o)
 .bss           0x0000000008070cf0        0x0 contiki-native.a(stimer.o)
 .bss           0x0000000008070cf0        0x0 contiki-native.a(nullradio.o)
 .bss           0x0000000008070cf0        0x0 contiki-native.a(ccm-star.o)
 *fill*         0x0000000008070cf0       0x10 
 .bss           0x0000000008070d00       0xb0 contiki-native.a(aes-128.o)
 .bss           0x0000000008070db0        0x0 contiki-native.a(random.o)
 .bss           0x0000000008070db0       0x18 contiki-native.a(uip-icmp6.o)
 *fill*         0x0000000008070dc8       0x18 
 .bss           0x0000000008070de0       0x44 contiki-native.a(rpl-nbr-policy.)
 .bss           0x0000000008070e24        0x2 contiki-native.a(framer-802154.o)
 *fill*         0x0000000008070e26        0x2 
 .bss           0x0000000008070e28        0x4 contiki-native.a(anti-replay.o)
 .bss           0x0000000008070e2c        0x0 contiki-native.a(ccm-star-packet)
 .bss           0x0000000008070e2c        0x0 contiki-native.a(frame802154.o)
 .bss           0x0000000008070e2c        0x0 /usr/lib/i386-linux-gnu/libc_nonshared.a(elf-init.oS)
 .bss           0x0000000008070e2c        0x0 /usr/lib/i386-linux-gnu/libc_nonshared.a(atexit.oS)
 .bss           0x0000000008070e2c        0x0 /usr/lib/gcc/i686-linux-gnu/5/crtend.o
 .bss           0x0000000008070e2c        0x0 /usr/lib/gcc/i686-linux-gnu/5/../../../i386-linux-gnu/crtn.o
 *(COMMON)
 COMMON         0x0000000008070e2c        0x1 obj_native/border-router-cmds.o
                0x0000000008070e2c                command_context
 *fill*         0x0000000008070e2d        0x3 
 COMMON         0x0000000008070e30        0x4 obj_native/slip-config.o
                0x0000000008070e30                slip_config_ipaddr
 *fill*         0x0000000008070e34        0xc 
 COMMON         0x0000000008070e40      0x824 obj_native/slip-dev.o
                0x0000000008070e40                slip_packet_end
                0x0000000008070e44                slip_begin
                0x0000000008070e48                slip_end
                0x0000000008070e60                slip_buf
                0x0000000008071660                slip_packet_count
 COMMON         0x0000000008071664        0x8 contiki-native.a(contiki-main.o)
                0x0000000008071664                contiki_argv
                0x0000000008071668                sensors_flags
 COMMON         0x000000000807166c        0x1 contiki-native.a(sensors.o)
                0x000000000807166c                sensors_event
 COMMON         0x000000000807166d        0x1 contiki-native.a(serial-line.o)
                0x000000000807166d                serial_line_event_message
 *fill*         0x000000000807166e       0x12 
 COMMON         0x0000000008071680      0x181 contiki-native.a(uip-ds6.o)
                0x0000000008071680                uip_ds6_prefix_list
                0x00000000080716e0                uip_ds6_timer_periodic
                0x00000000080716f0                uip_ds6_netif_addr_list_offset
                0x0000000008071700                uip_ds6_if
                0x00000000080717f8                uip_ds6_timer_ra
                0x0000000008071800                uip_ds6_addr_size
 *fill*         0x0000000008071801       0x1f 
 COMMON         0x0000000008071820      0xeac contiki-native.a(uip6.o)
                0x0000000008071820                uip_slen
                0x0000000008071824                uip_acc32
                0x0000000008071840                uip_conns
                0x0000000008071fc0                uip_icmp6_conns
                0x0000000008071fc8                uip_lladdr
                0x0000000008071fd0                uip_appdata
                0x0000000008071fd4                uip_flags
                0x0000000008071fe0                uip_aligned_buf
                0x00000000080724e0                uip_listenports
                0x0000000008072530                uip_len
                0x0000000008072534                uip_sappdata
                0x0000000008072540                uip_udp_conns
                0x00000000080726c0                uip_udp_conn
                0x00000000080726c4                uip_next_hdr
                0x00000000080726c8                uip_conn
 COMMON         0x00000000080726cc        0x2 contiki-native.a(tcpip.o)
                0x00000000080726cc                tcpip_icmp6_event
                0x00000000080726cd                tcpip_event
 *fill*         0x00000000080726ce       0x12 
 COMMON         0x00000000080726e0      0x174 contiki-native.a(rpl-dag.o)
                0x00000000080726e0                default_instance
                0x0000000008072700                instance_table
 *fill*         0x0000000008072854        0xc 
 COMMON         0x0000000008072860       0x34 contiki-native.a(packetbuf.o)
                0x0000000008072860                packetbuf_attrs
                0x0000000008072884                packetbuf_addrs
 COMMON         0x0000000008072894        0x8 contiki-native.a(linkaddr.o)
                0x0000000008072894                linkaddr_node_addr
 *fill*         0x000000000807289c        0x4 
 COMMON         0x00000000080728a0       0x20 contiki-native.a(link-stats.o)
                0x00000000080728a0                periodic_timer
                0x00000000080728c0                . = ALIGN ((. != 0x0)?0x4:0x1)
                0x00000000080728c0                . = ALIGN (0x4)
                0x00000000080728c0                . = SEGMENT_START ("ldata-segment", .)
                0x00000000080728c0                . = ALIGN (0x4)
                0x00000000080728c0                _end = .
                [!provide]                        PROVIDE (end, .)
                0x00000000080728c0                . = DATA_SEGMENT_END (.)

.stab
 *(.stab)

.stabstr
 *(.stabstr)

.stab.excl
 *(.stab.excl)

.stab.exclstr
 *(.stab.exclstr)

.stab.index
 *(.stab.index)

.stab.indexstr
 *(.stab.indexstr)

.comment        0x0000000000000000       0x34
 *(.comment)
 .comment       0x0000000000000000       0x34 /usr/lib/gcc/i686-linux-gnu/5/crtbegin.o
                                         0x35 (size before relaxing)
 .comment       0x0000000000000034       0x35 border-router.co
 .comment       0x0000000000000034       0x35 obj_native/border-router-cmds.o
 .comment       0x0000000000000034       0x35 obj_native/tun-bridge.o
 .comment       0x0000000000000034       0x35 obj_native/border-router-rdc.o
 .comment       0x0000000000000034       0x35 obj_native/slip-config.o
 .comment       0x0000000000000034       0x35 obj_native/slip-dev.o
 .comment       0x0000000000000034       0x35 obj_native/httpd-simple.o
 .comment       0x0000000000000034       0x35 contiki-native.a(cmd.o)
 .comment       0x0000000000000034       0x35 contiki-native.a(packetutils.o)
 .comment       0x0000000000000034       0x35 contiki-native.a(contiki-main.o)
 .comment       0x0000000000000034       0x35 contiki-native.a(button-sensor.o)
 .comment       0x0000000000000034       0x35 contiki-native.a(pir-sensor.o)
 .comment       0x0000000000000034       0x35 contiki-native.a(vib-sensor.o)
 .comment       0x0000000000000034       0x35 contiki-native.a(sensors.o)
 .comment       0x0000000000000034       0x35 contiki-native.a(ctimer.o)
 .comment       0x0000000000000034       0x35 contiki-native.a(autostart.o)
 .comment       0x0000000000000034       0x35 contiki-native.a(etimer.o)
 .comment       0x0000000000000034       0x35 contiki-native.a(process.o)
 .comment       0x0000000000000034       0x35 contiki-native.a(rtimer.o)
 .comment       0x0000000000000034       0x35 contiki-native.a(timer.o)
 .comment       0x0000000000000034       0x35 contiki-native.a(serial-line.o)
 .comment       0x0000000000000034       0x35 contiki-native.a(ringbuf.o)
 .comment       0x0000000000000034       0x35 contiki-native.a(list.o)
 .comment       0x0000000000000034       0x35 contiki-native.a(memb.o)
 .comment       0x0000000000000034       0x35 contiki-native.a(uip-ds6.o)
 .comment       0x0000000000000034       0x35 contiki-native.a(uip-ds6-route.o)
 .comment       0x0000000000000034       0x35 contiki-native.a(uip6.o)
 .comment       0x0000000000000034       0x35 contiki-native.a(uip-ds6-nbr.o)
 .comment       0x0000000000000034       0x35 contiki-native.a(uip-nd6.o)
 .comment       0x0000000000000034       0x35 contiki-native.a(sicslowpan.o)
 .comment       0x0000000000000034       0x35 contiki-native.a(uip-packetqueue)
 .comment       0x0000000000000034       0x35 contiki-native.a(uip-debug.o)
 .comment       0x0000000000000034       0x35 contiki-native.a(psock.o)
 .comment       0x0000000000000034       0x35 contiki-native.a(tcpip.o)
 .comment       0x0000000000000034       0x35 contiki-native.a(uiplib.o)
 .comment       0x0000000000000034       0x35 contiki-native.a(rpl-dag.o)
 .comment       0x0000000000000034       0x35 contiki-native.a(rpl-timers.o)
 .comment       0x0000000000000034       0x35 contiki-native.a(rpl-ext-header.)
 .comment       0x0000000000000034       0x35 contiki-native.a(rpl.o)
 .comment       0x0000000000000034       0x35 contiki-native.a(rpl-mrhof.o)
 .comment       0x0000000000000034       0x35 contiki-native.a(rpl-icmp6.o)
 .comment       0x0000000000000034       0x35 contiki-native.a(queuebuf.o)
 .comment       0x0000000000000034       0x35 contiki-native.a(nbr-table.o)
 .comment       0x0000000000000034       0x35 contiki-native.a(packetbuf.o)
 .comment       0x0000000000000034       0x35 contiki-native.a(netstack.o)
 .comment       0x0000000000000034       0x35 contiki-native.a(linkaddr.o)
 .comment       0x0000000000000034       0x35 contiki-native.a(link-stats.o)
 .comment       0x0000000000000034       0x35 contiki-native.a(nullmac.o)
 .comment       0x0000000000000034       0x35 contiki-native.a(mac.o)
 .comment       0x0000000000000034       0x35 contiki-native.a(noncoresec.o)
 .comment       0x0000000000000034       0x35 contiki-native.a(clock.o)
 .comment       0x0000000000000034       0x35 contiki-native.a(rtimer-arch.o)
 .comment       0x0000000000000034       0x35 contiki-native.a(watchdog.o)
 .comment       0x0000000000000034       0x35 contiki-native.a(stimer.o)
 .comment       0x0000000000000034       0x35 contiki-native.a(nullradio.o)
 .comment       0x0000000000000034       0x35 contiki-native.a(ccm-star.o)
 .comment       0x0000000000000034       0x35 contiki-native.a(aes-128.o)
 .comment       0x0000000000000034       0x35 contiki-native.a(random.o)
 .comment       0x0000000000000034       0x35 contiki-native.a(uip-icmp6.o)
 .comment       0x0000000000000034       0x35 contiki-native.a(rpl-nbr-policy.)
 .comment       0x0000000000000034       0x35 contiki-native.a(framer-802154.o)
 .comment       0x0000000000000034       0x35 contiki-native.a(anti-replay.o)
 .comment       0x0000000000000034       0x35 contiki-native.a(ccm-star-packet)
 .comment       0x0000000000000034       0x35 contiki-native.a(frame802154.o)
 .comment       0x0000000000000034       0x35 /usr/lib/gcc/i686-linux-gnu/5/crtend.o

.debug
 *(.debug)

.line
 *(.line)

.debug_srcinfo
 *(.debug_srcinfo)

.debug_sfnames
 *(.debug_sfnames)

.debug_aranges  0x0000000000000000      0x800
 *(.debug_aranges)
 .debug_aranges
                0x0000000000000000       0x20 border-router.co
 .debug_aranges
                0x0000000000000020       0x20 obj_native/border-router-cmds.o
 .debug_aranges
                0x0000000000000040       0x20 obj_native/tun-bridge.o
 .debug_aranges
                0x0000000000000060       0x20 obj_native/border-router-rdc.o
 .debug_aranges
                0x0000000000000080       0x20 obj_native/slip-config.o
 .debug_aranges
                0x00000000000000a0       0x20 obj_native/slip-dev.o
 .debug_aranges
                0x00000000000000c0       0x20 obj_native/httpd-simple.o
 .debug_aranges
                0x00000000000000e0       0x20 contiki-native.a(cmd.o)
 .debug_aranges
                0x0000000000000100       0x20 contiki-native.a(packetutils.o)
 .debug_aranges
                0x0000000000000120       0x20 contiki-native.a(contiki-main.o)
 .debug_aranges
                0x0000000000000140       0x20 contiki-native.a(button-sensor.o)
 .debug_aranges
                0x0000000000000160       0x20 contiki-native.a(pir-sensor.o)
 .debug_aranges
                0x0000000000000180       0x20 contiki-native.a(vib-sensor.o)
 .debug_aranges
                0x00000000000001a0       0x20 contiki-native.a(sensors.o)
 .debug_aranges
                0x00000000000001c0       0x20 contiki-native.a(ctimer.o)
 .debug_aranges
                0x00000000000001e0       0x20 contiki-native.a(autostart.o)
 .debug_aranges
                0x0000000000000200       0x20 contiki-native.a(etimer.o)
 .debug_aranges
                0x0000000000000220       0x20 contiki-native.a(process.o)
 .debug_aranges
                0x0000000000000240       0x20 contiki-native.a(rtimer.o)
 .debug_aranges
                0x0000000000000260       0x20 contiki-native.a(timer.o)
 .debug_aranges
                0x0000000000000280       0x20 contiki-native.a(serial-line.o)
 .debug_aranges
                0x00000000000002a0       0x20 contiki-native.a(ringbuf.o)
 .debug_aranges
                0x00000000000002c0       0x20 contiki-native.a(list.o)
 .debug_aranges
                0x00000000000002e0       0x20 contiki-native.a(memb.o)
 .debug_aranges
                0x0000000000000300       0x20 contiki-native.a(uip-ds6.o)
 .debug_aranges
                0x0000000000000320       0x20 contiki-native.a(uip-ds6-route.o)
 .debug_aranges
                0x0000000000000340       0x20 contiki-native.a(uip6.o)
 .debug_aranges
                0x0000000000000360       0x20 contiki-native.a(uip-ds6-nbr.o)
 .debug_aranges
                0x0000000000000380       0x20 contiki-native.a(uip-nd6.o)
 .debug_aranges
                0x00000000000003a0       0x20 contiki-native.a(sicslowpan.o)
 .debug_aranges
                0x00000000000003c0       0x20 contiki-native.a(uip-packetqueue)
 .debug_aranges
                0x00000000000003e0       0x20 contiki-native.a(uip-debug.o)
 .debug_aranges
                0x0000000000000400       0x20 contiki-native.a(psock.o)
 .debug_aranges
                0x0000000000000420       0x20 contiki-native.a(tcpip.o)
 .debug_aranges
                0x0000000000000440       0x20 contiki-native.a(uiplib.o)
 .debug_aranges
                0x0000000000000460       0x20 contiki-native.a(rpl-dag.o)
 .debug_aranges
                0x0000000000000480       0x20 contiki-native.a(rpl-timers.o)
 .debug_aranges
                0x00000000000004a0       0x20 contiki-native.a(rpl-ext-header.)
 .debug_aranges
                0x00000000000004c0       0x20 contiki-native.a(rpl.o)
 .debug_aranges
                0x00000000000004e0       0x20 contiki-native.a(rpl-mrhof.o)
 .debug_aranges
                0x0000000000000500       0x20 contiki-native.a(rpl-icmp6.o)
 .debug_aranges
                0x0000000000000520       0x20 contiki-native.a(queuebuf.o)
 .debug_aranges
                0x0000000000000540       0x20 contiki-native.a(nbr-table.o)
 .debug_aranges
                0x0000000000000560       0x20 contiki-native.a(packetbuf.o)
 .debug_aranges
                0x0000000000000580       0x20 contiki-native.a(netstack.o)
 .debug_aranges
                0x00000000000005a0       0x20 contiki-native.a(linkaddr.o)
 .debug_aranges
                0x00000000000005c0       0x20 contiki-native.a(link-stats.o)
 .debug_aranges
                0x00000000000005e0       0x20 contiki-native.a(nullmac.o)
 .debug_aranges
                0x0000000000000600       0x20 contiki-native.a(mac.o)
 .debug_aranges
                0x0000000000000620       0x20 contiki-native.a(noncoresec.o)
 .debug_aranges
                0x0000000000000640       0x20 contiki-native.a(clock.o)
 .debug_aranges
                0x0000000000000660       0x20 contiki-native.a(rtimer-arch.o)
 .debug_aranges
                0x0000000000000680       0x20 contiki-native.a(watchdog.o)
 .debug_aranges
                0x00000000000006a0       0x20 contiki-native.a(stimer.o)
 .debug_aranges
                0x00000000000006c0       0x20 contiki-native.a(nullradio.o)
 .debug_aranges
                0x00000000000006e0       0x20 contiki-native.a(ccm-star.o)
 .debug_aranges
                0x0000000000000700       0x20 contiki-native.a(aes-128.o)
 .debug_aranges
                0x0000000000000720       0x20 contiki-native.a(random.o)
 .debug_aranges
                0x0000000000000740       0x20 contiki-native.a(uip-icmp6.o)
 .debug_aranges
                0x0000000000000760       0x20 contiki-native.a(rpl-nbr-policy.)
 .debug_aranges
                0x0000000000000780       0x20 contiki-native.a(framer-802154.o)
 .debug_aranges
                0x00000000000007a0       0x20 contiki-native.a(anti-replay.o)
 .debug_aranges
                0x00000000000007c0       0x20 contiki-native.a(ccm-star-packet)
 .debug_aranges
                0x00000000000007e0       0x20 contiki-native.a(frame802154.o)

.debug_pubnames
 *(.debug_pubnames)

.debug_info     0x0000000000000000    0x19cf0
 *(.debug_info .gnu.linkonce.wi.*)
 .debug_info    0x0000000000000000     0x1367 border-router.co
 .debug_info    0x0000000000001367      0x2f1 obj_native/border-router-cmds.o
 .debug_info    0x0000000000001658      0xbcb obj_native/tun-bridge.o
 .debug_info    0x0000000000002223      0x631 obj_native/border-router-rdc.o
 .debug_info    0x0000000000002854      0x3f5 obj_native/slip-config.o
 .debug_info    0x0000000000002c49      0xd23 obj_native/slip-dev.o
 .debug_info    0x000000000000396c      0x74e obj_native/httpd-simple.o
 .debug_info    0x00000000000040ba      0x145 contiki-native.a(cmd.o)
 .debug_info    0x00000000000041ff      0x1f6 contiki-native.a(packetutils.o)
 .debug_info    0x00000000000043f5      0xb93 contiki-native.a(contiki-main.o)
 .debug_info    0x0000000000004f88      0x199 contiki-native.a(button-sensor.o)
 .debug_info    0x0000000000005121      0x1bb contiki-native.a(pir-sensor.o)
 .debug_info    0x00000000000052dc      0x1a8 contiki-native.a(vib-sensor.o)
 .debug_info    0x0000000000005484      0x36d contiki-native.a(sensors.o)
 .debug_info    0x00000000000057f1      0x473 contiki-native.a(ctimer.o)
 .debug_info    0x0000000000005c64      0x1ac contiki-native.a(autostart.o)
 .debug_info    0x0000000000005e10      0x49f contiki-native.a(etimer.o)
 .debug_info    0x00000000000062af      0x4ab contiki-native.a(process.o)
 .debug_info    0x000000000000675a      0x1b6 contiki-native.a(rtimer.o)
 .debug_info    0x0000000000006910      0x17a contiki-native.a(timer.o)
 .debug_info    0x0000000000006a8a      0x2da contiki-native.a(serial-line.o)
 .debug_info    0x0000000000006d64      0x1b8 contiki-native.a(ringbuf.o)
 .debug_info    0x0000000000006f1c      0x2ed contiki-native.a(list.o)
 .debug_info    0x0000000000007209      0x1d7 contiki-native.a(memb.o)
 .debug_info    0x00000000000073e0      0xa52 contiki-native.a(uip-ds6.o)
 .debug_info    0x0000000000007e32      0xd38 contiki-native.a(uip-ds6-route.o)
 .debug_info    0x0000000000008b6a      0xeb5 contiki-native.a(uip6.o)
 .debug_info    0x0000000000009a1f      0x7d9 contiki-native.a(uip-ds6-nbr.o)
 .debug_info    0x000000000000a1f8      0x338 contiki-native.a(uip-nd6.o)
 .debug_info    0x000000000000a530      0xf54 contiki-native.a(sicslowpan.o)
 .debug_info    0x000000000000b484      0x470 contiki-native.a(uip-packetqueue)
 .debug_info    0x000000000000b8f4      0x13b contiki-native.a(uip-debug.o)
 .debug_info    0x000000000000ba2f      0x6d5 contiki-native.a(psock.o)
 .debug_info    0x000000000000c104     0x145c contiki-native.a(tcpip.o)
 .debug_info    0x000000000000d560      0x231 contiki-native.a(uiplib.o)
 .debug_info    0x000000000000d791     0x1b12 contiki-native.a(rpl-dag.o)
 .debug_info    0x000000000000f2a3      0xccb contiki-native.a(rpl-timers.o)
 .debug_info    0x000000000000ff6e      0xec2 contiki-native.a(rpl-ext-header.)
 .debug_info    0x0000000000010e30      0xcf4 contiki-native.a(rpl.o)
 .debug_info    0x0000000000011b24      0xa44 contiki-native.a(rpl-mrhof.o)
 .debug_info    0x0000000000012568     0x160e contiki-native.a(rpl-icmp6.o)
 .debug_info    0x0000000000013b76      0x56c contiki-native.a(queuebuf.o)
 .debug_info    0x00000000000140e2      0x969 contiki-native.a(nbr-table.o)
 .debug_info    0x0000000000014a4b      0x55c contiki-native.a(packetbuf.o)
 .debug_info    0x0000000000014fa7      0x4c4 contiki-native.a(netstack.o)
 .debug_info    0x000000000001546b      0x165 contiki-native.a(linkaddr.o)
 .debug_info    0x00000000000155d0      0x620 contiki-native.a(link-stats.o)
 .debug_info    0x0000000000015bf0      0x338 contiki-native.a(nullmac.o)
 .debug_info    0x0000000000015f28      0x124 contiki-native.a(mac.o)
 .debug_info    0x000000000001604c      0x6b3 contiki-native.a(noncoresec.o)
 .debug_info    0x00000000000166ff      0x15c contiki-native.a(clock.o)
 .debug_info    0x000000000001685b      0x1ac contiki-native.a(rtimer-arch.o)
 .debug_info    0x0000000000016a07       0xcf contiki-native.a(watchdog.o)
 .debug_info    0x0000000000016ad6      0x187 contiki-native.a(stimer.o)
 .debug_info    0x0000000000016c5d      0x4a8 contiki-native.a(nullradio.o)
 .debug_info    0x0000000000017105      0x3cb contiki-native.a(ccm-star.o)
 .debug_info    0x00000000000174d0      0x286 contiki-native.a(aes-128.o)
 .debug_info    0x0000000000017756       0xb3 contiki-native.a(random.o)
 .debug_info    0x0000000000017809      0x768 contiki-native.a(uip-icmp6.o)